******************************************************************************
                  TI ARM Linker PC v18.12.4                    
******************************************************************************
>> Linked Mon Oct 19 09:15:45 2020

OUTPUT FILE NAME:   <demo2.out>
ENTRY POINT SYMBOL: "_c_int00_noargs"  address: 0000c17d


MEMORY CONFIGURATION

         name            origin    length      used     unused   attr    fill
----------------------  --------  ---------  --------  --------  ----  --------
  FLASH                 00000000   00040000  0000ea87  00031579  R  X
  SRAM                  20000000   00008000  00002369  00005c97  RW X


SEGMENT ALLOCATION MAP

run origin  load origin   length   init length attrs members
----------  ----------- ---------- ----------- ----- -------
00000000    00000000    0000ea90   0000ea90    r-x
  00000000    00000000    0000026c   0000026c    r-- .intvecs
  0000026c    0000026c    0000c580   0000c580    r-x .text
  0000c7f0    0000c7f0    0000202b   0000202b    r-- .const
  0000e820    0000e820    00000270   00000270    r-- .cinit
20000000    20000000    00002370   00000000    rw-
  20000000    20000000    0000026c   00000000    rw- .vtable
  2000026c    2000026c    000015e4   00000000    rw- .data
  20001850    20001850    00000519   00000000    rw- .bss
  20001d70    20001d70    00000400   00000000    rw- .sysmem
  20002170    20002170    00000200   00000000    rw- .stack


SECTION ALLOCATION MAP

 output                                  attributes/
section   page    origin      length       input sections
--------  ----  ----------  ----------   ----------------
.intvecs   0    00000000    0000026c     
                  00000000    0000026c     tm4c123gh6pm_startup_ccs.obj (.intvecs)

.text      0    0000026c    0000c580     
                  0000026c    000022fe     cJSON.obj (.text)
                  0000256a    00000002     rtsv7M4_T_le_v4SPD16_eabi.lib : stdlib_typeinfo.cpp.obj (.text:_ZNSt9type_infoD1Ev)
                  0000256c    00001a3c     CarController.obj (.text)
                  00003fa8    0000105c     MyOLED.obj (.text)
                  00005004    00000d28     PIDClass.obj (.text)
                  00005d2c    00000a4e     rtsv7M4_T_le_v4SPD16_eabi.lib : _printfi.c.obj (.text:__TI_printfi)
                  0000677a    00000002                                   : _lock.c.obj (.text:_nop)
                  0000677c    000009c8     main.obj (.text)
                  00007144    000009c0     rtsv7M4_T_le_v4SPD16_eabi.lib : e_pow.c.obj (.text:pow)
                  00007b04    000005cc     motor.obj (.text)
                  000080d0    00000540     MyBlueTooth.obj (.text)
                  00008610    000004fc     MyJ901.obj (.text)
                  00008b0c    00000498     encoder.obj (.text)
                  00008fa4    00000430     motor_timer.obj (.text)
                  000093d4    00000350     bluetooth.obj (.text)
                  00009724    000002bc     my_gpio.obj (.text)
                  000099e0    00000270     rtsv7M4_T_le_v4SPD16_eabi.lib : _printfi.c.obj (.text:_pconv_a)
                  00009c50    00000270     my_uart.obj (.text)
                  00009ec0    000001d0     rtsv7M4_T_le_v4SPD16_eabi.lib : _printfi.c.obj (.text:_pconv_g)
                  0000a090    000001b6                                   : fd_add_t2.asm.obj (.text)
                  0000a246    00000002                                   : div0.asm.obj (.text)
                  0000a248    000001b4     led_pwm.obj (.text)
                  0000a3fc    0000016c     driverlib.lib : gpio.obj (.text:GPIOPadConfigSet)
                  0000a568    00000158     rtsv7M4_T_le_v4SPD16_eabi.lib : e_sqrt.c.obj (.text:sqrt)
                  0000a6c0    0000013c                                   : _printfi.c.obj (.text:_pconv_e)
                  0000a7fc    00000136                                   : fd_div_t2.asm.obj (.text)
                  0000a932    00000002     --HOLE-- [fill = 0]
                  0000a934    00000124                                   : _printfi.c.obj (.text:fcvt)
                  0000aa58    00000118     driverlib.lib : sysctl.obj (.text:SysCtlClockGet)
                  0000ab70    00000118     rtsv7M4_T_le_v4SPD16_eabi.lib : memory.c.obj (.text:aligned_alloc)
                  0000ac88    00000110                                   : s_scalbn.c.obj (.text:scalbn)
                  0000ad98    000000fc                                   : fd_mul_t2.asm.obj (.text)
                  0000ae94    000000f8                                   : s_floor.c.obj (.text:floor)
                  0000af8c    000000f4     driverlib.lib : sysctl.obj (.text:SysCtlClockSet)
                  0000b080    000000e4     rtsv7M4_T_le_v4SPD16_eabi.lib : memory.c.obj (.text:free)
                  0000b164    000000d8     buzzer.obj (.text)
                  0000b23c    000000c4     driverlib.lib : eeprom.obj (.text:EEPROMProgram)
                  0000b300    000000b4     rtsv7M4_T_le_v4SPD16_eabi.lib : s_cosf.c.obj (.text:cosf)
                  0000b3b4    000000b1                                   : _printfi.c.obj (.text:_ltostr)
                  0000b465    00000001     --HOLE-- [fill = 0]
                  0000b466    0000009c                                   : memcpy_t2.asm.obj (.text)
                  0000b502    00000096                                   : ull_div_t2.asm.obj (.text)
                  0000b598    00000086                                   : fd_cmp_t2.asm.obj (.text:__aeabi_cdcmple)
                  0000b61e    00000086                                   : fd_cmp_t2.asm.obj (.text:__aeabi_cdrcmple)
                  0000b6a4    0000007a                                   : memset_t2.asm.obj (.text)
                  0000b71e    00000002     --HOLE-- [fill = 0]
                  0000b720    00000070                                   : memory.c.obj (.text:split)
                  0000b790    0000006e                                   : _printfi.c.obj (.text:_mcpy)
                  0000b7fe    0000006e                                   : fd_tos_t2.asm.obj (.text)
                  0000b86c    00000068     driverlib.lib : interrupt.obj (.text:IntDisable)
                  0000b8d4    00000068                   : interrupt.obj (.text:IntEnable)
                  0000b93c    00000068     rtsv7M4_T_le_v4SPD16_eabi.lib : copy_decompress_lzss.c.obj (.text:decompress:lzss:__TI_decompress_lzss)
                  0000b9a4    00000068     delay.obj (.text)
                  0000ba0c    00000064     rtsv7M4_T_le_v4SPD16_eabi.lib : s_frexp.c.obj (.text:frexp)
                  0000ba70    00000060     driverlib.lib : timer.obj (.text:TimerConfigure)
                  0000bad0    0000005e     rtsv7M4_T_le_v4SPD16_eabi.lib : i_divt2.asm.obj (.text)
                  0000bb2e    00000058     driverlib.lib : gpio.obj (.text:GPIOIntTypeSet)
                  0000bb86    00000056     rtsv7M4_T_le_v4SPD16_eabi.lib : _printfi.c.obj (.text:_pconv_f)
                  0000bbdc    00000054                                   : ltoa.c.obj (.text:ltoa)
                  0000bc30    00000052                                   : _printfi.c.obj (.text:_ecpy)
                  0000bc82    00000002     --HOLE-- [fill = 0]
                  0000bc84    0000004c     driverlib.lib : gpio.obj (.text:GPIOPinConfigure)
                  0000bcd0    0000004c                   : timer.obj (.text:_TimerIntNumberGet)
                  0000bd1c    0000004c     rtsv7M4_T_le_v4SPD16_eabi.lib : atoi.c.obj (.text:atoi)
                  0000bd68    00000048                                   : fd_toi_t2.asm.obj (.text)
                  0000bdb0    00000046     driverlib.lib : uart.obj (.text:UARTConfigSetExpClk)
                  0000bdf6    00000002     --HOLE-- [fill = 0]
                  0000bdf8    00000044                   : gpio.obj (.text:_GPIOIntNumberGet)
                  0000be3c    00000044     rtsv7M4_T_le_v4SPD16_eabi.lib : autoinit.c.obj (.text:__TI_auto_init_nobinit_nopinit:__TI_auto_init_nobinit_nopinit)
                  0000be80    00000044                                   : fd_tou_t2.asm.obj (.text)
                  0000bec4    00000040     driverlib.lib : uart.obj (.text:_UARTIntNumberGet)
                  0000bf04    00000040     rtsv7M4_T_le_v4SPD16_eabi.lib : u_divt2.asm.obj (.text)
                  0000bf44    00000040                                   : sprintf.c.obj (.text:sprintf)
                  0000bf84    0000003e                                   : _printfi.c.obj (.text:_fcpy)
                  0000bfc2    00000002     --HOLE-- [fill = 0]
                  0000bfc4    0000003c     driverlib.lib : eeprom.obj (.text:_EEPROMSectorMaskSet)
                  0000c000    00000038                   : eeprom.obj (.text:EEPROMRead)
                  0000c038    00000038                   : sysctl.obj (.text:SysCtlPeripheralPresent)
                  0000c070    00000038     my_eeprom.obj (.text)
                  0000c0a8    00000038     rtsv7M4_T_le_v4SPD16_eabi.lib : fs_tod_t2.asm.obj (.text)
                  0000c0e0    00000034     driverlib.lib : interrupt.obj (.text:IntRegister)
                  0000c114    00000034                   : sysctl.obj (.text:SysCtlPeripheralEnable)
                  0000c148    00000034                   : eeprom.obj (.text:_EEPROMSectorMaskClear)
                  0000c17c    00000034     rtsv7M4_T_le_v4SPD16_eabi.lib : boot_cortex_m.c.obj (.text:_c_int00_noargs:_c_int00_noargs)
                  0000c1b0    0000002e                                   : i_tofd_t2.asm.obj (.text)
                  0000c1de    0000002c     driverlib.lib : gpio.obj (.text:GPIODirModeSet)
                  0000c20a    0000002c     rtsv7M4_T_le_v4SPD16_eabi.lib : strncmp.c.obj (.text:strncmp)
                  0000c236    00000002     --HOLE-- [fill = 0]
                  0000c238    00000028                                   : memory.c.obj (.text:free_list_insert)
                  0000c260    00000024     driverlib.lib : interrupt.obj (.text:IntPrioritySet)
                  0000c284    00000022                   : pwm.obj (.text:PWMGenConfigure)
                  0000c2a6    00000002     --HOLE-- [fill = 0]
                  0000c2a8    00000020                   : uart.obj (.text:UARTDisable)
                  0000c2c8    00000020     rtsv7M4_T_le_v4SPD16_eabi.lib : u_tofd_t2.asm.obj (.text)
                  0000c2e8    0000001e     driverlib.lib : pwm.obj (.text:PWMPulseWidthSet)
                  0000c306    00000002     --HOLE-- [fill = 0]
                  0000c308    0000001c                   : systick.obj (.text:SysTickIntRegister)
                  0000c324    0000001c     rtsv7M4_T_le_v4SPD16_eabi.lib : memory.c.obj (.text:free_list_remove)
                  0000c340    0000001c                                   : memccpy.c.obj (.text:memccpy)
                  0000c35c    0000001a     driverlib.lib : gpio.obj (.text:GPIOPinTypeGPIOOutput)
                  0000c376    0000001a     rtsv7M4_T_le_v4SPD16_eabi.lib : s_copysign.c.obj (.text:copysign)
                  0000c390    00000018     driverlib.lib : gpio.obj (.text:GPIOIntRegister)
                  0000c3a8    00000018                   : timer.obj (.text:TimerIntRegister)
                  0000c3c0    00000018                   : uart.obj (.text:UARTIntRegister)
                  0000c3d8    00000018     rtsv7M4_T_le_v4SPD16_eabi.lib : sprintf.c.obj (.text:_outs)
                  0000c3f0    00000016     driverlib.lib : gpio.obj (.text:GPIOPinTypeGPIOInput)
                  0000c406    00000016                   : gpio.obj (.text:GPIOPinTypePWM)
                  0000c41c    00000016                   : gpio.obj (.text:GPIOPinTypeTimer)
                  0000c432    00000016                   : gpio.obj (.text:GPIOPinTypeUART)
                  0000c448    00000016                   : timer.obj (.text:TimerControlEvent)
                  0000c45e    00000016     rtsv7M4_T_le_v4SPD16_eabi.lib : strchr.c.obj (.text:strchr)
                  0000c474    00000014     driverlib.lib : sysctl.obj (.text:SysCtlPWMClockSet)
                  0000c488    00000014                   : systick.obj (.text:SysTickEnable)
                  0000c49c    00000014                   : systick.obj (.text:SysTickIntEnable)
                  0000c4b0    00000014                   : uart.obj (.text:UARTEnable)
                  0000c4c4    00000014     main.obj (.text:_ZN3pid13PIDMotorClassD0Ev)
                  0000c4d8    00000014     main.obj (.text:_ZN3pid13PIDPitchClassD0Ev)
                  0000c4ec    00000014     main.obj (.text:_ZN3pid16PIDDistanceClassD0Ev)
                  0000c500    00000014     main.obj (.text:_ZN3pid16PIDSeekLineClassD0Ev)
                  0000c514    00000014     main.obj (.text:_ZN3pid19PIDSeekLineIntClassD0Ev)
                  0000c528    00000014     main.obj (.text:_ZN3pid21PIDImageSeekLineClassD0Ev)
                  0000c53c    00000014     rtsv7M4_T_le_v4SPD16_eabi.lib : strcpy.c.obj (.text:strcpy)
                  0000c550    00000014                                   : strlen.c.obj (.text:strlen)
                  0000c564    00000012     driverlib.lib : pwm.obj (.text:PWMGenPeriodGet)
                  0000c576    00000012                   : pwm.obj (.text:PWMOutputState)
                  0000c588    00000012                   : timer.obj (.text:TimerLoadSet)
                  0000c59a    00000012                   : timer.obj (.text:TimerPrescaleSet)
                  0000c5ac    00000012     rtsv7M4_T_le_v4SPD16_eabi.lib : wcslen.c.obj (.text:wcslen)
                  0000c5be    00000002     --HOLE-- [fill = 0]
                  0000c5c0    00000010     driverlib.lib : fpu.obj (.text:FPUEnable)
                  0000c5d0    00000010                   : fpu.obj (.text:FPULazyStackingEnable)
                  0000c5e0    00000010                   : interrupt.obj (.text:IntMasterEnable)
                  0000c5f0    00000010                   : pwm.obj (.text:PWMGenPeriodSet)
                  0000c600    00000010                   : systick.obj (.text:SysTickPeriodSet)
                  0000c610    00000010     PIDClass.obj (.text:_Z3cosf)
                  0000c620    00000010     rtsv7M4_T_le_v4SPD16_eabi.lib : tolower.c.obj (.text:tolower)
                  0000c630    0000000e     driverlib.lib : gpio.obj (.text:GPIOIntStatus)
                  0000c63e    0000000e                   : timer.obj (.text:TimerEnable)
                  0000c64c    0000000e                   : uart.obj (.text:UARTCharGetNonBlocking)
                  0000c65a    0000000e                   : uart.obj (.text:UARTCharsAvail)
                  0000c668    0000000e     rtsv7M4_T_le_v4SPD16_eabi.lib : typeinfo.c.obj (.text:_ZN10__cxxabiv117__class_type_infoD0Ev)
                  0000c676    0000000e                                   : typeinfo.c.obj (.text:_ZN10__cxxabiv120__si_class_type_infoD0Ev)
                  0000c684    0000000e     main.obj (.text:_ZN3pid13PIDMotorClassD1Ev)
                  0000c692    0000000e     main.obj (.text:_ZN3pid13PIDPitchClassD1Ev)
                  0000c6a0    0000000e     main.obj (.text:_ZN3pid16PIDDistanceClassD1Ev)
                  0000c6ae    0000000e     main.obj (.text:_ZN3pid16PIDSeekLineClassD1Ev)
                  0000c6bc    0000000e     main.obj (.text:_ZN3pid19PIDSeekLineIntClassD1Ev)
                  0000c6ca    0000000e     main.obj (.text:_ZN3pid21PIDImageSeekLineClassD1Ev)
                  0000c6d8    0000000e     rtsv7M4_T_le_v4SPD16_eabi.lib : copy_decompress_none.c.obj (.text:decompress:none:__TI_decompress_none)
                  0000c6e6    0000000c     driverlib.lib : cpu.obj (.text:CPUcpsie)
                  0000c6f2    0000000c                   : gpio.obj (.text:GPIOIntEnable)
                  0000c6fe    0000000c                   : pwm.obj (.text:PWMGenDisable)
                  0000c70a    0000000c                   : pwm.obj (.text:PWMGenEnable)
                  0000c716    0000000c     rtsv7M4_T_le_v4SPD16_eabi.lib : copy_zero_init.c.obj (.text:decompress:ZI:__TI_zero_init)
                  0000c722    0000000c     tm4c123gh6pm_startup_ccs.obj (.text)
                  0000c72e    0000000a     driverlib.lib : timer.obj (.text:TimerIntStatus)
                  0000c738    0000000a                   : timer.obj (.text:TimerValueGet)
                  0000c742    0000000a                   : uart.obj (.text:UARTCharGet)
                  0000c74c    0000000a                   : uart.obj (.text:UARTCharPut)
                  0000c756    0000000a                   : uart.obj (.text:UARTFIFODisable)
                  0000c760    0000000a                   : uart.obj (.text:UARTFIFOEnable)
                  0000c76a    0000000a                   : uart.obj (.text:UARTIntStatus)
                  0000c774    0000000a     rtsv7M4_T_le_v4SPD16_eabi.lib : sprintf.c.obj (.text:_outc)
                  0000c77e    00000008     driverlib.lib : timer.obj (.text:TimerIntEnable)
                  0000c786    00000008                   : uart.obj (.text:UARTIntEnable)
                  0000c78e    00000008     rtsv7M4_T_le_v4SPD16_eabi.lib : new.cpp.obj (.text:_ZdlPv)
                  0000c796    00000002     --HOLE-- [fill = 0]
                  0000c798    00000008                                   : errno.c.obj (.text:__aeabi_errno_addr)
                  0000c7a0    00000008                                   : memory.c.obj (.text:malloc)
                  0000c7a8    00000006     driverlib.lib : gpio.obj (.text:GPIOIntClear)
                  0000c7ae    00000006                   : gpio.obj (.text:GPIOPinRead)
                  0000c7b4    00000006                   : gpio.obj (.text:GPIOPinWrite)
                  0000c7ba    00000006                   : sysctl.obj (.text:SysCtlDelay)
                  0000c7c0    00000006                   : uart.obj (.text:UARTFIFOLevelSet)
                  0000c7c6    00000006     rtsv7M4_T_le_v4SPD16_eabi.lib : pure_virt.c.obj (.text:__cxa_pure_virtual)
                  0000c7cc    00000004     driverlib.lib : timer.obj (.text:TimerIntClear)
                  0000c7d0    00000004                   : uart.obj (.text:UARTIntClear)
                  0000c7d4    00000004     rtsv7M4_T_le_v4SPD16_eabi.lib : typeinfo.c.obj (.text:_ZN10__cxxabiv117__class_type_infoD1Ev)
                  0000c7d8    00000004                                   : typeinfo.c.obj (.text:_ZN10__cxxabiv120__si_class_type_infoD1Ev)
                  0000c7dc    00000004                                   : new.cpp.obj (.text:_ZdlPvj)
                  0000c7e0    00000004                                   : error.c.obj (.text:__abort_execution)
                  0000c7e4    00000004                                   : pre_init.c.obj (.text:_system_pre_init)
                  0000c7e8    00000004                                   : exit.c.obj (.text:abort:abort)

.const     0    0000c7f0    0000202b     
                  0000c7f0    00000d5c     MyOledFont.obj (.const:asc2_2412)
                  0000d54c    000005f0     MyOledFont.obj (.const:asc2_1608)
                  0000db3c    00000474     MyOledFont.obj (.const:asc2_1206)
                  0000dfb0    00000101     rtsv7M4_T_le_v4SPD16_eabi.lib : ctype.c.obj (.const:.string:_ctypes_)
                  0000e0b1    00000002     MyBlueTooth.obj (.const:.string:$P$T0$1)
                  0000e0b3    00000001     --HOLE-- [fill = 0]
                  0000e0b4    000000d8     driverlib.lib : gpio.obj (.const:g_ppui32GPIOIntMapSnowflake)
                  0000e18c    000000c0                   : gpio.obj (.const:g_ppui32GPIOIntMapBlizzard)
                  0000e24c    0000009c                   : interrupt.obj (.const:g_pui32Regs)
                  0000e2e8    00000090                   : gpio.obj (.const:g_pui32GPIOBaseAddrs)
                  0000e378    0000006c                   : sysctl.obj (.const:g_pui32Xtals)
                  0000e3e4    00000060                   : timer.obj (.const:g_ppui32TimerIntMap)
                  0000e444    00000040                   : timer.obj (.const:g_ppui32TimerIntMapSnowflake)
                  0000e484    00000040                   : uart.obj (.const:g_ppui32UARTIntMap)
                  0000e4c4    00000040                   : uart.obj (.const:g_ppui32UARTIntMapSnowflake)
                  0000e504    00000004     main.obj (.const)
                  0000e508    00000030     rtsv7M4_T_le_v4SPD16_eabi.lib : e_pow.c.obj (.const:$O1$$)
                  0000e538    00000025                                   : typeinfo.c.obj (.const:.typeinfo:_ZTSN10__cxxabiv120__si_class_type_infoE)
                  0000e55d    00000022                                   : typeinfo.c.obj (.const:.typeinfo:_ZTSN10__cxxabiv117__class_type_infoE)
                  0000e57f    0000001e     PIDClass.obj (.const:.typeinfo:_ZTSN3pid21PIDImageSeekLineClassE)
                  0000e59d    0000001c     PIDClass.obj (.const:.typeinfo:_ZTSN3pid19PIDSeekLineIntClassE)
                  0000e5b9    00000019     PIDClass.obj (.const:.typeinfo:_ZTSN3pid16PIDDistanceClassE)
                  0000e5d2    00000019     PIDClass.obj (.const:.typeinfo:_ZTSN3pid16PIDSeekLineClassE)
                  0000e5eb    00000001     --HOLE-- [fill = 0]
                  0000e5ec    00000018     PIDClass.obj (.const:_ZTVN3pid13PIDMotorClassE)
                  0000e604    00000018     PIDClass.obj (.const:_ZTVN3pid13PIDPitchClassE)
                  0000e61c    00000018     PIDClass.obj (.const:_ZTVN3pid16PIDDistanceClassE)
                  0000e634    00000018     PIDClass.obj (.const:_ZTVN3pid16PIDSeekLineClassE)
                  0000e64c    00000018     PIDClass.obj (.const:_ZTVN3pid19PIDSeekLineIntClassE)
                  0000e664    00000018     PIDClass.obj (.const:_ZTVN3pid21PIDImageSeekLineClassE)
                  0000e67c    00000018     PIDClass.obj (.const:_ZTVN3pid8PIDClassE)
                  0000e694    00000016     PIDClass.obj (.const:.typeinfo:_ZTSN3pid13PIDMotorClassE)
                  0000e6aa    00000016     PIDClass.obj (.const:.typeinfo:_ZTSN3pid13PIDPitchClassE)
                  0000e6c0    00000014     driverlib.lib : interrupt.obj (.const:g_pui32Dii16Regs)
                  0000e6d4    00000014                   : interrupt.obj (.const:g_pui32EnRegs)
                  0000e6e8    00000012     main.obj (.const:.string)
                  0000e6fa    00000002     --HOLE-- [fill = 0]
                  0000e6fc    00000010     main.obj (.const:$P$T0$2)
                  0000e70c    00000010     my_gpio.obj (.const:$P$T0$2)
                  0000e71c    00000010     main.obj (.const:$P$T1$3)
                  0000e72c    00000010     main.obj (.const:$P$T2$4)
                  0000e73c    00000010     PIDClass.obj (.const:.typeinfo:_ZTSN3pid8PIDClassE)
                  0000e74c    00000010     rtsv7M4_T_le_v4SPD16_eabi.lib : typeinfo.c.obj (.const:_ZTVN10__cxxabiv117__class_type_infoE)
                  0000e75c    00000010                                   : typeinfo.c.obj (.const:_ZTVN10__cxxabiv120__si_class_type_infoE)
                  0000e76c    0000000d                                   : stdlib_typeinfo.cpp.obj (.const:.typeinfo:_ZTSSt9type_info)
                  0000e779    00000003     --HOLE-- [fill = 0]
                  0000e77c    0000000c                                   : typeinfo.c.obj (.const:.typeinfo:_ZTIN10__cxxabiv117__class_type_infoE)
                  0000e788    0000000c                                   : typeinfo.c.obj (.const:.typeinfo:_ZTIN10__cxxabiv120__si_class_type_infoE)
                  0000e794    0000000c     PIDClass.obj (.const:.typeinfo:_ZTIN3pid13PIDMotorClassE)
                  0000e7a0    0000000c     PIDClass.obj (.const:.typeinfo:_ZTIN3pid13PIDPitchClassE)
                  0000e7ac    0000000c     PIDClass.obj (.const:.typeinfo:_ZTIN3pid16PIDDistanceClassE)
                  0000e7b8    0000000c     PIDClass.obj (.const:.typeinfo:_ZTIN3pid16PIDSeekLineClassE)
                  0000e7c4    0000000c     PIDClass.obj (.const:.typeinfo:_ZTIN3pid19PIDSeekLineIntClassE)
                  0000e7d0    0000000c     PIDClass.obj (.const:.typeinfo:_ZTIN3pid21PIDImageSeekLineClassE)
                  0000e7dc    0000000c     main.obj (.const:g_ui32UARTBase)
                  0000e7e8    0000000c     main.obj (.const:g_ui32UARTPeriph)
                  0000e7f4    00000008     main.obj (.const:$P$T3$5)
                  0000e7fc    00000008     MyBlueTooth.obj (.const:.string:$P$T1$2)
                  0000e804    00000008     PIDClass.obj (.const:.typeinfo:_ZTIN3pid8PIDClassE)
                  0000e80c    00000008     rtsv7M4_T_le_v4SPD16_eabi.lib : stdlib_typeinfo.cpp.obj (.const:.typeinfo:_ZTISt9type_info)
                  0000e814    00000007     cJSON.obj (.const:.string:firstByteMark)

.cinit     0    0000e820    00000270     
                  0000e820    00000236     (.cinit..data.load) [load image, compression = lzss]
                  0000ea56    00000002     --HOLE-- [fill = 0]
                  0000ea58    0000000c     (__TI_handler_table)
                  0000ea64    00000004     --HOLE-- [fill = 0]
                  0000ea68    00000008     (.cinit..bss.load) [load image, compression = zero_init]
                  0000ea70    00000008     (.cinit..vtable.load) [load image, compression = zero_init]
                  0000ea78    00000018     (__TI_cinit_table)

.init_array 
*          0    00000000    00000000     UNINITIALIZED

.vtable    0    20000000    0000026c     UNINITIALIZED
                  20000000    0000026c     driverlib.lib : interrupt.obj (.vtable)

.data      0    2000026c    000015e4     UNINITIALIZED
                  2000026c    00001000     MyOledFont.obj (.data:Hzk4)
                  2000126c    00000200     MyOledFont.obj (.data:Hzk3)
                  2000146c    00000160     MyOledFont.obj (.data:Hzk1)
                  200015cc    000000d8     MyOledFont.obj (.data:Hzk2)
                  200016a4    00000088     CarController.obj (.data)
                  2000172c    00000018     motor.obj (.data)
                  20001744    00000018     motor_timer.obj (.data)
                  2000175c    00000010     encoder.obj (.data)
                  2000176c    0000000c     MyJ901.obj (.data)
                  20001778    0000000c     my_gpio.obj (.data)
                  20001784    0000000c     encoder.obj (.data:omega0_sign_before$1)
                  20001790    0000000c     encoder.obj (.data:omega1_sign_before$2)
                  2000179c    00000008     rtsv7M4_T_le_v4SPD16_eabi.lib : _lock.c.obj (.data:$O1$$)
                  200017a4    00000008                                   : memory.c.obj (.data:$O1$$)
                  200017ac    00000008     encoder.obj (.data:WT0CCP1Counter)
                  200017b4    00000008     encoder.obj (.data:WT3CCP1Counter)
                  200017bc    00000008     cJSON.obj (.data)
                  200017c4    00000008     motor.obj (.data:defaultSpeed)
                  200017cc    00000008     CarController.obj (.data:distance_actual)
                  200017d4    00000008     CarController.obj (.data:distance_set)
                  200017dc    00000008     motor.obj (.data:imageSeekLineSpeed)
                  200017e4    00000008     CarController.obj (.data:image_seek_line_actual)
                  200017ec    00000008     CarController.obj (.data:image_seek_line_actual_int)
                  200017f4    00000008     CarController.obj (.data:image_seek_line_set)
                  200017fc    00000008     my_uart.obj (.data)
                  20001804    00000008     motor.obj (.data:omega_actual)
                  2000180c    00000008     motor.obj (.data:omega_set)
                  20001814    00000008     encoder.obj (.data:omega_sign)
                  2000181c    00000008     motor.obj (.data:pitchSpeed)
                  20001824    00000008     motor.obj (.data:seekLineSpeed)
                  2000182c    00000008     motor_timer.obj (.data:ticks$1)
                  20001834    00000008     CarController.obj (.data:x$10)
                  2000183c    00000005     main.obj (.data)
                  20001841    00000002     motor.obj (.data:preservedDirection)
                  20001843    00000001     --HOLE--
                  20001844    00000004     MyBlueTooth.obj (.data)
                  20001848    00000004     bluetooth.obj (.data)
                  2000184c    00000004     rtsv7M4_T_le_v4SPD16_eabi.lib : errno.c.obj (.data)

.bss       0    20001850    00000519     UNINITIALIZED
                  20001850    00000480     (.common:OLED_GRAM)
                  20001cd0    00000028     (.common:uart3RxBuff)
                  20001cf8    00000018     (.common:J901_Output)
                  20001d10    00000014     (.common:uart0RxBuff)
                  20001d24    00000014     (.common:uart1RxBuff)
                  20001d38    00000014     (.common:uart2RxBuff)
                  20001d4c    00000008     MyJ901.obj (.bss:Data_Cal$5)
                  20001d54    00000008     (.common:omega_set_output)
                  20001d5c    00000004     cJSON.obj (.bss)
                  20001d60    00000004     (.common:BlueToothPIDData)
                  20001d64    00000004     (.common:intStatus)
                  20001d68    00000001     (.common:delayFlag)

.sysmem    0    20001d70    00000400     UNINITIALIZED
                  20001d70    00000010     rtsv7M4_T_le_v4SPD16_eabi.lib : memory.c.obj (.sysmem)
                  20001d80    000003f0     --HOLE--

.stack     0    20002170    00000200     UNINITIALIZED
                  20002170    00000004     rtsv7M4_T_le_v4SPD16_eabi.lib : boot_cortex_m.c.obj (.stack)
                  20002174    000001fc     --HOLE--

MODULE SUMMARY

       Module                         code    ro data   rw data
       ------                         ----    -------   -------
    .\
       main.obj                       2708    102       5      
       tm4c123gh6pm_startup_ccs.obj   12      620       0      
    +--+------------------------------+-------+---------+---------+
       Total:                         2720    722       5      
                                                               
    .\Apps\
       cJSON.obj                      8958    7         12     
       CarController.obj              6716    0         192    
       PIDClass.obj                   3384    416       0      
       motor.obj                      1484    0         74     
       MyBlueTooth.obj                1344    10        44     
       MyJ901.obj                     1276    0         44     
       encoder.obj                    1176    0         69     
       motor_timer.obj                1072    0         32     
       bluetooth.obj                  848     0         28     
       my_gpio.obj                    700     16        12     
       my_uart.obj                    624     0         48     
       led_pwm.obj                    436     0         0      
       buzzer.obj                     216     0         0      
       delay.obj                      104     0         0      
       my_eeprom.obj                  56      0         0      
    +--+------------------------------+-------+---------+---------+
       Total:                         28394   449       555    
                                                               
    .\OLED\
       MyOledFont.obj                 0       6080      5176   
       MyOLED.obj                     4188    0         1152   
    +--+------------------------------+-------+---------+---------+
       Total:                         4188    6080      6328   
                                                               
    D:/software/ccs930/TivaWare_C_Series-2.2.0.295/driverlib/ccs/Debug/driverlib.lib
       gpio.obj                       822     552       0      
       interrupt.obj                  312     196       620    
       sysctl.obj                     658     108       0      
       timer.obj                      300     160       0      
       uart.obj                       306     128       0      
       eeprom.obj                     364     0         0      
       pwm.obj                        140     0         0      
       systick.obj                    84      0         0      
       fpu.obj                        32      0         0      
       cpu.obj                        12      0         0      
    +--+------------------------------+-------+---------+---------+
       Total:                         3030    1144      620    
                                                               
    D:\software\ccs930\ccs\tools\compiler\ti-cgt-arm_18.12.4.LTS\lib\rtsv7M4_T_le_v4SPD16_eabi.lib
       _printfi.c.obj                 4851    0         0      
       e_pow.c.obj                    2496    48        0      
       memory.c.obj                   696     0         8      
       fd_add_t2.asm.obj              438     0         0      
       e_sqrt.c.obj                   344     0         0      
       fd_div_t2.asm.obj              310     0         0      
       s_scalbn.c.obj                 272     0         0      
       fd_cmp_t2.asm.obj              268     0         0      
       ctype.c.obj                    0       257       0      
       fd_mul_t2.asm.obj              252     0         0      
       s_floor.c.obj                  248     0         0      
       s_cosf.c.obj                   180     0         0      
       typeinfo.c.obj                 36      127       0      
       memcpy_t2.asm.obj              156     0         0      
       ull_div_t2.asm.obj             150     0         0      
       memset_t2.asm.obj              122     0         0      
       fd_tos_t2.asm.obj              110     0         0      
       copy_decompress_lzss.c.obj     104     0         0      
       s_frexp.c.obj                  100     0         0      
       sprintf.c.obj                  98      0         0      
       i_divt2.asm.obj                94      0         0      
       ltoa.c.obj                     84      0         0      
       atoi.c.obj                     76      0         0      
       fd_toi_t2.asm.obj              72      0         0      
       autoinit.c.obj                 68      0         0      
       fd_tou_t2.asm.obj              68      0         0      
       u_divt2.asm.obj                64      0         0      
       fs_tod_t2.asm.obj              56      0         0      
       boot_cortex_m.c.obj            52      0         0      
       i_tofd_t2.asm.obj              46      0         0      
       strncmp.c.obj                  44      0         0      
       u_tofd_t2.asm.obj              32      0         0      
       memccpy.c.obj                  28      0         0      
       s_copysign.c.obj               26      0         0      
       stdlib_typeinfo.cpp.obj        2       21        0      
       strchr.c.obj                   22      0         0      
       strcpy.c.obj                   20      0         0      
       strlen.c.obj                   20      0         0      
       wcslen.c.obj                   18      0         0      
       tolower.c.obj                  16      0         0      
       copy_decompress_none.c.obj     14      0         0      
       copy_zero_init.c.obj           12      0         0      
       errno.c.obj                    8       0         4      
       new.cpp.obj                    12      0         0      
       _lock.c.obj                    2       0         8      
       pure_virt.c.obj                6       0         0      
       error.c.obj                    4       0         0      
       exit.c.obj                     4       0         0      
       pre_init.c.obj                 4       0         0      
       div0.asm.obj                   2       0         0      
    +--+------------------------------+-------+---------+---------+
       Total:                         12207   453       20     
                                                               
       Heap:                          0       0         1024   
       Stack:                         0       0         512    
       Linker Generated:              0       618       0      
    +--+------------------------------+-------+---------+---------+
       Grand Total:                   50539   9466      9064   


LINKER GENERATED COPY TABLES

__TI_cinit_table @ 0000ea78 records: 3, size/record: 8, table size: 24
	.data: load addr=0000e820, load size=00000236 bytes, run addr=2000026c, run size=000015e4 bytes, compression=lzss
	.bss: load addr=0000ea68, load size=00000008 bytes, run addr=20001850, run size=00000519 bytes, compression=zero_init
	.vtable: load addr=0000ea70, load size=00000008 bytes, run addr=20000000, run size=0000026c bytes, compression=zero_init


LINKER GENERATED HANDLER TABLE

__TI_handler_table @ 0000ea58 records: 3, size/record: 4, table size: 12
	index: 0, handler: __TI_zero_init
	index: 1, handler: __TI_decompress_lzss
	index: 2, handler: __TI_decompress_none


GLOBAL SYMBOLS: SORTED ALPHABETICALLY BY Name 

address   name                                                     
-------   ----                                                     
000040cf  Balance_Display                                          
000093d5  BlueToothInit                                            
00009435  BlueToothIntHandler                                      
20001d60  BlueToothPIDData                                         
000095b9  BlueToothSendGraph                                       
00008253  BlueToothSend_float                                      
00008203  BlueTooth_Init                                           
00009583  BlueToothputs                                            
00008119  Bluetooth_Addr_Get                                       
00008125  Bluetooth_Addr_Set                                       
00008133  Bluetooth_Baud_Get                                       
0000813f  Bluetooth_Baud_Set                                       
000080e5  Bluetooth_Name_Get                                       
000080fd  Bluetooth_Name_Set                                       
000081f7  Bluetooth_Reset                                          
000080d1  Bluetooth_Test                                           
0000c7e9  C$$EXIT                                                  
0000c6e7  CPUcpsie                                                 
00002b35  CarAvoidObstacle                                         
000027a1  CarBlueToothQuery                                        
0000320d  CarBrake                                                 
000025b9  CarCommandQuery                                          
00002a85  CarGoBack                                                
000029d1  CarGoForward                                             
0000256d  CarInit                                                  
00003735  CarPitch                                                 
00003635  CarPitch_2                                               
00002c09  CarSeekLine                                              
00002e49  CarSeekLine_BigAngle                                     
00003099  CarSeekLine_ZeroAngle                                    
00003241  CarSetDistance                                           
00002879  CarStatusManage                                          
00003a4d  CarTask1                                                 
0000328d  CarTask2                                                 
00003451  CarTask2_2                                               
0000c071  EEPROMMyInit                                             
0000c093  EEPROMPIDRead                                            
0000c081  EEPROMPIDWrite                                           
0000b23d  EEPROMProgram                                            
0000c001  EEPROMRead                                               
0000c5c1  FPUEnable                                                
0000c5d1  FPULazyStackingEnable                                    
0000c1df  GPIODirModeSet                                           
0000c7a9  GPIOIntClear                                             
0000c6f3  GPIOIntEnable                                            
0000c391  GPIOIntRegister                                          
0000c631  GPIOIntStatus                                            
0000bb2f  GPIOIntTypeSet                                           
00009725  GPIOKey1Init                                             
00009767  GPIOLEDInit                                              
0000984b  GPIOPE3Init                                              
0000a3fd  GPIOPadConfigSet                                         
0000bc85  GPIOPinConfigure                                         
0000c7af  GPIOPinRead                                              
0000c3f1  GPIOPinTypeGPIOInput                                     
0000c35d  GPIOPinTypeGPIOOutput                                    
0000c407  GPIOPinTypePWM                                           
0000c41d  GPIOPinTypeTimer                                         
0000c433  GPIOPinTypeUART                                          
0000c7b5  GPIOPinWrite                                             
00008bd1  GetEncoderFreq                                           
0000988d  GetPE3HighTime                                           
2000146c  Hzk1                                                     
200015cc  Hzk2                                                     
2000126c  Hzk3                                                     
2000026c  Hzk4                                                     
00004ee5  I2C_Start                                                
00004f11  I2C_Stop                                                 
00004f33  I2C_WaitAck                                              
00003c55  InfraredAvoidanceInit                                    
00008fe1  InfraredInit                                             
00009059  InfraredIntHandler                                       
0000b86d  IntDisable                                               
0000b8d5  IntEnable                                                
000098d7  IntHandler_GPIOE                                         
00003d2d  IntHandler_GPIOE_SeekLine_Infrared                       
00009785  IntHandler_GPIOF                                         
0000c5e1  IntMasterEnable                                          
0000c261  IntPrioritySet                                           
0000c0e1  IntRegister                                              
00008623  J901_GetData                                             
00008611  J901_Init                                                
20001cf8  J901_Output                                              
00008897  J901_Uart2_Init                                          
000088e3  J901_Uart2_int_Init                                      
0000891d  J901_Uart2_int_exe                                       
0000a249  M1PWM567Init                                             
0000a38d  M1PWM567SetDuty                                          
00007d67  MotorBlueToothQuery                                      
00007e29  MotorBrake                                               
00007cbb  MotorCommandQuery                                        
00007b27  MotorDirectionSet                                        
00007b05  MotorGPIOInit                                            
00007e7d  MotorGoBack                                              
00007e63  MotorGoForward                                           
000091c1  MotorPWMInit                                             
00007e0d  MotorRun                                                 
00007b77  MotorSpeedSet                                            
00007f09  MotorStatusManage                                        
00007df9  MotorStop                                                
000042a5  OLED_Clear                                               
00004373  OLED_ClearPoint                                          
00004d09  OLED_ColorTurn                                           
0000420b  OLED_DisPlay_Off                                         
000041ef  OLED_DisPlay_On                                          
00004d39  OLED_DisplayTurn                                         
00004555  OLED_DrawCircle                                          
0000442f  OLED_DrawLine                                            
00004311  OLED_DrawPoint                                           
20001850  OLED_GRAM                                                
00004d75  OLED_Init                                                
0000484f  OLED_Pow                                                 
00004227  OLED_Refresh                                             
00004ed7  OLED_SCLK_Clr                                            
00004ec9  OLED_SCLK_Set                                            
00004eb7  OLED_SDIN_Clr                                            
00004ea9  OLED_SDIN_Set                                            
00004ad5  OLED_ScrollDisplay                                       
00004685  OLED_ShowChar                                            
00004939  OLED_ShowChinese                                         
0000487f  OLED_ShowNum                                             
00004c5d  OLED_ShowPicture                                         
000047dd  OLED_ShowString                                          
00004c21  OLED_WR_BP                                               
00004fb9  OLED_WR_Byte                                             
0000862d  Output_Cal                                               
200016a5  PIDDistanceRestartFlag                                   
200016a4  PIDDistanceSwitch                                        
200016c8  PIDIntegralRestartFlag                                   
2000173a  PIDMotorSwitch                                           
200016d4  PIDTask2EndFlag                                          
0000c285  PWMGenConfigure                                          
0000c6ff  PWMGenDisable                                            
0000c70b  PWMGenEnable                                             
0000c565  PWMGenPeriodGet                                          
0000c5f1  PWMGenPeriodSet                                          
0000c577  PWMOutputState                                           
0000c2e9  PWMPulseWidthSet                                         
0000c723  ResetISR                                                 
00003ca9  SeekLineInit                                             
00004f4b  Send_Byte                                                
00007c0f  ServoDirectionSet                                        
00007ecb  ServoGoStraight                                          
000092dd  ServoInit                                                
00007e9b  ServoTurnLeft                                            
00007eb3  ServoTurnRight                                           
0000aa59  SysCtlClockGet                                           
0000af8d  SysCtlClockSet                                           
0000c7bb  SysCtlDelay                                              
0000c475  SysCtlPWMClockSet                                        
0000c115  SysCtlPeripheralEnable                                   
0000c039  SysCtlPeripheralPresent                                  
0000c489  SysTickEnable                                            
00008fa5  SysTickInit                                              
0000c49d  SysTickIntEnable                                         
00008fd7  SysTickIntHandler                                        
0000c309  SysTickIntRegister                                       
0000c601  SysTickPeriodSet                                         
20001744  SysTickTime                                              
00008ca3  T1CCP01IntHandler                                        
000040e7  TBalance_Display                                         
00004177  TTASK_Display                                            
00003fc5  TimeUsed_Display                                         
00008e89  Timer1Capture01Init                                      
00008b93  Timer2AIntHandler                                        
0000ba71  TimerConfigure                                           
0000c449  TimerControlEvent                                        
0000c63f  TimerEnable                                              
0000c7cd  TimerIntClear                                            
0000c77f  TimerIntEnable                                           
0000c3a9  TimerIntRegister                                         
0000c72f  TimerIntStatus                                           
00008b0d  TimerInterruptInit                                       
0000c589  TimerLoadSet                                             
0000c59b  TimerPrescaleSet                                         
0000c739  TimerValueGet                                            
00009c51  UART0Init                                                
00009cbb  UART0IntHandler                                          
00009d4b  UART2Init                                                
00009db1  UART2IntHandler                                          
00009e45  UART2puts                                                
0000c743  UARTCharGet                                              
0000c64d  UARTCharGetNonBlocking                                   
0000c74d  UARTCharPut                                              
0000c65b  UARTCharsAvail                                           
0000bdb1  UARTConfigSetExpClk                                      
0000c2a9  UARTDisable                                              
0000c4b1  UARTEnable                                               
0000c757  UARTFIFODisable                                          
0000c761  UARTFIFOEnable                                           
0000c7c1  UARTFIFOLevelSet                                         
0000c7d1  UARTIntClear                                             
0000c787  UARTIntEnable                                            
0000c3c1  UARTIntRegister                                          
0000c76b  UARTIntStatus                                            
0000677d  UARTStdioConfig                                          
000068cd  UARTgetc                                                 
00006813  UARTgets                                                 
00006bef  UARTprintf                                               
000068f5  UARTvprintf                                              
000067c3  UARTwrite                                                
200017ac  WT0CCP1Counter                                           
20001764  WT3CCP0Completed                                         
20001760  WT3CCP0Duty                                              
2000175c  WT3CCP0Frequency                                         
200017b4  WT3CCP1Counter                                           
00008d93  WTimer0Capture1Init                                      
00008e05  WTimer3Capture1Init                                      
00008391  _Uart1_Init                                              
00008405  _Uart1_int_Init                                          
0000847d  _Uart1_int_exe                                           
000083c9  _Uart3_Init                                              
00008425  _Uart3_int_Init                                          
000084d5  _Uart3_int_exe                                           
0000c611  _Z3cosf                                                  
0000c669  _ZN10__cxxabiv117__class_type_infoD0Ev                   
0000c7d5  _ZN10__cxxabiv117__class_type_infoD1Ev                   
0000c7d5  _ZN10__cxxabiv117__class_type_infoD2Ev                   
0000c677  _ZN10__cxxabiv120__si_class_type_infoD0Ev                
0000c7d9  _ZN10__cxxabiv120__si_class_type_infoD1Ev                
0000c7d9  _ZN10__cxxabiv120__si_class_type_infoD2Ev                
000050e5  _ZN3pid13PIDMotorClass7ComputeEv                         
000050ab  _ZN3pid13PIDMotorClassC1EPfS1_fff                        
000050ab  _ZN3pid13PIDMotorClassC2EPfS1_fff                        
0000c4c5  _ZN3pid13PIDMotorClassD0Ev                               
0000c685  _ZN3pid13PIDMotorClassD1Ev                               
0000587d  _ZN3pid13PIDPitchClass7ComputeEv                         
0000583d  _ZN3pid13PIDPitchClassC1EPfS1_fff                        
0000583d  _ZN3pid13PIDPitchClassC2EPfS1_fff                        
0000c4d9  _ZN3pid13PIDPitchClassD0Ev                               
0000c693  _ZN3pid13PIDPitchClassD1Ev                               
00005255  _ZN3pid16PIDDistanceClass7ComputeEv                      
00005205  _ZN3pid16PIDDistanceClassC1EPfS1_ffff                    
00005205  _ZN3pid16PIDDistanceClassC2EPfS1_ffff                    
0000c4ed  _ZN3pid16PIDDistanceClassD0Ev                            
0000c6a1  _ZN3pid16PIDDistanceClassD1Ev                            
00005685  _ZN3pid16PIDSeekLineClass7ComputeEv                      
00005647  _ZN3pid16PIDSeekLineClassC1EPfS1_fff                     
00005647  _ZN3pid16PIDSeekLineClassC2EPfS1_fff                     
0000c501  _ZN3pid16PIDSeekLineClassD0Ev                            
0000c6af  _ZN3pid16PIDSeekLineClassD1Ev                            
0000547d  _ZN3pid19PIDSeekLineIntClass7ComputeEv                   
0000541d  _ZN3pid19PIDSeekLineIntClassC1EPfS1_fff                  
0000541d  _ZN3pid19PIDSeekLineIntClassC2EPfS1_fff                  
0000c515  _ZN3pid19PIDSeekLineIntClassD0Ev                         
0000c6bd  _ZN3pid19PIDSeekLineIntClassD1Ev                         
00005a33  _ZN3pid21PIDImageSeekLineClass17ContinuousComputeEv      
00005b3d  _ZN3pid21PIDImageSeekLineClass7ComputeEv                 
00005b0f  _ZN3pid21PIDImageSeekLineClass7SetKPIDEP15eeprom_pid_data
000059e7  _ZN3pid21PIDImageSeekLineClassC1EPfS1_S1_ffff            
000059e7  _ZN3pid21PIDImageSeekLineClassC2EPfS1_S1_ffff            
0000c529  _ZN3pid21PIDImageSeekLineClassD0Ev                       
0000c6cb  _ZN3pid21PIDImageSeekLineClassD1Ev                       
00005051  _ZN3pid8PIDClass5ResetEv                                 
00005067  _ZN3pid8PIDClass7SetKPIDEP15eeprom_pid_data              
00005005  _ZN3pid8PIDClassC1EPfS1_fff                              
00005005  _ZN3pid8PIDClassC2EPfS1_fff                              
00005097  _ZN3pid8PIDClassD0Ev                                     
0000508b  _ZN3pid8PIDClassD1Ev                                     
0000508b  _ZN3pid8PIDClassD2Ev                                     
0000256b  _ZNSt9type_infoD1Ev                                      
0000256b  _ZNSt9type_infoD2Ev                                      
0000c7e9  _ZSt17__throw_bad_allocv                                 
0000e77c  _ZTIN10__cxxabiv117__class_type_infoE                    
0000e788  _ZTIN10__cxxabiv120__si_class_type_infoE                 
0000e794  _ZTIN3pid13PIDMotorClassE                                
0000e7a0  _ZTIN3pid13PIDPitchClassE                                
0000e7ac  _ZTIN3pid16PIDDistanceClassE                             
0000e7b8  _ZTIN3pid16PIDSeekLineClassE                             
0000e7c4  _ZTIN3pid19PIDSeekLineIntClassE                          
0000e7d0  _ZTIN3pid21PIDImageSeekLineClassE                        
0000e804  _ZTIN3pid8PIDClassE                                      
0000e80c  _ZTISt9type_info                                         
0000e55d  _ZTSN10__cxxabiv117__class_type_infoE                    
0000e538  _ZTSN10__cxxabiv120__si_class_type_infoE                 
0000e694  _ZTSN3pid13PIDMotorClassE                                
0000e6aa  _ZTSN3pid13PIDPitchClassE                                
0000e5b9  _ZTSN3pid16PIDDistanceClassE                             
0000e5d2  _ZTSN3pid16PIDSeekLineClassE                             
0000e59d  _ZTSN3pid19PIDSeekLineIntClassE                          
0000e57f  _ZTSN3pid21PIDImageSeekLineClassE                        
0000e73c  _ZTSN3pid8PIDClassE                                      
0000e76c  _ZTSSt9type_info                                         
0000e74c  _ZTVN10__cxxabiv117__class_type_infoE                    
0000e75c  _ZTVN10__cxxabiv120__si_class_type_infoE                 
0000e5ec  _ZTVN3pid13PIDMotorClassE                                
0000e604  _ZTVN3pid13PIDPitchClassE                                
0000e61c  _ZTVN3pid16PIDDistanceClassE                             
0000e634  _ZTVN3pid16PIDSeekLineClassE                             
0000e64c  _ZTVN3pid19PIDSeekLineIntClassE                          
0000e664  _ZTVN3pid21PIDImageSeekLineClassE                        
0000e67c  _ZTVN3pid8PIDClassE                                      
0000c78f  _ZdlPv                                                   
0000c7dd  _ZdlPvj                                                  
20002370  __STACK_END                                              
00000200  __STACK_SIZE                                             
20002370  __STACK_TOP                                              
00000400  __SYSMEM_SIZE                                            
0000ea78  __TI_CINIT_Base                                          
0000ea90  __TI_CINIT_Limit                                         
0000ea58  __TI_Handler_Table_Base                                  
0000ea64  __TI_Handler_Table_Limit                                 
0000be3d  __TI_auto_init_nobinit_nopinit                           
0000b93d  __TI_decompress_lzss                                     
0000c6d9  __TI_decompress_none                                     
ffffffff  __TI_pprof_out_hndl                                      
00005d2d  __TI_printfi                                             
ffffffff  __TI_prof_data_size                                      
ffffffff  __TI_prof_data_start                                     
00000000  __TI_static_base__                                       
0000c717  __TI_zero_init                                           
0000c7e1  __abort_execution                                        
0000b599  __aeabi_cdcmpeq                                          
0000b599  __aeabi_cdcmple                                          
0000b61f  __aeabi_cdrcmple                                         
0000b7ff  __aeabi_d2f                                              
0000bd69  __aeabi_d2iz                                             
0000be81  __aeabi_d2uiz                                            
0000a09b  __aeabi_dadd                                             
0000a7fd  __aeabi_ddiv                                             
0000ad99  __aeabi_dmul                                             
0000a091  __aeabi_dsub                                             
0000c799  __aeabi_errno_addr                                       
0000c0a9  __aeabi_f2d                                              
0000c1b1  __aeabi_i2d                                              
0000bad1  __aeabi_idiv                                             
0000a247  __aeabi_idiv0                                            
0000bad1  __aeabi_idivmod                                          
0000a247  __aeabi_ldiv0                                            
0000b6a5  __aeabi_memclr                                           
0000b6a5  __aeabi_memclr4                                          
0000b6a5  __aeabi_memclr8                                          
0000b467  __aeabi_memcpy                                           
0000b467  __aeabi_memcpy4                                          
0000b467  __aeabi_memcpy8                                          
0000b6a7  __aeabi_memset                                           
0000b6a7  __aeabi_memset4                                          
0000b6a7  __aeabi_memset8                                          
0000c2c9  __aeabi_ui2d                                             
0000bf05  __aeabi_uidiv                                            
0000bf05  __aeabi_uidivmod                                         
0000b503  __aeabi_uldivmod                                         
ffffffff  __binit__                                                
ffffffff  __c_args__                                               
0000c7c7  __cxa_pure_virtual                                       
UNDEFED   __mpu_init                                               
20002170  __stack                                                  
0000c17d  _c_int00_noargs                                          
0000dfb0  _ctypes_                                                 
2000179c  _lock                                                    
0000677b  _nop                                                     
20001d70  _sys_memory                                              
UNDEFED   _system_post_cinit                                       
0000c7e5  _system_pre_init                                         
200017a0  _unlock                                                  
0000c7e9  abort                                                    
0000ab71  aligned_alloc                                            
0000db3c  asc2_1206                                                
0000d54c  asc2_1608                                                
0000c7f0  asc2_2412                                                
0000bd1d  atoi                                                     
ffffffff  binit                                                    
200016cc  board_angle                                              
0000b165  buzzerInit                                               
0000b213  buzzerTurnOff                                            
0000b1fd  buzzerTurnOn                                             
00001e97  cJSON_AddItemReferenceToArray                            
00001ead  cJSON_AddItemReferenceToObject                           
00001ded  cJSON_AddItemToArray                                     
00001e25  cJSON_AddItemToObject                                    
00001e57  cJSON_AddItemToObjectCS                                  
0000219d  cJSON_CreateArray                                        
00002125  cJSON_CreateBool                                         
00002291  cJSON_CreateDoubleArray                                  
0000210f  cJSON_CreateFalse                                        
0000222d  cJSON_CreateFloatArray                                   
000021c9  cJSON_CreateIntArray                                     
000020e3  cJSON_CreateNull                                         
00002145  cJSON_CreateNumber                                       
000021b3  cJSON_CreateObject                                       
0000217b  cJSON_CreateString                                       
000022f3  cJSON_CreateStringArray                                  
000020f9  cJSON_CreateTrue                                         
00000365  cJSON_Delete                                             
00001f37  cJSON_DeleteItemFromArray                                
00001f93  cJSON_DeleteItemFromObject                               
00001ec7  cJSON_DetachItemFromArray                                
00001f4b  cJSON_DetachItemFromObject                               
0000234f  cJSON_Duplicate                                          
00001d3d  cJSON_GetArrayItem                                       
00001d11  cJSON_GetArraySize                                       
0000026d  cJSON_GetErrorPtr                                        
00001d69  cJSON_GetObjectItem                                      
00000305  cJSON_InitHooks                                          
00001fa7  cJSON_InsertItemInArray                                  
00002439  cJSON_Minify                                             
00000ff1  cJSON_Parse                                              
00000f7d  cJSON_ParseWithOpts                                      
00001001  cJSON_Print                                              
00001031  cJSON_PrintBuffered                                      
00001013  cJSON_PrintUnformatted                                   
00002011  cJSON_ReplaceItemInArray                                 
00002091  cJSON_ReplaceItemInObject                                
200016fc  carStatus                                                
200016c0  car_stop_flag                                            
0000c377  copysign                                                 
0000c377  copysignl                                                
0000b301  cosf                                                     
200017c4  defaultSpeed                                             
00003fa9  delay                                                    
20001d68  delayFlag                                                
0000b9a5  delay_1ms                                                
0000b9e7  delay_1s                                                 
0000b9c7  delay_1us                                                
20001768  delay_s                                                  
200016f8  diffTime                                                 
200017cc  distance_actual                                          
200017d4  distance_set                                             
2000184c  errno                                                    
0000ae95  floor                                                    
0000ae95  floorl                                                   
2000177c  frameData                                                
0000b081  free                                                     
0000ba0d  frexp                                                    
0000ba0d  frexpl                                                   
20000000  g_pfnRAMVectors                                          
00000000  g_pfnVectors                                             
200017dc  imageSeekLineSpeed                                       
200017e4  image_seek_line_actual                                   
200017ec  image_seek_line_actual_int                               
200016bc  image_seek_line_output                                   
200017f4  image_seek_line_set                                      
20001d64  intStatus                                                
0000ac89  ldexp                                                    
0000ac89  ldexpl                                                   
20001778  leaderCodeFlag                                           
0000bbdd  ltoa                                                     
00006c25  main                                                     
0000c7a1  malloc                                                   
0000ab71  memalign                                                 
0000c341  memccpy                                                  
0000b467  memcpy                                                   
0000b6ad  memset                                                   
200016d0  motorSpeedGain                                           
20001738  motorStatus                                              
000033cd  multipleImageSeekLine                                    
20001734  nowServoValue                                            
2000172c  nowSpeed                                                 
200016f4  nowTime                                                  
20001804  omega_actual                                             
2000180c  omega_set                                                
20001d54  omega_set_output                                         
20001814  omega_sign                                               
2000176c  pitchOffset                                              
2000181c  pitchSpeed                                               
200016dc  pitch_output                                             
200016d8  pitch_set                                                
200016e0  pitch_step                                               
00007145  pow                                                      
00007145  powl                                                     
20001841  preservedDirection                                       
20001739  preservedStatus                                          
0000ac89  scalbn                                                   
0000ac89  scalbnl                                                  
20001824  seekLineSpeed                                            
200016ac  seek_line_actual                                         
200016b0  seek_line_actual_int                                     
200016b8  seek_line_end                                            
200016b4  seek_line_output                                         
200016a8  seek_line_set                                            
20001730  servoOffset                                              
0000bf45  sprintf                                                  
0000a569  sqrt                                                     
0000a569  sqrtl                                                    
200016ec  startTime                                                
200016f0  startTime_2                                              
0000c45f  strchr                                                   
0000c53d  strcpy                                                   
0000c551  strlen                                                   
0000c20b  strncmp                                                  
200016e4  task1_step                                               
200016c1  task2_end_flag                                           
200016c4  task2_set_time                                           
200016e8  task2_step                                               
0000c621  tolower                                                  
20001d10  uart0RxBuff                                              
20001d24  uart1RxBuff                                              
20001848  uart1RxLength                                            
20001d38  uart2RxBuff                                              
200017fc  uart2RxLength                                            
20001cd0  uart3RxBuff                                              
20001844  uart3RxLength                                            
0000c5ad  wcslen                                                   


GLOBAL SYMBOLS: SORTED BY Symbol Address 

address   name                                                     
-------   ----                                                     
00000000  __TI_static_base__                                       
00000000  g_pfnVectors                                             
00000200  __STACK_SIZE                                             
0000026d  cJSON_GetErrorPtr                                        
00000305  cJSON_InitHooks                                          
00000365  cJSON_Delete                                             
00000400  __SYSMEM_SIZE                                            
00000f7d  cJSON_ParseWithOpts                                      
00000ff1  cJSON_Parse                                              
00001001  cJSON_Print                                              
00001013  cJSON_PrintUnformatted                                   
00001031  cJSON_PrintBuffered                                      
00001d11  cJSON_GetArraySize                                       
00001d3d  cJSON_GetArrayItem                                       
00001d69  cJSON_GetObjectItem                                      
00001ded  cJSON_AddItemToArray                                     
00001e25  cJSON_AddItemToObject                                    
00001e57  cJSON_AddItemToObjectCS                                  
00001e97  cJSON_AddItemReferenceToArray                            
00001ead  cJSON_AddItemReferenceToObject                           
00001ec7  cJSON_DetachItemFromArray                                
00001f37  cJSON_DeleteItemFromArray                                
00001f4b  cJSON_DetachItemFromObject                               
00001f93  cJSON_DeleteItemFromObject                               
00001fa7  cJSON_InsertItemInArray                                  
00002011  cJSON_ReplaceItemInArray                                 
00002091  cJSON_ReplaceItemInObject                                
000020e3  cJSON_CreateNull                                         
000020f9  cJSON_CreateTrue                                         
0000210f  cJSON_CreateFalse                                        
00002125  cJSON_CreateBool                                         
00002145  cJSON_CreateNumber                                       
0000217b  cJSON_CreateString                                       
0000219d  cJSON_CreateArray                                        
000021b3  cJSON_CreateObject                                       
000021c9  cJSON_CreateIntArray                                     
0000222d  cJSON_CreateFloatArray                                   
00002291  cJSON_CreateDoubleArray                                  
000022f3  cJSON_CreateStringArray                                  
0000234f  cJSON_Duplicate                                          
00002439  cJSON_Minify                                             
0000256b  _ZNSt9type_infoD1Ev                                      
0000256b  _ZNSt9type_infoD2Ev                                      
0000256d  CarInit                                                  
000025b9  CarCommandQuery                                          
000027a1  CarBlueToothQuery                                        
00002879  CarStatusManage                                          
000029d1  CarGoForward                                             
00002a85  CarGoBack                                                
00002b35  CarAvoidObstacle                                         
00002c09  CarSeekLine                                              
00002e49  CarSeekLine_BigAngle                                     
00003099  CarSeekLine_ZeroAngle                                    
0000320d  CarBrake                                                 
00003241  CarSetDistance                                           
0000328d  CarTask2                                                 
000033cd  multipleImageSeekLine                                    
00003451  CarTask2_2                                               
00003635  CarPitch_2                                               
00003735  CarPitch                                                 
00003a4d  CarTask1                                                 
00003c55  InfraredAvoidanceInit                                    
00003ca9  SeekLineInit                                             
00003d2d  IntHandler_GPIOE_SeekLine_Infrared                       
00003fa9  delay                                                    
00003fc5  TimeUsed_Display                                         
000040cf  Balance_Display                                          
000040e7  TBalance_Display                                         
00004177  TTASK_Display                                            
000041ef  OLED_DisPlay_On                                          
0000420b  OLED_DisPlay_Off                                         
00004227  OLED_Refresh                                             
000042a5  OLED_Clear                                               
00004311  OLED_DrawPoint                                           
00004373  OLED_ClearPoint                                          
0000442f  OLED_DrawLine                                            
00004555  OLED_DrawCircle                                          
00004685  OLED_ShowChar                                            
000047dd  OLED_ShowString                                          
0000484f  OLED_Pow                                                 
0000487f  OLED_ShowNum                                             
00004939  OLED_ShowChinese                                         
00004ad5  OLED_ScrollDisplay                                       
00004c21  OLED_WR_BP                                               
00004c5d  OLED_ShowPicture                                         
00004d09  OLED_ColorTurn                                           
00004d39  OLED_DisplayTurn                                         
00004d75  OLED_Init                                                
00004ea9  OLED_SDIN_Set                                            
00004eb7  OLED_SDIN_Clr                                            
00004ec9  OLED_SCLK_Set                                            
00004ed7  OLED_SCLK_Clr                                            
00004ee5  I2C_Start                                                
00004f11  I2C_Stop                                                 
00004f33  I2C_WaitAck                                              
00004f4b  Send_Byte                                                
00004fb9  OLED_WR_Byte                                             
00005005  _ZN3pid8PIDClassC1EPfS1_fff                              
00005005  _ZN3pid8PIDClassC2EPfS1_fff                              
00005051  _ZN3pid8PIDClass5ResetEv                                 
00005067  _ZN3pid8PIDClass7SetKPIDEP15eeprom_pid_data              
0000508b  _ZN3pid8PIDClassD1Ev                                     
0000508b  _ZN3pid8PIDClassD2Ev                                     
00005097  _ZN3pid8PIDClassD0Ev                                     
000050ab  _ZN3pid13PIDMotorClassC1EPfS1_fff                        
000050ab  _ZN3pid13PIDMotorClassC2EPfS1_fff                        
000050e5  _ZN3pid13PIDMotorClass7ComputeEv                         
00005205  _ZN3pid16PIDDistanceClassC1EPfS1_ffff                    
00005205  _ZN3pid16PIDDistanceClassC2EPfS1_ffff                    
00005255  _ZN3pid16PIDDistanceClass7ComputeEv                      
0000541d  _ZN3pid19PIDSeekLineIntClassC1EPfS1_fff                  
0000541d  _ZN3pid19PIDSeekLineIntClassC2EPfS1_fff                  
0000547d  _ZN3pid19PIDSeekLineIntClass7ComputeEv                   
00005647  _ZN3pid16PIDSeekLineClassC1EPfS1_fff                     
00005647  _ZN3pid16PIDSeekLineClassC2EPfS1_fff                     
00005685  _ZN3pid16PIDSeekLineClass7ComputeEv                      
0000583d  _ZN3pid13PIDPitchClassC1EPfS1_fff                        
0000583d  _ZN3pid13PIDPitchClassC2EPfS1_fff                        
0000587d  _ZN3pid13PIDPitchClass7ComputeEv                         
000059e7  _ZN3pid21PIDImageSeekLineClassC1EPfS1_S1_ffff            
000059e7  _ZN3pid21PIDImageSeekLineClassC2EPfS1_S1_ffff            
00005a33  _ZN3pid21PIDImageSeekLineClass17ContinuousComputeEv      
00005b0f  _ZN3pid21PIDImageSeekLineClass7SetKPIDEP15eeprom_pid_data
00005b3d  _ZN3pid21PIDImageSeekLineClass7ComputeEv                 
00005d2d  __TI_printfi                                             
0000677b  _nop                                                     
0000677d  UARTStdioConfig                                          
000067c3  UARTwrite                                                
[...]
0000a091  __aeabi_dsub                                             
0000a09b  __aeabi_dadd                                             
0000a247  __aeabi_idiv0                                            
0000a247  __aeabi_ldiv0                                            
0000a249  M1PWM567Init                                             
0000a38d  M1PWM567SetDuty                                          
0000a3fd  GPIOPadConfigSet                                         
0000a569  sqrt                                                     
0000a569  sqrtl                                                    
0000a7fd  __aeabi_ddiv                                             
0000aa59  SysCtlClockGet                                           
0000ab71  aligned_alloc                                            
0000ab71  memalign                                                 
0000ac89  ldexp                                                    
0000ac89  ldexpl                                                   
0000ac89  scalbn                                                   
0000ac89  scalbnl                                                  
0000ad99  __aeabi_dmul                                             
0000ae95  floor                                                    
0000ae95  floorl                                                   
0000af8d  SysCtlClockSet                                           
0000b081  free                                                     
0000b165  buzzerInit                                               
0000b1fd  buzzerTurnOn                                             
0000b213  buzzerTurnOff                                            
0000b23d  EEPROMProgram                                            
0000b301  cosf                                                     
0000b467  __aeabi_memcpy                                           
0000b467  __aeabi_memcpy4                                          
0000b467  __aeabi_memcpy8                                          
0000b467  memcpy                                                   
0000b503  __aeabi_uldivmod                                         
0000b599  __aeabi_cdcmpeq                                          
0000b599  __aeabi_cdcmple                                          
0000b61f  __aeabi_cdrcmple                                         
0000b6a5  __aeabi_memclr                                           
0000b6a5  __aeabi_memclr4                                          
0000b6a5  __aeabi_memclr8                                          
0000b6a7  __aeabi_memset                                           
0000b6a7  __aeabi_memset4                                          
0000b6a7  __aeabi_memset8                                          
0000b6ad  memset                                                   
0000b7ff  __aeabi_d2f                                              
0000b86d  IntDisable                                               
0000b8d5  IntEnable                                                
0000b93d  __TI_decompress_lzss                                     
0000b9a5  delay_1ms                                                
0000b9c7  delay_1us                                                
0000b9e7  delay_1s                                                 
0000ba0d  frexp                                                    
0000ba0d  frexpl                                                   
0000ba71  TimerConfigure                                           
0000bad1  __aeabi_idiv                                             
0000bad1  __aeabi_idivmod                                          
0000bb2f  GPIOIntTypeSet                                           
0000bbdd  ltoa                                                     
0000bc85  GPIOPinConfigure                                         
0000bd1d  atoi                                                     
0000bd69  __aeabi_d2iz                                             
0000bdb1  UARTConfigSetExpClk                                      
0000be3d  __TI_auto_init_nobinit_nopinit                           
0000be81  __aeabi_d2uiz                                            
0000bf05  __aeabi_uidiv                                            
0000bf05  __aeabi_uidivmod                                         
0000bf45  sprintf                                                  
0000c001  EEPROMRead                                               
0000c039  SysCtlPeripheralPresent                                  
0000c071  EEPROMMyInit                                             
0000c081  EEPROMPIDWrite                                           
0000c093  EEPROMPIDRead                                            
0000c0a9  __aeabi_f2d                                              
0000c0e1  IntRegister                                              
0000c115  SysCtlPeripheralEnable                                   
0000c17d  _c_int00_noargs                                          
0000c1b1  __aeabi_i2d                                              
0000c1df  GPIODirModeSet                                           
0000c20b  strncmp                                                  
0000c261  IntPrioritySet                                           
0000c285  PWMGenConfigure                                          
0000c2a9  UARTDisable                                              
0000c2c9  __aeabi_ui2d                                             
0000c2e9  PWMPulseWidthSet                                         
0000c309  SysTickIntRegister                                       
0000c341  memccpy                                                  
0000c35d  GPIOPinTypeGPIOOutput                                    
0000c377  copysign                                                 
0000c377  copysignl                                                
0000c391  GPIOIntRegister                                          
0000c3a9  TimerIntRegister                                         
0000c3c1  UARTIntRegister                                          
0000c3f1  GPIOPinTypeGPIOInput                                     
0000c407  GPIOPinTypePWM                                           
0000c41d  GPIOPinTypeTimer                                         
0000c433  GPIOPinTypeUART                                          
0000c449  TimerControlEvent                                        
0000c45f  strchr                                                   
0000c475  SysCtlPWMClockSet                                        
0000c489  SysTickEnable                                            
0000c49d  SysTickIntEnable                                         
0000c4b1  UARTEnable                                               
0000c4c5  _ZN3pid13PIDMotorClassD0Ev                               
0000c4d9  _ZN3pid13PIDPitchClassD0Ev                               
0000c4ed  _ZN3pid16PIDDistanceClassD0Ev                            
0000c501  _ZN3pid16PIDSeekLineClassD0Ev                            
0000c515  _ZN3pid19PIDSeekLineIntClassD0Ev                         
0000c529  _ZN3pid21PIDImageSeekLineClassD0Ev                       
0000c53d  strcpy                                                   
0000c551  strlen                                                   
0000c565  PWMGenPeriodGet                                          
0000c577  PWMOutputState                                           
0000c589  TimerLoadSet                                             
0000c59b  TimerPrescaleSet                                         
0000c5ad  wcslen                                                   
0000c5c1  FPUEnable                                                
0000c5d1  FPULazyStackingEnable                                    
0000c5e1  IntMasterEnable                                          
0000c5f1  PWMGenPeriodSet                                          
0000c601  SysTickPeriodSet                                         
0000c611  _Z3cosf                                                  
0000c621  tolower                                                  
0000c631  GPIOIntStatus                                            
0000c63f  TimerEnable                                              
0000c64d  UARTCharGetNonBlocking                                   
0000c65b  UARTCharsAvail                                           
0000c669  _ZN10__cxxabiv117__class_type_infoD0Ev                   
0000c677  _ZN10__cxxabiv120__si_class_type_infoD0Ev                
0000c685  _ZN3pid13PIDMotorClassD1Ev                               
0000c693  _ZN3pid13PIDPitchClassD1Ev                               
0000c6a1  _ZN3pid16PIDDistanceClassD1Ev                            
0000c6af  _ZN3pid16PIDSeekLineClassD1Ev                            
0000c6bd  _ZN3pid19PIDSeekLineIntClassD1Ev                         
0000c6cb  _ZN3pid21PIDImageSeekLineClassD1Ev                       
0000c6d9  __TI_decompress_none                                     
0000c6e7  CPUcpsie                                                 
0000c6f3  GPIOIntEnable                                            
0000c6ff  PWMGenDisable                                            
0000c70b  PWMGenEnable                                             
0000c717  __TI_zero_init                                           
0000c723  ResetISR                                                 
0000c72f  TimerIntStatus                                           
0000c739  TimerValueGet                                            
0000c743  UARTCharGet                                              
0000c74d  UARTCharPut                                              
0000c757  UARTFIFODisable                                          
0000c761  UARTFIFOEnable                                           
0000c76b  UARTIntStatus                                            
0000c77f  TimerIntEnable                                           
0000c787  UARTIntEnable                                            
0000c78f  _ZdlPv                                                   
0000c799  __aeabi_errno_addr                                       
0000c7a1  malloc                                                   
0000c7a9  GPIOIntClear                                             
0000c7af  GPIOPinRead                                              
0000c7b5  GPIOPinWrite                                             
0000c7bb  SysCtlDelay                                              
0000c7c1  UARTFIFOLevelSet                                         
0000c7c7  __cxa_pure_virtual                                       
0000c7cd  TimerIntClear                                            
0000c7d1  UARTIntClear                                             
0000c7d5  _ZN10__cxxabiv117__class_type_infoD1Ev                   
0000c7d5  _ZN10__cxxabiv117__class_type_infoD2Ev                   
0000c7d9  _ZN10__cxxabiv120__si_class_type_infoD1Ev                
0000c7d9  _ZN10__cxxabiv120__si_class_type_infoD2Ev                
0000c7dd  _ZdlPvj                                                  
0000c7e1  __abort_execution                                        
0000c7e5  _system_pre_init                                         
0000c7e9  C$$EXIT                                                  
0000c7e9  _ZSt17__throw_bad_allocv                                 
0000c7e9  abort                                                    
0000c7f0  asc2_2412                                                
0000d54c  asc2_1608                                                
0000db3c  asc2_1206                                                
0000dfb0  _ctypes_                                                 
0000e538  _ZTSN10__cxxabiv120__si_class_type_infoE                 
0000e55d  _ZTSN10__cxxabiv117__class_type_infoE                    
0000e57f  _ZTSN3pid21PIDImageSeekLineClassE                        
0000e59d  _ZTSN3pid19PIDSeekLineIntClassE                          
0000e5b9  _ZTSN3pid16PIDDistanceClassE                             
0000e5d2  _ZTSN3pid16PIDSeekLineClassE                             
0000e5ec  _ZTVN3pid13PIDMotorClassE                                
0000e604  _ZTVN3pid13PIDPitchClassE                                
0000e61c  _ZTVN3pid16PIDDistanceClassE                             
0000e634  _ZTVN3pid16PIDSeekLineClassE                             
0000e64c  _ZTVN3pid19PIDSeekLineIntClassE                          
0000e664  _ZTVN3pid21PIDImageSeekLineClassE                        
0000e67c  _ZTVN3pid8PIDClassE                                      
0000e694  _ZTSN3pid13PIDMotorClassE                                
0000e6aa  _ZTSN3pid13PIDPitchClassE                                
0000e73c  _ZTSN3pid8PIDClassE                                      
0000e74c  _ZTVN10__cxxabiv117__class_type_infoE                    
0000e75c  _ZTVN10__cxxabiv120__si_class_type_infoE                 
0000e76c  _ZTSSt9type_info                                         
0000e77c  _ZTIN10__cxxabiv117__class_type_infoE                    
0000e788  _ZTIN10__cxxabiv120__si_class_type_infoE                 
0000e794  _ZTIN3pid13PIDMotorClassE                                
0000e7a0  _ZTIN3pid13PIDPitchClassE                                
0000e7ac  _ZTIN3pid16PIDDistanceClassE                             
0000e7b8  _ZTIN3pid16PIDSeekLineClassE                             
0000e7c4  _ZTIN3pid19PIDSeekLineIntClassE                          
0000e7d0  _ZTIN3pid21PIDImageSeekLineClassE                        
0000e804  _ZTIN3pid8PIDClassE                                      
0000e80c  _ZTISt9type_info                                         
0000ea58  __TI_Handler_Table_Base                                  
0000ea64  __TI_Handler_Table_Limit                                 
0000ea78  __TI_CINIT_Base                                          
0000ea90  __TI_CINIT_Limit                                         
20000000  g_pfnRAMVectors                                          
2000026c  Hzk4                                                     
2000126c  Hzk3                                                     
2000146c  Hzk1                                                     
200015cc  Hzk2                                                     
200016a4  PIDDistanceSwitch                                        
200016a5  PIDDistanceRestartFlag                                   
200016a8  seek_line_set                                            
200016ac  seek_line_actual                                         
200016b0  seek_line_actual_int                                     
200016b4  seek_line_output                                         
200016b8  seek_line_end                                            
200016bc  image_seek_line_output                                   
200016c0  car_stop_flag                                            
200016c1  task2_end_flag                                           
200016c4  task2_set_time                                           
200016c8  PIDIntegralRestartFlag                                   
200016cc  board_angle                                              
200016d0  motorSpeedGain                                           
200016d4  PIDTask2EndFlag                                          
200016d8  pitch_set                                                
200016dc  pitch_output                                             
200016e0  pitch_step                                               
200016e4  task1_step                                               
200016e8  task2_step                                               
200016ec  startTime                                                
200016f0  startTime_2                                              
200016f4  nowTime                                                  
200016f8  diffTime                                                 
200016fc  carStatus                                                
2000172c  nowSpeed                                                 
20001730  servoOffset                                              
20001734  nowServoValue                                            
20001738  motorStatus                                              
20001739  preservedStatus                                          
2000173a  PIDMotorSwitch                                           
20001744  SysTickTime                                              
2000175c  WT3CCP0Frequency                                         
20001760  WT3CCP0Duty                                              
20001764  WT3CCP0Completed                                         
20001768  delay_s                                                  
2000176c  pitchOffset                                              
20001778  leaderCodeFlag                                           
2000177c  frameData                                                
2000179c  _lock                                                    
200017a0  _unlock                                                  
200017ac  WT0CCP1Counter                                           
200017b4  WT3CCP1Counter                                           
200017c4  defaultSpeed                                             
200017cc  distance_actual                                          
200017d4  distance_set                                             
200017dc  imageSeekLineSpeed                                       
200017e4  image_seek_line_actual                                   
200017ec  image_seek_line_actual_int                               
200017f4  image_seek_line_set                                      
200017fc  uart2RxLength                                            
20001804  omega_actual                                             
2000180c  omega_set                                                
20001814  omega_sign                                               
2000181c  pitchSpeed                                               
20001824  seekLineSpeed                                            
20001841  preservedDirection                                       
20001844  uart3RxLength                                            
20001848  uart1RxLength                                            
2000184c  errno                                                    
20001850  OLED_GRAM                                                
20001cd0  uart3RxBuff                                              
20001cf8  J901_Output                                              
20001d10  uart0RxBuff                                              
20001d24  uart1RxBuff                                              
20001d38  uart2RxBuff                                              
20001d54  omega_set_output                                         
20001d60  BlueToothPIDData                                         
20001d64  intStatus                                                
20001d68  delayFlag                                                
20001d70  _sys_memory                                              
20002170  __stack                                                  
20002370  __STACK_END                                              
20002370  __STACK_TOP                                              
ffffffff  __TI_pprof_out_hndl                                      
ffffffff  __TI_prof_data_size                                      
ffffffff  __TI_prof_data_start                                     
ffffffff  __binit__                                                
ffffffff  __c_args__                                               
ffffffff  binit                                                    
UNDEFED   __mpu_init                                               
UNDEFED   _system_post_cinit                                       

[493 symbols]
