******************************************************************************
                  TI ARM Linker PC v18.12.4                    
******************************************************************************
>> Linked Tue Aug 18 09:11:08 2020

OUTPUT FILE NAME:   <demo1.out>
ENTRY POINT SYMBOL: "_c_int00_noargs"  address: 00002359


MEMORY CONFIGURATION

         name            origin    length      used     unused   attr    fill
----------------------  --------  ---------  --------  --------  ----  --------
  FLASH                 00000000   00040000  00002c31  0003d3cf  R  X
  SRAM                  20000000   00008000  000005a3  00007a5d  RW X


SEGMENT ALLOCATION MAP

run origin  load origin   length   init length attrs members
----------  ----------- ---------- ----------- ----- -------
00000000    00000000    00002c38   00002c38    r-x
  00000000    00000000    0000026c   0000026c    r-- .intvecs
  0000026c    0000026c    000024be   000024be    r-x .text
  0000272c    0000272c    000004a7   000004a7    r-- .const
  00002bd8    00002bd8    00000060   00000060    r-- .cinit
20000000    20000000    000005a8   00000000    rw-
  20000000    20000000    0000026c   00000000    rw- .vtable
  20000270    20000270    00000200   00000000    rw- .stack
  20000470    20000470    000000d0   00000000    rw- .bss
  20000540    20000540    00000057   00000000    rw- .data
  20000598    20000598    00000010   00000000    rw- .sysmem


SECTION ALLOCATION MAP

 output                                  attributes/
section   page    origin      length       input sections
--------  ----  ----------  ----------   ----------------
.intvecs   0    00000000    0000026c     
                  00000000    0000026c     tm4c123gh6pm_startup_ccs.obj (.intvecs)

.text      0    0000026c    000024be     
                  0000026c    00000630     motor_timer.obj (.text)
                  0000089c    000005ac     main.obj (.text)
                  00000e48    0000038c     motor.obj (.text)
                  000011d4    000002bc     my_gpio.obj (.text)
                  00001490    00000278     my_uart.obj (.text)
                  00001708    000001b4     led_pwm.obj (.text)
                  000018bc    0000016c     driverlib.lib : gpio.obj (.text:GPIOPadConfigSet)
                  00001a28    00000136     rtsv7M4_T_le_v4SPD16_eabi.lib : fd_div_t2.asm.obj (.text)
                  00001b5e    00000002                                   : div0.asm.obj (.text)
                  00001b60    00000118     driverlib.lib : sysctl.obj (.text:SysCtlClockGet)
                  00001c78    000000fc     rtsv7M4_T_le_v4SPD16_eabi.lib : fd_mul_t2.asm.obj (.text)
                  00001d74    000000f4     driverlib.lib : sysctl.obj (.text:SysCtlClockSet)
                  00001e68    0000009c     rtsv7M4_T_le_v4SPD16_eabi.lib : memcpy_t2.asm.obj (.text)
                  00001f04    00000068     driverlib.lib : interrupt.obj (.text:IntEnable)
                  00001f6c    00000068     rtsv7M4_T_le_v4SPD16_eabi.lib : copy_decompress_lzss.c.obj (.text:decompress:lzss:__TI_decompress_lzss)
                  00001fd4    00000060     driverlib.lib : timer.obj (.text:TimerConfigure)
                  00002034    00000058                   : gpio.obj (.text:GPIOIntTypeSet)
                  0000208c    0000004c                   : gpio.obj (.text:GPIOPinConfigure)
                  000020d8    0000004c                   : timer.obj (.text:_TimerIntNumberGet)
                  00002124    00000046                   : uart.obj (.text:UARTConfigSetExpClk)
                  0000216a    00000002     --HOLE-- [fill = 0]
                  0000216c    00000044                   : gpio.obj (.text:_GPIOIntNumberGet)
                  000021b0    00000044     rtsv7M4_T_le_v4SPD16_eabi.lib : autoinit.c.obj (.text:__TI_auto_init_nobinit_nopinit:__TI_auto_init_nobinit_nopinit)
                  000021f4    00000044                                   : fd_tou_t2.asm.obj (.text)
                  00002238    00000040     driverlib.lib : uart.obj (.text:_UARTIntNumberGet)
                  00002278    00000040     rtsv7M4_T_le_v4SPD16_eabi.lib : u_divt2.asm.obj (.text)
                  000022b8    00000038     driverlib.lib : sysctl.obj (.text:SysCtlPeripheralPresent)
                  000022f0    00000034                   : interrupt.obj (.text:IntRegister)
                  00002324    00000034                   : sysctl.obj (.text:SysCtlPeripheralEnable)
                  00002358    00000034     rtsv7M4_T_le_v4SPD16_eabi.lib : boot_cortex_m.c.obj (.text:_c_int00_noargs:_c_int00_noargs)
                  0000238c    0000002c     driverlib.lib : gpio.obj (.text:GPIODirModeSet)
                  000023b8    00000024                   : interrupt.obj (.text:IntPrioritySet)
                  000023dc    00000022                   : pwm.obj (.text:PWMGenConfigure)
                  000023fe    00000002     --HOLE-- [fill = 0]
                  00002400    00000020                   : uart.obj (.text:UARTDisable)
                  00002420    00000020     rtsv7M4_T_le_v4SPD16_eabi.lib : u_tofd_t2.asm.obj (.text)
                  00002440    0000001e     driverlib.lib : pwm.obj (.text:PWMPulseWidthSet)
                  0000245e    0000001c     rtsv7M4_T_le_v4SPD16_eabi.lib : copy_zero_init.c.obj (.text:decompress:ZI:__TI_zero_init_nomemset:__TI_zero_init_nomemset)
                  0000247a    0000001a     driverlib.lib : gpio.obj (.text:GPIOPinTypeGPIOOutput)
                  00002494    00000018                   : gpio.obj (.text:GPIOIntRegister)
                  000024ac    00000018                   : timer.obj (.text:TimerDisable)
                  000024c4    00000018                   : timer.obj (.text:TimerIntRegister)
                  000024dc    00000018                   : uart.obj (.text:UARTIntRegister)
                  000024f4    00000016                   : gpio.obj (.text:GPIOPinTypeGPIOInput)
                  0000250a    00000016                   : gpio.obj (.text:GPIOPinTypePWM)
                  00002520    00000016                   : gpio.obj (.text:GPIOPinTypeTimer)
                  00002536    00000016                   : gpio.obj (.text:GPIOPinTypeUART)
                  0000254c    00000016                   : timer.obj (.text:TimerControlEvent)
                  00002562    00000002     --HOLE-- [fill = 0]
                  00002564    00000014                   : sysctl.obj (.text:SysCtlPWMClockSet)
                  00002578    00000014                   : systick.obj (.text:SysTickEnable)
                  0000258c    00000014                   : uart.obj (.text:UARTEnable)
                  000025a0    00000014                   : uart.obj (.text:UARTEnableSIR)
                  000025b4    00000012                   : pwm.obj (.text:PWMGenPeriodGet)
                  000025c6    00000012                   : pwm.obj (.text:PWMOutputState)
                  000025d8    00000012                   : timer.obj (.text:TimerLoadSet)
                  000025ea    00000012                   : timer.obj (.text:TimerPrescaleSet)
                  000025fc    00000010                   : interrupt.obj (.text:IntMasterEnable)
                  0000260c    00000010                   : pwm.obj (.text:PWMGenPeriodSet)
                  0000261c    00000010                   : systick.obj (.text:SysTickPeriodSet)
                  0000262c    0000000e                   : gpio.obj (.text:GPIOIntStatus)
                  0000263a    0000000e                   : timer.obj (.text:TimerEnable)
                  00002648    0000000e                   : uart.obj (.text:UARTCharGetNonBlocking)
                  00002656    0000000e                   : uart.obj (.text:UARTCharsAvail)
                  00002664    0000000e     rtsv7M4_T_le_v4SPD16_eabi.lib : copy_decompress_none.c.obj (.text:decompress:none:__TI_decompress_none)
                  00002672    0000000c     driverlib.lib : cpu.obj (.text:CPUcpsie)
                  0000267e    0000000c                   : gpio.obj (.text:GPIOIntEnable)
                  0000268a    0000000c                   : pwm.obj (.text:PWMGenEnable)
                  00002696    00000002     --HOLE-- [fill = 0]
                  00002698    0000000c                   : systick.obj (.text:SysTickValueGet)
                  000026a4    0000000c     tm4c123gh6pm_startup_ccs.obj (.text)
                  000026b0    0000000a     driverlib.lib : timer.obj (.text:TimerIntStatus)
                  000026ba    0000000a                   : timer.obj (.text:TimerValueGet)
                  000026c4    0000000a                   : uart.obj (.text:UARTCharGet)
                  000026ce    0000000a                   : uart.obj (.text:UARTCharPut)
                  000026d8    0000000a                   : uart.obj (.text:UARTFIFOEnable)
                  000026e2    0000000a                   : uart.obj (.text:UARTIntStatus)
                  000026ec    00000008                   : timer.obj (.text:TimerIntEnable)
                  000026f4    00000008                   : uart.obj (.text:UARTIntEnable)
                  000026fc    00000006                   : gpio.obj (.text:GPIOIntClear)
                  00002702    00000006                   : gpio.obj (.text:GPIOPinRead)
                  00002708    00000006                   : gpio.obj (.text:GPIOPinWrite)
                  0000270e    00000006                   : sysctl.obj (.text:SysCtlDelay)
                  00002714    00000006                   : uart.obj (.text:UARTFIFOLevelSet)
                  0000271a    00000004                   : timer.obj (.text:TimerIntClear)
                  0000271e    00000004                   : uart.obj (.text:UARTIntClear)
                  00002722    00000004     rtsv7M4_T_le_v4SPD16_eabi.lib : pre_init.c.obj (.text:_system_pre_init)
                  00002726    00000004                                   : exit.c.obj (.text:abort:abort)

.const     0    0000272c    000004a7     
                  0000272c    000000d8     driverlib.lib : gpio.obj (.const:g_ppui32GPIOIntMapSnowflake)
                  00002804    000000c0                   : gpio.obj (.const:g_ppui32GPIOIntMapBlizzard)
                  000028c4    0000009c                   : interrupt.obj (.const:g_pui32Regs)
                  00002960    00000090                   : gpio.obj (.const:g_pui32GPIOBaseAddrs)
                  000029f0    0000006c                   : sysctl.obj (.const:g_pui32Xtals)
                  00002a5c    00000060                   : timer.obj (.const:g_ppui32TimerIntMap)
                  00002abc    00000040                   : timer.obj (.const:g_ppui32TimerIntMapSnowflake)
                  00002afc    00000040                   : uart.obj (.const:g_ppui32UARTIntMap)
                  00002b3c    00000040                   : uart.obj (.const:g_ppui32UARTIntMapSnowflake)
                  00002b7c    00000014                   : interrupt.obj (.const:g_pui32EnRegs)
                  00002b90    00000012     main.obj (.const:.string)
                  00002ba2    00000002     --HOLE-- [fill = 0]
                  00002ba4    00000010     my_gpio.obj (.const:$P$T0$2)
                  00002bb4    0000000c     main.obj (.const:g_ui32UARTBase)
                  00002bc0    0000000c     main.obj (.const:g_ui32UARTPeriph)
                  00002bcc    00000004     main.obj (.const)
                  00002bd0    00000003     main.obj (.const:.string:$P$T0$2)

.cinit     0    00002bd8    00000060     
                  00002bd8    00000025     (.cinit..data.load) [load image, compression = lzss]
                  00002bfd    00000003     --HOLE-- [fill = 0]
                  00002c00    0000000c     (__TI_handler_table)
                  00002c0c    00000004     --HOLE-- [fill = 0]
                  00002c10    00000008     (.cinit..bss.load) [load image, compression = zero_init]
                  00002c18    00000008     (.cinit..vtable.load) [load image, compression = zero_init]
                  00002c20    00000018     (__TI_cinit_table)

.init_array 
*          0    00000000    00000000     UNINITIALIZED

.vtable    0    20000000    0000026c     UNINITIALIZED
                  20000000    0000026c     driverlib.lib : interrupt.obj (.vtable)

.stack     0    20000270    00000200     UNINITIALIZED
                  20000270    00000004     rtsv7M4_T_le_v4SPD16_eabi.lib : boot_cortex_m.c.obj (.stack)
                  20000274    000001fc     --HOLE--

.bss       0    20000470    000000d0     UNINITIALIZED
                  20000470    00000064     (.common:uart0RxBuff)
                  200004d4    00000064     (.common:uart1RxBuff)
                  20000538    00000004     (.common:WT5CCP0Frequency)
                  2000053c    00000004     (.common:intStatus)

.data      0    20000540    00000057     UNINITIALIZED
                  20000540    0000001c     motor_timer.obj (.data)
                  2000055c    00000010     motor.obj (.data:nowSpeed)
                  2000056c    0000000c     my_gpio.obj (.data)
                  20000578    00000008     my_uart.obj (.data)
                  20000580    00000008     motor_timer.obj (.data:ticks$1)
                  20000588    00000008     motor_timer.obj (.data:ticks$7)
                  20000590    00000005     main.obj (.data)
                  20000595    00000002     motor.obj (.data:nowDirection)

.sysmem    0    20000598    00000010     UNINITIALIZED
                  20000598    00000010     rtsv7M4_T_le_v4SPD16_eabi.lib : memory.c.obj (.sysmem)

MODULE SUMMARY

       Module                         code   ro data   rw data
       ------                         ----   -------   -------
    .\
       main.obj                       1452   49        5      
       tm4c123gh6pm_startup_ccs.obj   12     620       0      
    +--+------------------------------+------+---------+---------+
       Total:                         1464   669       5      
                                                              
    .\Apps\
       motor_timer.obj                1584   0         52     
       motor.obj                      908    0         18     
       my_uart.obj                    632    0         208    
       my_gpio.obj                    700    16        12     
       led_pwm.obj                    436    0         0      
    +--+------------------------------+------+---------+---------+
       Total:                         4260   16        290    
                                                              
    D:/software/ccs930/TivaWare_C_Series-2.2.0.295/driverlib/ccs/Debug/driverlib.lib
       gpio.obj                       822    552       0      
       interrupt.obj                  208    176       620    
       sysctl.obj                     658    108       0      
       timer.obj                      324    160       0      
       uart.obj                       316    128       0      
       pwm.obj                        128    0         0      
       systick.obj                    48     0         0      
       cpu.obj                        12     0         0      
    +--+------------------------------+------+---------+---------+
       Total:                         2516   1124      620    
                                                              
    D:\software\ccs930\ccs\tools\compiler\ti-cgt-arm_18.12.4.LTS\lib\rtsv7M4_T_le_v4SPD16_eabi.lib
       fd_div_t2.asm.obj              310    0         0      
       fd_mul_t2.asm.obj              252    0         0      
       memcpy_t2.asm.obj              156    0         0      
       copy_decompress_lzss.c.obj     104    0         0      
       autoinit.c.obj                 68     0         0      
       fd_tou_t2.asm.obj              68     0         0      
       u_divt2.asm.obj                64     0         0      
       boot_cortex_m.c.obj            52     0         0      
       u_tofd_t2.asm.obj              32     0         0      
       copy_zero_init.c.obj           28     0         0      
       copy_decompress_none.c.obj     14     0         0      
       exit.c.obj                     4      0         0      
       pre_init.c.obj                 4      0         0      
       div0.asm.obj                   2      0         0      
    +--+------------------------------+------+---------+---------+
       Total:                         1158   0         0      
                                                              
       Heap:                          0      0         16     
       Stack:                         0      0         512    
       Linker Generated:              0      89        0      
    +--+------------------------------+------+---------+---------+
       Grand Total:                   9398   1898      1443   


LINKER GENERATED COPY TABLES

__TI_cinit_table @ 00002c20 records: 3, size/record: 8, table size: 24
	.data: load addr=00002bd8, load size=00000025 bytes, run addr=20000540, run size=00000057 bytes, compression=lzss
	.bss: load addr=00002c10, load size=00000008 bytes, run addr=20000470, run size=000000d0 bytes, compression=zero_init
	.vtable: load addr=00002c18, load size=00000008 bytes, run addr=20000000, run size=0000026c bytes, compression=zero_init


LINKER GENERATED HANDLER TABLE

__TI_handler_table @ 00002c00 records: 3, size/record: 4, table size: 12
	index: 0, handler: __TI_zero_init
	index: 1, handler: __TI_decompress_lzss
	index: 2, handler: __TI_decompress_none


GLOBAL SYMBOLS: SORTED ALPHABETICALLY BY Name 

address   name                          
-------   ----                          
00002727  C$$EXIT                       
00002673  CPUcpsie                      
0000238d  GPIODirModeSet                
000026fd  GPIOIntClear                  
0000267f  GPIOIntEnable                 
00002495  GPIOIntRegister               
0000262d  GPIOIntStatus                 
00002035  GPIOIntTypeSet                
000011d5  GPIOKey1Init                  
00001217  GPIOLEDInit                   
000012fb  GPIOPE3Init                   
000018bd  GPIOPadConfigSet              
0000208d  GPIOPinConfigure              
00002703  GPIOPinRead                   
000024f5  GPIOPinTypeGPIOInput          
0000247b  GPIOPinTypeGPIOOutput         
0000250b  GPIOPinTypePWM                
00002521  GPIOPinTypeTimer              
00002537  GPIOPinTypeUART               
00002709  GPIOPinWrite                  
0000133d  GetPE3HighTime                
0000026d  InfraredInit                  
000002e3  InfraredIntHandler            
00001f05  IntEnable                     
00001387  IntHandler_GPIOE              
00001235  IntHandler_GPIOF              
000025fd  IntMasterEnable               
000023b9  IntPrioritySet                
000022f1  IntRegister                   
00001709  M1PWM567Init                  
0000184d  M1PWM567SetDuty               
00001025  MotorCommandQuery             
00000e6b  MotorDirectionSet             
00000e49  MotorGPIOInit                 
00000ff5  MotorInit                     
00000469  MotorPWMInit                  
00000ed3  MotorSpeedSet                 
000023dd  PWMGenConfigure               
0000268b  PWMGenEnable                  
000025b5  PWMGenPeriodGet               
0000260d  PWMGenPeriodSet               
000025c7  PWMOutputState                
00002441  PWMPulseWidthSet              
000026a5  ResetISR                      
00001b61  SysCtlClockGet                
00001d75  SysCtlClockSet                
0000270f  SysCtlDelay                   
00002565  SysCtlPWMClockSet             
00002325  SysCtlPeripheralEnable        
000022b9  SysCtlPeripheralPresent       
00002579  SysTickEnable                 
0000261d  SysTickPeriodSet              
00002699  SysTickValueGet               
00001fd5  TimerConfigure                
0000254d  TimerControlEvent             
000024ad  TimerDisable                  
0000263b  TimerEnable                   
0000271b  TimerIntClear                 
000026ed  TimerIntEnable                
000024c5  TimerIntRegister              
000026b1  TimerIntStatus                
000025d9  TimerLoadSet                  
000025eb  TimerPrescaleSet              
000026bb  TimerValueGet                 
00001491  UART0Init                     
000014fb  UART0IntHandler               
0000158b  UART1Init                     
000015fd  UART1IntHandler               
0000169b  UART1puts                     
000026c5  UARTCharGet                   
00002649  UARTCharGetNonBlocking        
000026cf  UARTCharPut                   
00002657  UARTCharsAvail                
00002125  UARTConfigSetExpClk           
00002401  UARTDisable                   
0000258d  UARTEnable                    
000025a1  UARTEnableSIR                 
000026d9  UARTFIFOEnable                
00002715  UARTFIFOLevelSet              
0000271f  UARTIntClear                  
000026f5  UARTIntEnable                 
000024dd  UARTIntRegister               
000026e3  UARTIntStatus                 
0000089d  UARTStdioConfig               
000009ed  UARTgetc                      
00000933  UARTgets                      
00000d0f  UARTprintf                    
00000a15  UARTvprintf                   
000008e3  UARTwrite                     
20000540  WT5CCP0Completed              
20000538  WT5CCP0Frequency              
0000077d  WTimer5Capture0GetFrequency   
00000625  WTimer5Capture0Init           
000006b1  WTimer5Capture0IntHandler     
00002727  _ZSt17__throw_bad_allocv      
20000470  __STACK_END                   
00000200  __STACK_SIZE                  
20000470  __STACK_TOP                   
00000010  __SYSMEM_SIZE                 
00002c20  __TI_CINIT_Base               
00002c38  __TI_CINIT_Limit              
00002c00  __TI_Handler_Table_Base       
00002c0c  __TI_Handler_Table_Limit      
000021b1  __TI_auto_init_nobinit_nopinit
00001f6d  __TI_decompress_lzss          
00002665  __TI_decompress_none          
ffffffff  __TI_pprof_out_hndl           
ffffffff  __TI_prof_data_size           
ffffffff  __TI_prof_data_start          
00000000  __TI_static_base__            
0000245f  __TI_zero_init_nomemset       
000021f5  __aeabi_d2uiz                 
00001a29  __aeabi_ddiv                  
00001c79  __aeabi_dmul                  
00001b5f  __aeabi_idiv0                 
00001b5f  __aeabi_ldiv0                 
00001e69  __aeabi_memcpy                
00001e69  __aeabi_memcpy4               
00001e69  __aeabi_memcpy8               
00002421  __aeabi_ui2d                  
00002279  __aeabi_uidiv                 
00002279  __aeabi_uidivmod              
ffffffff  __binit__                     
ffffffff  __c_args__                    
UNDEFED   __mpu_init                    
20000270  __stack                       
00002359  _c_int00_noargs               
20000598  _sys_memory                   
UNDEFED   _system_post_cinit            
00002723  _system_pre_init              
00002727  abort                         
ffffffff  binit                         
20000570  frameData                     
20000000  g_pfnRAMVectors               
00000000  g_pfnVectors                  
2000053c  intStatus                     
2000056c  leaderCodeFlag                
00000d33  main                          
00001e69  memcpy                        
20000595  nowDirection                  
2000055c  nowSpeed                      
20000470  uart0RxBuff                   
200004d4  uart1RxBuff                   
20000578  uart1RxLength                 


GLOBAL SYMBOLS: SORTED BY Symbol Address 

address   name                          
-------   ----                          
00000000  __TI_static_base__            
00000000  g_pfnVectors                  
00000010  __SYSMEM_SIZE                 
00000200  __STACK_SIZE                  
0000026d  InfraredInit                  
000002e3  InfraredIntHandler            
00000469  MotorPWMInit                  
00000625  WTimer5Capture0Init           
000006b1  WTimer5Capture0IntHandler     
0000077d  WTimer5Capture0GetFrequency   
0000089d  UARTStdioConfig               
000008e3  UARTwrite                     
00000933  UARTgets                      
000009ed  UARTgetc                      
00000a15  UARTvprintf                   
00000d0f  UARTprintf                    
00000d33  main                          
00000e49  MotorGPIOInit                 
00000e6b  MotorDirectionSet             
00000ed3  MotorSpeedSet                 
00000ff5  MotorInit                     
00001025  MotorCommandQuery             
000011d5  GPIOKey1Init                  
00001217  GPIOLEDInit                   
00001235  IntHandler_GPIOF              
000012fb  GPIOPE3Init                   
0000133d  GetPE3HighTime                
00001387  IntHandler_GPIOE              
00001491  UART0Init                     
000014fb  UART0IntHandler               
0000158b  UART1Init                     
000015fd  UART1IntHandler               
0000169b  UART1puts                     
00001709  M1PWM567Init                  
0000184d  M1PWM567SetDuty               
000018bd  GPIOPadConfigSet              
00001a29  __aeabi_ddiv                  
00001b5f  __aeabi_idiv0                 
00001b5f  __aeabi_ldiv0                 
00001b61  SysCtlClockGet                
00001c79  __aeabi_dmul                  
00001d75  SysCtlClockSet                
00001e69  __aeabi_memcpy                
00001e69  __aeabi_memcpy4               
00001e69  __aeabi_memcpy8               
00001e69  memcpy                        
00001f05  IntEnable                     
00001f6d  __TI_decompress_lzss          
00001fd5  TimerConfigure                
00002035  GPIOIntTypeSet                
0000208d  GPIOPinConfigure              
00002125  UARTConfigSetExpClk           
000021b1  __TI_auto_init_nobinit_nopinit
000021f5  __aeabi_d2uiz                 
00002279  __aeabi_uidiv                 
00002279  __aeabi_uidivmod              
000022b9  SysCtlPeripheralPresent       
000022f1  IntRegister                   
00002325  SysCtlPeripheralEnable        
00002359  _c_int00_noargs               
0000238d  GPIODirModeSet                
000023b9  IntPrioritySet                
000023dd  PWMGenConfigure               
00002401  UARTDisable                   
00002421  __aeabi_ui2d                  
00002441  PWMPulseWidthSet              
0000245f  __TI_zero_init_nomemset       
0000247b  GPIOPinTypeGPIOOutput         
00002495  GPIOIntRegister               
000024ad  TimerDisable                  
000024c5  TimerIntRegister              
000024dd  UARTIntRegister               
000024f5  GPIOPinTypeGPIOInput          
0000250b  GPIOPinTypePWM                
00002521  GPIOPinTypeTimer              
00002537  GPIOPinTypeUART               
0000254d  TimerControlEvent             
00002565  SysCtlPWMClockSet             
00002579  SysTickEnable                 
0000258d  UARTEnable                    
000025a1  UARTEnableSIR                 
000025b5  PWMGenPeriodGet               
000025c7  PWMOutputState                
000025d9  TimerLoadSet                  
000025eb  TimerPrescaleSet              
000025fd  IntMasterEnable               
0000260d  PWMGenPeriodSet               
0000261d  SysTickPeriodSet              
0000262d  GPIOIntStatus                 
0000263b  TimerEnable                   
00002649  UARTCharGetNonBlocking        
00002657  UARTCharsAvail                
00002665  __TI_decompress_none          
00002673  CPUcpsie                      
0000267f  GPIOIntEnable                 
0000268b  PWMGenEnable                  
00002699  SysTickValueGet               
000026a5  ResetISR                      
000026b1  TimerIntStatus                
000026bb  TimerValueGet                 
000026c5  UARTCharGet                   
000026cf  UARTCharPut                   
000026d9  UARTFIFOEnable                
000026e3  UARTIntStatus                 
000026ed  TimerIntEnable                
000026f5  UARTIntEnable                 
000026fd  GPIOIntClear                  
00002703  GPIOPinRead                   
00002709  GPIOPinWrite                  
0000270f  SysCtlDelay                   
00002715  UARTFIFOLevelSet              
0000271b  TimerIntClear                 
0000271f  UARTIntClear                  
00002723  _system_pre_init              
00002727  C$$EXIT                       
00002727  _ZSt17__throw_bad_allocv      
00002727  abort                         
00002c00  __TI_Handler_Table_Base       
00002c0c  __TI_Handler_Table_Limit      
00002c20  __TI_CINIT_Base               
00002c38  __TI_CINIT_Limit              
20000000  g_pfnRAMVectors               
20000270  __stack                       
20000470  __STACK_END                   
20000470  __STACK_TOP                   
20000470  uart0RxBuff                   
200004d4  uart1RxBuff                   
20000538  WT5CCP0Frequency              
2000053c  intStatus                     
20000540  WT5CCP0Completed              
2000055c  nowSpeed                      
2000056c  leaderCodeFlag                
20000570  frameData                     
20000578  uart1RxLength                 
20000595  nowDirection                  
20000598  _sys_memory                   
ffffffff  __TI_pprof_out_hndl           
ffffffff  __TI_prof_data_size           
ffffffff  __TI_prof_data_start          
ffffffff  __binit__                     
ffffffff  __c_args__                    
ffffffff  binit                         
UNDEFED   __mpu_init                    
UNDEFED   _system_post_cinit            

[144 symbols]
