<?xml version="1.0" encoding="ISO-8859-1" ?>
<link_info>
   <banner>TI ARM Linker PC v18.12.4.LTS</banner>
   <copyright>Copyright (c) 1996-2018 Texas Instruments Incorporated</copyright>
   <link_time>0x5f3b2aac</link_time>
   <link_errors>0x0</link_errors>
   <output_file>demo1.out</output_file>
   <entry_point>
      <name>_c_int00_noargs</name>
      <address>0x2359</address>
   </entry_point>
   <input_file_list>
      <input_file id="fl-2">
         <path>.\</path>
         <kind>object</kind>
         <file>main.obj</file>
         <name>main.obj</name>
      </input_file>
      <input_file id="fl-3">
         <path>.\</path>
         <kind>object</kind>
         <file>tm4c123gh6pm_startup_ccs.obj</file>
         <name>tm4c123gh6pm_startup_ccs.obj</name>
      </input_file>
      <input_file id="fl-4">
         <path>.\Apps\</path>
         <kind>object</kind>
         <file>PWMController.obj</file>
         <name>PWMController.obj</name>
      </input_file>
      <input_file id="fl-5">
         <path>.\Apps\</path>
         <kind>object</kind>
         <file>led_pwm.obj</file>
         <name>led_pwm.obj</name>
      </input_file>
      <input_file id="fl-6">
         <path>.\Apps\</path>
         <kind>object</kind>
         <file>motor.obj</file>
         <name>motor.obj</name>
      </input_file>
      <input_file id="fl-7">
         <path>.\Apps\</path>
         <kind>object</kind>
         <file>motor_timer.obj</file>
         <name>motor_timer.obj</name>
      </input_file>
      <input_file id="fl-8">
         <path>.\Apps\</path>
         <kind>object</kind>
         <file>my_gpio.obj</file>
         <name>my_gpio.obj</name>
      </input_file>
      <input_file id="fl-9">
         <path>.\Apps\</path>
         <kind>object</kind>
         <file>my_timer.obj</file>
         <name>my_timer.obj</name>
      </input_file>
      <input_file id="fl-a">
         <path>.\Apps\</path>
         <kind>object</kind>
         <file>my_uart.obj</file>
         <name>my_uart.obj</name>
      </input_file>
      <input_file id="fl-f">
         <kind>object</kind>
         <file>&lt;internal&gt;</file>
         <name>&lt;internal&gt;</name>
      </input_file>
      <input_file id="fl-c5">
         <path>D:\software\ccs930\ccs\tools\compiler\ti-cgt-arm_18.12.4.LTS\lib\</path>
         <kind>archive</kind>
         <file>rtsv7M4_T_le_v4SPD16_eabi.lib</file>
         <name>typeinfo.c.obj</name>
      </input_file>
      <input_file id="fl-c6">
         <path>D:\software\ccs930\ccs\tools\compiler\ti-cgt-arm_18.12.4.LTS\lib\</path>
         <kind>archive</kind>
         <file>rtsv7M4_T_le_v4SPD16_eabi.lib</file>
         <name>new.cpp.obj</name>
      </input_file>
      <input_file id="fl-c7">
         <path>D:\software\ccs930\ccs\tools\compiler\ti-cgt-arm_18.12.4.LTS\lib\</path>
         <kind>archive</kind>
         <file>rtsv7M4_T_le_v4SPD16_eabi.lib</file>
         <name>stdlib_typeinfo.cpp.obj</name>
      </input_file>
      <input_file id="fl-c8">
         <path>D:\software\ccs930\ccs\tools\compiler\ti-cgt-arm_18.12.4.LTS\lib\</path>
         <kind>archive</kind>
         <file>rtsv7M4_T_le_v4SPD16_eabi.lib</file>
         <name>fd_div_t2.asm.obj</name>
      </input_file>
      <input_file id="fl-c9">
         <path>D:\software\ccs930\ccs\tools\compiler\ti-cgt-arm_18.12.4.LTS\lib\</path>
         <kind>archive</kind>
         <file>rtsv7M4_T_le_v4SPD16_eabi.lib</file>
         <name>fd_mul_t2.asm.obj</name>
      </input_file>
      <input_file id="fl-ca">
         <path>D:\software\ccs930\ccs\tools\compiler\ti-cgt-arm_18.12.4.LTS\lib\</path>
         <kind>archive</kind>
         <file>rtsv7M4_T_le_v4SPD16_eabi.lib</file>
         <name>fd_tou_t2.asm.obj</name>
      </input_file>
      <input_file id="fl-cb">
         <path>D:\software\ccs930\ccs\tools\compiler\ti-cgt-arm_18.12.4.LTS\lib\</path>
         <kind>archive</kind>
         <file>rtsv7M4_T_le_v4SPD16_eabi.lib</file>
         <name>u_tofd_t2.asm.obj</name>
      </input_file>
      <input_file id="fl-cc">
         <path>D:\software\ccs930\ccs\tools\compiler\ti-cgt-arm_18.12.4.LTS\lib\</path>
         <kind>archive</kind>
         <file>rtsv7M4_T_le_v4SPD16_eabi.lib</file>
         <name>u_divt2.asm.obj</name>
      </input_file>
      <input_file id="fl-cd">
         <path>D:\software\ccs930\ccs\tools\compiler\ti-cgt-arm_18.12.4.LTS\lib\</path>
         <kind>archive</kind>
         <file>rtsv7M4_T_le_v4SPD16_eabi.lib</file>
         <name>copy_zero_init.c.obj</name>
      </input_file>
      <input_file id="fl-ce">
         <path>D:\software\ccs930\ccs\tools\compiler\ti-cgt-arm_18.12.4.LTS\lib\</path>
         <kind>archive</kind>
         <file>rtsv7M4_T_le_v4SPD16_eabi.lib</file>
         <name>copy_decompress_none.c.obj</name>
      </input_file>
      <input_file id="fl-cf">
         <path>D:\software\ccs930\ccs\tools\compiler\ti-cgt-arm_18.12.4.LTS\lib\</path>
         <kind>archive</kind>
         <file>rtsv7M4_T_le_v4SPD16_eabi.lib</file>
         <name>copy_decompress_lzss.c.obj</name>
      </input_file>
      <input_file id="fl-d0">
         <path>D:\software\ccs930\ccs\tools\compiler\ti-cgt-arm_18.12.4.LTS\lib\</path>
         <kind>archive</kind>
         <file>rtsv7M4_T_le_v4SPD16_eabi.lib</file>
         <name>exit.c.obj</name>
      </input_file>
      <input_file id="fl-d1">
         <path>D:\software\ccs930\ccs\tools\compiler\ti-cgt-arm_18.12.4.LTS\lib\</path>
         <kind>archive</kind>
         <file>rtsv7M4_T_le_v4SPD16_eabi.lib</file>
         <name>_lock.c.obj</name>
      </input_file>
      <input_file id="fl-d2">
         <path>D:\software\ccs930\ccs\tools\compiler\ti-cgt-arm_18.12.4.LTS\lib\</path>
         <kind>archive</kind>
         <file>rtsv7M4_T_le_v4SPD16_eabi.lib</file>
         <name>memory.c.obj</name>
      </input_file>
      <input_file id="fl-d3">
         <path>D:\software\ccs930\ccs\tools\compiler\ti-cgt-arm_18.12.4.LTS\lib\</path>
         <kind>archive</kind>
         <file>rtsv7M4_T_le_v4SPD16_eabi.lib</file>
         <name>boot_cortex_m.c.obj</name>
      </input_file>
      <input_file id="fl-d4">
         <path>D:\software\ccs930\ccs\tools\compiler\ti-cgt-arm_18.12.4.LTS\lib\</path>
         <kind>archive</kind>
         <file>rtsv7M4_T_le_v4SPD16_eabi.lib</file>
         <name>stdlib_exception.cpp.obj</name>
      </input_file>
      <input_file id="fl-d5">
         <path>D:\software\ccs930\ccs\tools\compiler\ti-cgt-arm_18.12.4.LTS\lib\</path>
         <kind>archive</kind>
         <file>rtsv7M4_T_le_v4SPD16_eabi.lib</file>
         <name>div0.asm.obj</name>
      </input_file>
      <input_file id="fl-d6">
         <path>D:\software\ccs930\ccs\tools\compiler\ti-cgt-arm_18.12.4.LTS\lib\</path>
         <kind>archive</kind>
         <file>rtsv7M4_T_le_v4SPD16_eabi.lib</file>
         <name>memcpy_t2.asm.obj</name>
      </input_file>
      <input_file id="fl-d7">
         <path>D:\software\ccs930\ccs\tools\compiler\ti-cgt-arm_18.12.4.LTS\lib\</path>
         <kind>archive</kind>
         <file>rtsv7M4_T_le_v4SPD16_eabi.lib</file>
         <name>memset_t2.asm.obj</name>
      </input_file>
      <input_file id="fl-d8">
         <path>D:\software\ccs930\ccs\tools\compiler\ti-cgt-arm_18.12.4.LTS\lib\</path>
         <kind>archive</kind>
         <file>rtsv7M4_T_le_v4SPD16_eabi.lib</file>
         <name>autoinit.c.obj</name>
      </input_file>
      <input_file id="fl-d9">
         <path>D:\software\ccs930\ccs\tools\compiler\ti-cgt-arm_18.12.4.LTS\lib\</path>
         <kind>archive</kind>
         <file>rtsv7M4_T_le_v4SPD16_eabi.lib</file>
         <name>pre_init.c.obj</name>
      </input_file>
      <input_file id="fl-da">
         <path>D:\software\ccs930\ccs\tools\compiler\ti-cgt-arm_18.12.4.LTS\lib\</path>
         <kind>archive</kind>
         <file>rtsv7M4_T_le_v4SPD16_eabi.lib</file>
         <name>cpy_tbl.c.obj</name>
      </input_file>
      <input_file id="fl-db">
         <path>D:\software\ccs930\ccs\tools\compiler\ti-cgt-arm_18.12.4.LTS\lib\</path>
         <kind>archive</kind>
         <file>rtsv7M4_T_le_v4SPD16_eabi.lib</file>
         <name>args_main.c.obj</name>
      </input_file>
      <input_file id="fl-dc">
         <path>D:\software\ccs930\TivaWare_C_Series-2.2.0.295\driverlib\ccs\Debug\</path>
         <kind>archive</kind>
         <file>driverlib.lib</file>
         <name>gpio.obj</name>
      </input_file>
      <input_file id="fl-dd">
         <path>D:\software\ccs930\TivaWare_C_Series-2.2.0.295\driverlib\ccs\Debug\</path>
         <kind>archive</kind>
         <file>driverlib.lib</file>
         <name>interrupt.obj</name>
      </input_file>
      <input_file id="fl-de">
         <path>D:\software\ccs930\TivaWare_C_Series-2.2.0.295\driverlib\ccs\Debug\</path>
         <kind>archive</kind>
         <file>driverlib.lib</file>
         <name>pwm.obj</name>
      </input_file>
      <input_file id="fl-df">
         <path>D:\software\ccs930\TivaWare_C_Series-2.2.0.295\driverlib\ccs\Debug\</path>
         <kind>archive</kind>
         <file>driverlib.lib</file>
         <name>sysctl.obj</name>
      </input_file>
      <input_file id="fl-e0">
         <path>D:\software\ccs930\TivaWare_C_Series-2.2.0.295\driverlib\ccs\Debug\</path>
         <kind>archive</kind>
         <file>driverlib.lib</file>
         <name>systick.obj</name>
      </input_file>
      <input_file id="fl-e1">
         <path>D:\software\ccs930\TivaWare_C_Series-2.2.0.295\driverlib\ccs\Debug\</path>
         <kind>archive</kind>
         <file>driverlib.lib</file>
         <name>timer.obj</name>
      </input_file>
      <input_file id="fl-e2">
         <path>D:\software\ccs930\TivaWare_C_Series-2.2.0.295\driverlib\ccs\Debug\</path>
         <kind>archive</kind>
         <file>driverlib.lib</file>
         <name>uart.obj</name>
      </input_file>
      <input_file id="fl-e3">
         <path>D:\software\ccs930\TivaWare_C_Series-2.2.0.295\driverlib\ccs\Debug\</path>
         <kind>archive</kind>
         <file>driverlib.lib</file>
         <name>cpu.obj</name>
      </input_file>
   </input_file_list>
   <object_component_list>
      <object_component id="oc-f">
         <name>.intvecs</name>
         <load_address>0x0</load_address>
         <run_address>0x0</run_address>
         <size>0x26c</size>
         <input_file_ref idref="fl-3"/>
      </object_component>
      <object_component id="oc-12e">
         <name>.text</name>
         <load_address>0x26c</load_address>
         <run_address>0x26c</run_address>
         <size>0x630</size>
         <input_file_ref idref="fl-7"/>
      </object_component>
      <object_component id="oc-9f">
         <name>.text</name>
         <load_address>0x89c</load_address>
         <run_address>0x89c</run_address>
         <size>0x5ac</size>
         <input_file_ref idref="fl-2"/>
      </object_component>
      <object_component id="oc-128">
         <name>.text</name>
         <load_address>0xe48</load_address>
         <run_address>0xe48</run_address>
         <size>0x38c</size>
         <input_file_ref idref="fl-6"/>
      </object_component>
      <object_component id="oc-110">
         <name>.text</name>
         <load_address>0x11d4</load_address>
         <run_address>0x11d4</run_address>
         <size>0x2bc</size>
         <input_file_ref idref="fl-8"/>
      </object_component>
      <object_component id="oc-116">
         <name>.text</name>
         <load_address>0x1490</load_address>
         <run_address>0x1490</run_address>
         <size>0x278</size>
         <input_file_ref idref="fl-a"/>
      </object_component>
      <object_component id="oc-1f5">
         <name>.text</name>
         <load_address>0x1708</load_address>
         <run_address>0x1708</run_address>
         <size>0x1b4</size>
         <input_file_ref idref="fl-5"/>
      </object_component>
      <object_component id="oc-1bf">
         <name>.text:GPIOPadConfigSet</name>
         <load_address>0x18bc</load_address>
         <run_address>0x18bc</run_address>
         <size>0x16c</size>
         <input_file_ref idref="fl-dc"/>
      </object_component>
      <object_component id="oc-145">
         <name>.text</name>
         <load_address>0x1a28</load_address>
         <run_address>0x1a28</run_address>
         <size>0x136</size>
         <input_file_ref idref="fl-c8"/>
      </object_component>
      <object_component id="oc-1b2">
         <name>.text</name>
         <load_address>0x1b5e</load_address>
         <run_address>0x1b5e</run_address>
         <size>0x2</size>
         <input_file_ref idref="fl-d5"/>
      </object_component>
      <object_component id="oc-134">
         <name>.text:SysCtlClockGet</name>
         <load_address>0x1b60</load_address>
         <run_address>0x1b60</run_address>
         <size>0x118</size>
         <input_file_ref idref="fl-df"/>
      </object_component>
      <object_component id="oc-140">
         <name>.text</name>
         <load_address>0x1c78</load_address>
         <run_address>0x1c78</run_address>
         <size>0xfc</size>
         <input_file_ref idref="fl-c9"/>
      </object_component>
      <object_component id="oc-10a">
         <name>.text:SysCtlClockSet</name>
         <load_address>0x1d74</load_address>
         <run_address>0x1d74</run_address>
         <size>0xf4</size>
         <input_file_ref idref="fl-df"/>
      </object_component>
      <object_component id="oc-3b">
         <name>.text</name>
         <load_address>0x1e68</load_address>
         <run_address>0x1e68</run_address>
         <size>0x9c</size>
         <input_file_ref idref="fl-d6"/>
      </object_component>
      <object_component id="oc-1d7">
         <name>.text:IntEnable</name>
         <load_address>0x1f04</load_address>
         <run_address>0x1f04</run_address>
         <size>0x68</size>
         <input_file_ref idref="fl-dd"/>
      </object_component>
      <object_component id="oc-12">
         <name>.text:decompress:lzss:__TI_decompress_lzss</name>
         <load_address>0x1f6c</load_address>
         <run_address>0x1f6c</run_address>
         <size>0x68</size>
         <input_file_ref idref="fl-cf"/>
      </object_component>
      <object_component id="oc-284">
         <name>.text:TimerConfigure</name>
         <load_address>0x1fd4</load_address>
         <run_address>0x1fd4</run_address>
         <size>0x60</size>
         <input_file_ref idref="fl-e1"/>
      </object_component>
      <object_component id="oc-1c5">
         <name>.text:GPIOIntTypeSet</name>
         <load_address>0x2034</load_address>
         <run_address>0x2034</run_address>
         <size>0x58</size>
         <input_file_ref idref="fl-dc"/>
      </object_component>
      <object_component id="oc-20f">
         <name>.text:GPIOPinConfigure</name>
         <load_address>0x208c</load_address>
         <run_address>0x208c</run_address>
         <size>0x4c</size>
         <input_file_ref idref="fl-dc"/>
      </object_component>
      <object_component id="oc-38b">
         <name>.text:_TimerIntNumberGet</name>
         <load_address>0x20d8</load_address>
         <run_address>0x20d8</run_address>
         <size>0x4c</size>
         <input_file_ref idref="fl-e1"/>
      </object_component>
      <object_component id="oc-e4">
         <name>.text:UARTConfigSetExpClk</name>
         <load_address>0x2124</load_address>
         <run_address>0x2124</run_address>
         <size>0x46</size>
         <input_file_ref idref="fl-e2"/>
      </object_component>
      <object_component id="oc-339">
         <name>.text:_GPIOIntNumberGet</name>
         <load_address>0x216c</load_address>
         <run_address>0x216c</run_address>
         <size>0x44</size>
         <input_file_ref idref="fl-dc"/>
      </object_component>
      <object_component id="oc-16a">
         <name>.text:__TI_auto_init_nobinit_nopinit:__TI_auto_init_nobinit_nopinit</name>
         <load_address>0x21b0</load_address>
         <run_address>0x21b0</run_address>
         <size>0x44</size>
         <input_file_ref idref="fl-d8"/>
      </object_component>
      <object_component id="oc-14a">
         <name>.text</name>
         <load_address>0x21f4</load_address>
         <run_address>0x21f4</run_address>
         <size>0x44</size>
         <input_file_ref idref="fl-ca"/>
      </object_component>
      <object_component id="oc-36b">
         <name>.text:_UARTIntNumberGet</name>
         <load_address>0x2238</load_address>
         <run_address>0x2238</run_address>
         <size>0x40</size>
         <input_file_ref idref="fl-e2"/>
      </object_component>
      <object_component id="oc-105">
         <name>.text</name>
         <load_address>0x2278</load_address>
         <run_address>0x2278</run_address>
         <size>0x40</size>
         <input_file_ref idref="fl-cc"/>
      </object_component>
      <object_component id="oc-d8">
         <name>.text:SysCtlPeripheralPresent</name>
         <load_address>0x22b8</load_address>
         <run_address>0x22b8</run_address>
         <size>0x38</size>
         <input_file_ref idref="fl-df"/>
      </object_component>
      <object_component id="oc-33f">
         <name>.text:IntRegister</name>
         <load_address>0x22f0</load_address>
         <run_address>0x22f0</run_address>
         <size>0x34</size>
         <input_file_ref idref="fl-dd"/>
      </object_component>
      <object_component id="oc-de">
         <name>.text:SysCtlPeripheralEnable</name>
         <load_address>0x2324</load_address>
         <run_address>0x2324</run_address>
         <size>0x34</size>
         <input_file_ref idref="fl-df"/>
      </object_component>
      <object_component id="oc-59">
         <name>.text:_c_int00_noargs:_c_int00_noargs</name>
         <load_address>0x2358</load_address>
         <run_address>0x2358</run_address>
         <size>0x34</size>
         <input_file_ref idref="fl-d3"/>
      </object_component>
      <object_component id="oc-32e">
         <name>.text:GPIODirModeSet</name>
         <load_address>0x238c</load_address>
         <run_address>0x238c</run_address>
         <size>0x2c</size>
         <input_file_ref idref="fl-dc"/>
      </object_component>
      <object_component id="oc-22d">
         <name>.text:IntPrioritySet</name>
         <load_address>0x23b8</load_address>
         <run_address>0x23b8</run_address>
         <size>0x24</size>
         <input_file_ref idref="fl-dd"/>
      </object_component>
      <object_component id="oc-2cc">
         <name>.text:PWMGenConfigure</name>
         <load_address>0x23dc</load_address>
         <run_address>0x23dc</run_address>
         <size>0x22</size>
         <input_file_ref idref="fl-de"/>
      </object_component>
      <object_component id="oc-1a1">
         <name>.text:UARTDisable</name>
         <load_address>0x2400</load_address>
         <run_address>0x2400</run_address>
         <size>0x20</size>
         <input_file_ref idref="fl-e2"/>
      </object_component>
      <object_component id="oc-13b">
         <name>.text</name>
         <load_address>0x2420</load_address>
         <run_address>0x2420</run_address>
         <size>0x20</size>
         <input_file_ref idref="fl-cb"/>
      </object_component>
      <object_component id="oc-265">
         <name>.text:PWMPulseWidthSet</name>
         <load_address>0x2440</load_address>
         <run_address>0x2440</run_address>
         <size>0x1e</size>
         <input_file_ref idref="fl-de"/>
      </object_component>
      <object_component id="oc-47">
         <name>.text:decompress:ZI:__TI_zero_init_nomemset:__TI_zero_init_nomemset</name>
         <load_address>0x245e</load_address>
         <run_address>0x245e</run_address>
         <size>0x1c</size>
         <input_file_ref idref="fl-cd"/>
      </object_component>
      <object_component id="oc-1e3">
         <name>.text:GPIOPinTypeGPIOOutput</name>
         <load_address>0x247a</load_address>
         <run_address>0x247a</run_address>
         <size>0x1a</size>
         <input_file_ref idref="fl-dc"/>
      </object_component>
      <object_component id="oc-1d1">
         <name>.text:GPIOIntRegister</name>
         <load_address>0x2494</load_address>
         <run_address>0x2494</run_address>
         <size>0x18</size>
         <input_file_ref idref="fl-dc"/>
      </object_component>
      <object_component id="oc-2e7">
         <name>.text:TimerDisable</name>
         <load_address>0x24ac</load_address>
         <run_address>0x24ac</run_address>
         <size>0x18</size>
         <input_file_ref idref="fl-e1"/>
      </object_component>
      <object_component id="oc-29c">
         <name>.text:TimerIntRegister</name>
         <load_address>0x24c4</load_address>
         <run_address>0x24c4</run_address>
         <size>0x18</size>
         <input_file_ref idref="fl-e1"/>
      </object_component>
      <object_component id="oc-233">
         <name>.text:UARTIntRegister</name>
         <load_address>0x24dc</load_address>
         <run_address>0x24dc</run_address>
         <size>0x18</size>
         <input_file_ref idref="fl-e2"/>
      </object_component>
      <object_component id="oc-1b9">
         <name>.text:GPIOPinTypeGPIOInput</name>
         <load_address>0x24f4</load_address>
         <run_address>0x24f4</run_address>
         <size>0x16</size>
         <input_file_ref idref="fl-dc"/>
      </object_component>
      <object_component id="oc-2c6">
         <name>.text:GPIOPinTypePWM</name>
         <load_address>0x250a</load_address>
         <run_address>0x250a</run_address>
         <size>0x16</size>
         <input_file_ref idref="fl-dc"/>
      </object_component>
      <object_component id="oc-27e">
         <name>.text:GPIOPinTypeTimer</name>
         <load_address>0x2520</load_address>
         <run_address>0x2520</run_address>
         <size>0x16</size>
         <input_file_ref idref="fl-dc"/>
      </object_component>
      <object_component id="oc-215">
         <name>.text:GPIOPinTypeUART</name>
         <load_address>0x2536</load_address>
         <run_address>0x2536</run_address>
         <size>0x16</size>
         <input_file_ref idref="fl-dc"/>
      </object_component>
      <object_component id="oc-290">
         <name>.text:TimerControlEvent</name>
         <load_address>0x254c</load_address>
         <run_address>0x254c</run_address>
         <size>0x16</size>
         <input_file_ref idref="fl-e1"/>
      </object_component>
      <object_component id="oc-2c0">
         <name>.text:SysCtlPWMClockSet</name>
         <load_address>0x2564</load_address>
         <run_address>0x2564</run_address>
         <size>0x14</size>
         <input_file_ref idref="fl-df"/>
      </object_component>
      <object_component id="oc-122">
         <name>.text:SysTickEnable</name>
         <load_address>0x2578</load_address>
         <run_address>0x2578</run_address>
         <size>0x14</size>
         <input_file_ref idref="fl-e0"/>
      </object_component>
      <object_component id="oc-ea">
         <name>.text:UARTEnable</name>
         <load_address>0x258c</load_address>
         <run_address>0x258c</run_address>
         <size>0x14</size>
         <input_file_ref idref="fl-e2"/>
      </object_component>
      <object_component id="oc-251">
         <name>.text:UARTEnableSIR</name>
         <load_address>0x25a0</load_address>
         <run_address>0x25a0</run_address>
         <size>0x14</size>
         <input_file_ref idref="fl-e2"/>
      </object_component>
      <object_component id="oc-25f">
         <name>.text:PWMGenPeriodGet</name>
         <load_address>0x25b4</load_address>
         <run_address>0x25b4</run_address>
         <size>0x12</size>
         <input_file_ref idref="fl-de"/>
      </object_component>
      <object_component id="oc-26b">
         <name>.text:PWMOutputState</name>
         <load_address>0x25c6</load_address>
         <run_address>0x25c6</run_address>
         <size>0x12</size>
         <input_file_ref idref="fl-de"/>
      </object_component>
      <object_component id="oc-296">
         <name>.text:TimerLoadSet</name>
         <load_address>0x25d8</load_address>
         <run_address>0x25d8</run_address>
         <size>0x12</size>
         <input_file_ref idref="fl-e1"/>
      </object_component>
      <object_component id="oc-28a">
         <name>.text:TimerPrescaleSet</name>
         <load_address>0x25ea</load_address>
         <run_address>0x25ea</run_address>
         <size>0x12</size>
         <input_file_ref idref="fl-e1"/>
      </object_component>
      <object_component id="oc-1dd">
         <name>.text:IntMasterEnable</name>
         <load_address>0x25fc</load_address>
         <run_address>0x25fc</run_address>
         <size>0x10</size>
         <input_file_ref idref="fl-dd"/>
      </object_component>
      <object_component id="oc-2d2">
         <name>.text:PWMGenPeriodSet</name>
         <load_address>0x260c</load_address>
         <run_address>0x260c</run_address>
         <size>0x10</size>
         <input_file_ref idref="fl-de"/>
      </object_component>
      <object_component id="oc-11c">
         <name>.text:SysTickPeriodSet</name>
         <load_address>0x261c</load_address>
         <run_address>0x261c</run_address>
         <size>0x10</size>
         <input_file_ref idref="fl-e0"/>
      </object_component>
      <object_component id="oc-1e9">
         <name>.text:GPIOIntStatus</name>
         <load_address>0x262c</load_address>
         <run_address>0x262c</run_address>
         <size>0xe</size>
         <input_file_ref idref="fl-dc"/>
      </object_component>
      <object_component id="oc-2a8">
         <name>.text:TimerEnable</name>
         <load_address>0x263a</load_address>
         <run_address>0x263a</run_address>
         <size>0xe</size>
         <input_file_ref idref="fl-e1"/>
      </object_component>
      <object_component id="oc-245">
         <name>.text:UARTCharGetNonBlocking</name>
         <load_address>0x2648</load_address>
         <run_address>0x2648</run_address>
         <size>0xe</size>
         <input_file_ref idref="fl-e2"/>
      </object_component>
      <object_component id="oc-24b">
         <name>.text:UARTCharsAvail</name>
         <load_address>0x2656</load_address>
         <run_address>0x2656</run_address>
         <size>0xe</size>
         <input_file_ref idref="fl-e2"/>
      </object_component>
      <object_component id="oc-18">
         <name>.text:decompress:none:__TI_decompress_none</name>
         <load_address>0x2664</load_address>
         <run_address>0x2664</run_address>
         <size>0xe</size>
         <input_file_ref idref="fl-ce"/>
      </object_component>
      <object_component id="oc-34b">
         <name>.text:CPUcpsie</name>
         <load_address>0x2672</load_address>
         <run_address>0x2672</run_address>
         <size>0xc</size>
         <input_file_ref idref="fl-e3"/>
      </object_component>
      <object_component id="oc-1cb">
         <name>.text:GPIOIntEnable</name>
         <load_address>0x267e</load_address>
         <run_address>0x267e</run_address>
         <size>0xc</size>
         <input_file_ref idref="fl-dc"/>
      </object_component>
      <object_component id="oc-271">
         <name>.text:PWMGenEnable</name>
         <load_address>0x268a</load_address>
         <run_address>0x268a</run_address>
         <size>0xc</size>
         <input_file_ref idref="fl-de"/>
      </object_component>
      <object_component id="oc-2e1">
         <name>.text:SysTickValueGet</name>
         <load_address>0x2698</load_address>
         <run_address>0x2698</run_address>
         <size>0xc</size>
         <input_file_ref idref="fl-e0"/>
      </object_component>
      <object_component id="oc-27">
         <name>.text</name>
         <load_address>0x26a4</load_address>
         <run_address>0x26a4</run_address>
         <size>0xc</size>
         <input_file_ref idref="fl-3"/>
      </object_component>
      <object_component id="oc-2ae">
         <name>.text:TimerIntStatus</name>
         <load_address>0x26b0</load_address>
         <run_address>0x26b0</run_address>
         <size>0xa</size>
         <input_file_ref idref="fl-e1"/>
      </object_component>
      <object_component id="oc-2ba">
         <name>.text:TimerValueGet</name>
         <load_address>0x26ba</load_address>
         <run_address>0x26ba</run_address>
         <size>0xa</size>
         <input_file_ref idref="fl-e1"/>
      </object_component>
      <object_component id="oc-f6">
         <name>.text:UARTCharGet</name>
         <load_address>0x26c4</load_address>
         <run_address>0x26c4</run_address>
         <size>0xa</size>
         <input_file_ref idref="fl-e2"/>
      </object_component>
      <object_component id="oc-f0">
         <name>.text:UARTCharPut</name>
         <load_address>0x26ce</load_address>
         <run_address>0x26ce</run_address>
         <size>0xa</size>
         <input_file_ref idref="fl-e2"/>
      </object_component>
      <object_component id="oc-21b">
         <name>.text:UARTFIFOEnable</name>
         <load_address>0x26d8</load_address>
         <run_address>0x26d8</run_address>
         <size>0xa</size>
         <input_file_ref idref="fl-e2"/>
      </object_component>
      <object_component id="oc-239">
         <name>.text:UARTIntStatus</name>
         <load_address>0x26e2</load_address>
         <run_address>0x26e2</run_address>
         <size>0xa</size>
         <input_file_ref idref="fl-e2"/>
      </object_component>
      <object_component id="oc-2a2">
         <name>.text:TimerIntEnable</name>
         <load_address>0x26ec</load_address>
         <run_address>0x26ec</run_address>
         <size>0x8</size>
         <input_file_ref idref="fl-e1"/>
      </object_component>
      <object_component id="oc-227">
         <name>.text:UARTIntEnable</name>
         <load_address>0x26f4</load_address>
         <run_address>0x26f4</run_address>
         <size>0x8</size>
         <input_file_ref idref="fl-e2"/>
      </object_component>
      <object_component id="oc-1fb">
         <name>.text:GPIOIntClear</name>
         <load_address>0x26fc</load_address>
         <run_address>0x26fc</run_address>
         <size>0x6</size>
         <input_file_ref idref="fl-dc"/>
      </object_component>
      <object_component id="oc-1ef">
         <name>.text:GPIOPinRead</name>
         <load_address>0x2702</load_address>
         <run_address>0x2702</run_address>
         <size>0x6</size>
         <input_file_ref idref="fl-dc"/>
      </object_component>
      <object_component id="oc-201">
         <name>.text:GPIOPinWrite</name>
         <load_address>0x2708</load_address>
         <run_address>0x2708</run_address>
         <size>0x6</size>
         <input_file_ref idref="fl-dc"/>
      </object_component>
      <object_component id="oc-13a">
         <name>.text:SysCtlDelay</name>
         <load_address>0x270e</load_address>
         <run_address>0x270e</run_address>
         <size>0x6</size>
         <input_file_ref idref="fl-df"/>
      </object_component>
      <object_component id="oc-221">
         <name>.text:UARTFIFOLevelSet</name>
         <load_address>0x2714</load_address>
         <run_address>0x2714</run_address>
         <size>0x6</size>
         <input_file_ref idref="fl-e2"/>
      </object_component>
      <object_component id="oc-2b4">
         <name>.text:TimerIntClear</name>
         <load_address>0x271a</load_address>
         <run_address>0x271a</run_address>
         <size>0x4</size>
         <input_file_ref idref="fl-e1"/>
      </object_component>
      <object_component id="oc-23f">
         <name>.text:UARTIntClear</name>
         <load_address>0x271e</load_address>
         <run_address>0x271e</run_address>
         <size>0x4</size>
         <input_file_ref idref="fl-e2"/>
      </object_component>
      <object_component id="oc-99">
         <name>.text:_system_pre_init</name>
         <load_address>0x2722</load_address>
         <run_address>0x2722</run_address>
         <size>0x4</size>
         <input_file_ref idref="fl-d9"/>
      </object_component>
      <object_component id="oc-15e">
         <name>.text:abort:abort</name>
         <load_address>0x2726</load_address>
         <run_address>0x2726</run_address>
         <size>0x4</size>
         <input_file_ref idref="fl-d0"/>
      </object_component>
      <object_component id="oc-3cc">
         <name>.const:g_ppui32GPIOIntMapSnowflake</name>
         <load_address>0x272c</load_address>
         <run_address>0x272c</run_address>
         <size>0xd8</size>
         <input_file_ref idref="fl-dc"/>
      </object_component>
      <object_component id="oc-3c9">
         <name>.const:g_ppui32GPIOIntMapBlizzard</name>
         <load_address>0x2804</load_address>
         <run_address>0x2804</run_address>
         <size>0xc0</size>
         <input_file_ref idref="fl-dc"/>
      </object_component>
      <object_component id="oc-367">
         <name>.const:g_pui32Regs</name>
         <load_address>0x28c4</load_address>
         <run_address>0x28c4</run_address>
         <size>0x9c</size>
         <input_file_ref idref="fl-dd"/>
      </object_component>
      <object_component id="oc-35f">
         <name>.const:g_pui32GPIOBaseAddrs</name>
         <load_address>0x2960</load_address>
         <run_address>0x2960</run_address>
         <size>0x90</size>
         <input_file_ref idref="fl-dc"/>
      </object_component>
      <object_component id="oc-2f0">
         <name>.const:g_pui32Xtals</name>
         <load_address>0x29f0</load_address>
         <run_address>0x29f0</run_address>
         <size>0x6c</size>
         <input_file_ref idref="fl-df"/>
      </object_component>
      <object_component id="oc-3ec">
         <name>.const:g_ppui32TimerIntMap</name>
         <load_address>0x2a5c</load_address>
         <run_address>0x2a5c</run_address>
         <size>0x60</size>
         <input_file_ref idref="fl-e1"/>
      </object_component>
      <object_component id="oc-3ef">
         <name>.const:g_ppui32TimerIntMapSnowflake</name>
         <load_address>0x2abc</load_address>
         <run_address>0x2abc</run_address>
         <size>0x40</size>
         <input_file_ref idref="fl-e1"/>
      </object_component>
      <object_component id="oc-3df">
         <name>.const:g_ppui32UARTIntMap</name>
         <load_address>0x2afc</load_address>
         <run_address>0x2afc</run_address>
         <size>0x40</size>
         <input_file_ref idref="fl-e2"/>
      </object_component>
      <object_component id="oc-3e2">
         <name>.const:g_ppui32UARTIntMapSnowflake</name>
         <load_address>0x2b3c</load_address>
         <run_address>0x2b3c</run_address>
         <size>0x40</size>
         <input_file_ref idref="fl-e2"/>
      </object_component>
      <object_component id="oc-346">
         <name>.const:g_pui32EnRegs</name>
         <load_address>0x2b7c</load_address>
         <run_address>0x2b7c</run_address>
         <size>0x14</size>
         <input_file_ref idref="fl-dd"/>
      </object_component>
      <object_component id="oc-2f8">
         <name>.const:.string</name>
         <load_address>0x2b90</load_address>
         <run_address>0x2b90</run_address>
         <size>0x12</size>
         <input_file_ref idref="fl-2"/>
      </object_component>
      <object_component id="oc-207">
         <name>.const:$P$T0$2</name>
         <load_address>0x2ba4</load_address>
         <run_address>0x2ba4</run_address>
         <size>0x10</size>
         <input_file_ref idref="fl-8"/>
      </object_component>
      <object_component id="oc-102">
         <name>.const:g_ui32UARTBase</name>
         <load_address>0x2bb4</load_address>
         <run_address>0x2bb4</run_address>
         <size>0xc</size>
         <input_file_ref idref="fl-2"/>
      </object_component>
      <object_component id="oc-fc">
         <name>.const:g_ui32UARTPeriph</name>
         <load_address>0x2bc0</load_address>
         <run_address>0x2bc0</run_address>
         <size>0xc</size>
         <input_file_ref idref="fl-2"/>
      </object_component>
      <object_component id="oc-14f">
         <name>.const</name>
         <load_address>0x2bcc</load_address>
         <run_address>0x2bcc</run_address>
         <size>0x4</size>
         <input_file_ref idref="fl-2"/>
      </object_component>
      <object_component id="oc-152">
         <name>.const:.string:$P$T0$2</name>
         <load_address>0x2bd0</load_address>
         <run_address>0x2bd0</run_address>
         <size>0x3</size>
         <input_file_ref idref="fl-2"/>
      </object_component>
      <object_component id="oc-43a">
         <name>.cinit..data.load</name>
         <load_address>0x2bd8</load_address>
         <run_address>0x2bd8</run_address>
         <size>0x25</size>
      </object_component>
      <object_component id="oc-437">
         <name>__TI_handler_table</name>
         <load_address>0x2c00</load_address>
         <run_address>0x2c00</run_address>
         <size>0xc</size>
      </object_component>
      <object_component id="oc-43b">
         <name>.cinit..bss.load</name>
         <load_address>0x2c10</load_address>
         <run_address>0x2c10</run_address>
         <size>0x8</size>
      </object_component>
      <object_component id="oc-439">
         <name>.cinit..vtable.load</name>
         <load_address>0x2c18</load_address>
         <run_address>0x2c18</run_address>
         <size>0x8</size>
      </object_component>
      <object_component id="oc-438">
         <name>__TI_cinit_table</name>
         <load_address>0x2c20</load_address>
         <run_address>0x2c20</run_address>
         <size>0x18</size>
      </object_component>
      <object_component id="oc-3d0">
         <name>.vtable</name>
         <uninitialized>true</uninitialized>
         <run_address>0x20000000</run_address>
         <size>0x26c</size>
         <input_file_ref idref="fl-dd"/>
      </object_component>
      <object_component id="oc-ff">
         <name>.data</name>
         <load_address>0x20000590</load_address>
         <run_address>0x20000590</run_address>
         <size>0x5</size>
         <input_file_ref idref="fl-2"/>
      </object_component>
      <object_component id="oc-27a">
         <name>.data:nowSpeed</name>
         <load_address>0x2000055c</load_address>
         <run_address>0x2000055c</run_address>
         <size>0x10</size>
         <input_file_ref idref="fl-6"/>
      </object_component>
      <object_component id="oc-277">
         <name>.data:nowDirection</name>
         <load_address>0x20000595</load_address>
         <run_address>0x20000595</run_address>
         <size>0x2</size>
         <input_file_ref idref="fl-6"/>
      </object_component>
      <object_component id="oc-2de">
         <name>.data</name>
         <load_address>0x20000540</load_address>
         <run_address>0x20000540</run_address>
         <size>0x1c</size>
         <input_file_ref idref="fl-7"/>
      </object_component>
      <object_component id="oc-2dd">
         <name>.data:ticks$1</name>
         <load_address>0x20000580</load_address>
         <run_address>0x20000580</run_address>
         <size>0x8</size>
         <input_file_ref idref="fl-7"/>
      </object_component>
      <object_component id="oc-2ed">
         <name>.data:ticks$7</name>
         <load_address>0x20000588</load_address>
         <run_address>0x20000588</run_address>
         <size>0x8</size>
         <input_file_ref idref="fl-7"/>
      </object_component>
      <object_component id="oc-20a">
         <name>.data</name>
         <load_address>0x2000056c</load_address>
         <run_address>0x2000056c</run_address>
         <size>0xc</size>
         <input_file_ref idref="fl-8"/>
      </object_component>
      <object_component id="oc-257">
         <name>.data</name>
         <load_address>0x20000578</load_address>
         <run_address>0x20000578</run_address>
         <size>0x8</size>
         <input_file_ref idref="fl-a"/>
      </object_component>
      <object_component id="oc-2d8">
         <name>.common:intStatus</name>
         <uninitialized>true</uninitialized>
         <run_address>0x2000053c</run_address>
         <size>0x4</size>
      </object_component>
      <object_component id="oc-2ee">
         <name>.common:WT5CCP0Frequency</name>
         <uninitialized>true</uninitialized>
         <run_address>0x20000538</run_address>
         <size>0x4</size>
      </object_component>
      <object_component id="oc-155">
         <name>.common:uart0RxBuff</name>
         <uninitialized>true</uninitialized>
         <run_address>0x20000470</run_address>
         <size>0x64</size>
      </object_component>
      <object_component id="oc-25a">
         <name>.common:uart1RxBuff</name>
         <uninitialized>true</uninitialized>
         <run_address>0x200004d4</run_address>
         <size>0x64</size>
      </object_component>
      <object_component id="oc-21">
         <name>.sysmem</name>
         <uninitialized>true</uninitialized>
         <run_address>0x20000598</run_address>
         <size>0x10</size>
         <input_file_ref idref="fl-d2"/>
      </object_component>
      <object_component id="oc-43d">
         <name>.sysmem</name>
         <uninitialized>true</uninitialized>
         <run_address>0x20000598</run_address>
         <size>0x0</size>
      </object_component>
      <object_component id="oc-24">
         <name>.stack</name>
         <uninitialized>true</uninitialized>
         <run_address>0x20000270</run_address>
         <size>0x4</size>
         <input_file_ref idref="fl-d3"/>
      </object_component>
      <object_component id="oc-43c">
         <name>.stack</name>
         <uninitialized>true</uninitialized>
         <run_address>0x20000270</run_address>
         <size>0x0</size>
      </object_component>
      <object_component id="oc-c7">
         <name>.debug_info</name>
         <load_address>0x0</load_address>
         <run_address>0x0</run_address>
         <size>0x5f0</size>
         <input_file_ref idref="fl-2"/>
      </object_component>
      <object_component id="oc-100">
         <name>.debug_info</name>
         <load_address>0x5f0</load_address>
         <run_address>0x5f0</run_address>
         <size>0xc1</size>
         <input_file_ref idref="fl-2"/>
      </object_component>
      <object_component id="oc-150">
         <name>.debug_info</name>
         <load_address>0x6b1</load_address>
         <run_address>0x6b1</run_address>
         <size>0xbb</size>
         <input_file_ref idref="fl-2"/>
      </object_component>
      <object_component id="oc-103">
         <name>.debug_info</name>
         <load_address>0x76c</load_address>
         <run_address>0x76c</run_address>
         <size>0xc9</size>
         <input_file_ref idref="fl-2"/>
      </object_component>
      <object_component id="oc-fd">
         <name>.debug_info</name>
         <load_address>0x835</load_address>
         <run_address>0x835</run_address>
         <size>0xcd</size>
         <input_file_ref idref="fl-2"/>
      </object_component>
      <object_component id="oc-153">
         <name>.debug_info</name>
         <load_address>0x902</load_address>
         <run_address>0x902</run_address>
         <size>0xbb</size>
         <input_file_ref idref="fl-2"/>
      </object_component>
      <object_component id="oc-a0">
         <name>.debug_info</name>
         <load_address>0x9bd</load_address>
         <run_address>0x9bd</run_address>
         <size>0xbb5</size>
         <input_file_ref idref="fl-2"/>
      </object_component>
      <object_component id="oc-74">
         <name>.debug_info</name>
         <load_address>0x1572</load_address>
         <run_address>0x1572</run_address>
         <size>0x26b</size>
         <input_file_ref idref="fl-2"/>
      </object_component>
      <object_component id="oc-c2">
         <name>.debug_info</name>
         <load_address>0x17dd</load_address>
         <run_address>0x17dd</run_address>
         <size>0x8b</size>
         <input_file_ref idref="fl-2"/>
      </object_component>
      <object_component id="oc-bd">
         <name>.debug_info</name>
         <load_address>0x1868</load_address>
         <run_address>0x1868</run_address>
         <size>0x297</size>
         <input_file_ref idref="fl-2"/>
      </object_component>
      <object_component id="oc-325">
         <name>.debug_info</name>
         <load_address>0x1aff</load_address>
         <run_address>0x1aff</run_address>
         <size>0xef</size>
         <input_file_ref idref="fl-2"/>
      </object_component>
      <object_component id="oc-79">
         <name>.debug_info</name>
         <load_address>0x1bee</load_address>
         <run_address>0x1bee</run_address>
         <size>0xbb</size>
         <input_file_ref idref="fl-2"/>
      </object_component>
      <object_component id="oc-159">
         <name>.debug_info</name>
         <load_address>0x1ca9</load_address>
         <run_address>0x1ca9</run_address>
         <size>0x2c</size>
         <input_file_ref idref="fl-2"/>
      </object_component>
      <object_component id="oc-2f">
         <name>.debug_info</name>
         <load_address>0x1cd5</load_address>
         <run_address>0x1cd5</run_address>
         <size>0x29b</size>
         <input_file_ref idref="fl-3"/>
      </object_component>
      <object_component id="oc-10">
         <name>.debug_info</name>
         <load_address>0x1f70</load_address>
         <run_address>0x1f70</run_address>
         <size>0xda</size>
         <input_file_ref idref="fl-3"/>
      </object_component>
      <object_component id="oc-28">
         <name>.debug_info</name>
         <load_address>0x204a</load_address>
         <run_address>0x204a</run_address>
         <size>0x256</size>
         <input_file_ref idref="fl-3"/>
      </object_component>
      <object_component id="oc-36">
         <name>.debug_info</name>
         <load_address>0x22a0</load_address>
         <run_address>0x22a0</run_address>
         <size>0x84</size>
         <input_file_ref idref="fl-3"/>
      </object_component>
      <object_component id="oc-356">
         <name>.debug_info</name>
         <load_address>0x2324</load_address>
         <run_address>0x2324</run_address>
         <size>0x4b2</size>
         <input_file_ref idref="fl-5"/>
      </object_component>
      <object_component id="oc-1f7">
         <name>.debug_info</name>
         <load_address>0x27d6</load_address>
         <run_address>0x27d6</run_address>
         <size>0x53f</size>
         <input_file_ref idref="fl-5"/>
      </object_component>
      <object_component id="oc-382">
         <name>.debug_info</name>
         <load_address>0x2d15</load_address>
         <run_address>0x2d15</run_address>
         <size>0x514</size>
         <input_file_ref idref="fl-6"/>
      </object_component>
      <object_component id="oc-27b">
         <name>.debug_info</name>
         <load_address>0x3229</load_address>
         <run_address>0x3229</run_address>
         <size>0xc4</size>
         <input_file_ref idref="fl-6"/>
      </object_component>
      <object_component id="oc-278">
         <name>.debug_info</name>
         <load_address>0x32ed</load_address>
         <run_address>0x32ed</run_address>
         <size>0xcc</size>
         <input_file_ref idref="fl-6"/>
      </object_component>
      <object_component id="oc-12a">
         <name>.debug_info</name>
         <load_address>0x33b9</load_address>
         <run_address>0x33b9</run_address>
         <size>0x86c</size>
         <input_file_ref idref="fl-6"/>
      </object_component>
      <object_component id="oc-2d9">
         <name>.debug_info</name>
         <load_address>0x3c25</load_address>
         <run_address>0x3c25</run_address>
         <size>0x91a</size>
         <input_file_ref idref="fl-7"/>
      </object_component>
      <object_component id="oc-2df">
         <name>.debug_info</name>
         <load_address>0x453f</load_address>
         <run_address>0x453f</run_address>
         <size>0xda</size>
         <input_file_ref idref="fl-7"/>
      </object_component>
      <object_component id="oc-12f">
         <name>.debug_info</name>
         <load_address>0x4619</load_address>
         <run_address>0x4619</run_address>
         <size>0xc6f</size>
         <input_file_ref idref="fl-7"/>
      </object_component>
      <object_component id="oc-20e">
         <name>.debug_info</name>
         <load_address>0x5288</load_address>
         <run_address>0x5288</run_address>
         <size>0x5f8</size>
         <input_file_ref idref="fl-8"/>
      </object_component>
      <object_component id="oc-20b">
         <name>.debug_info</name>
         <load_address>0x5880</load_address>
         <run_address>0x5880</run_address>
         <size>0xf5</size>
         <input_file_ref idref="fl-8"/>
      </object_component>
      <object_component id="oc-208">
         <name>.debug_info</name>
         <load_address>0x5975</load_address>
         <run_address>0x5975</run_address>
         <size>0xc3</size>
         <input_file_ref idref="fl-8"/>
      </object_component>
      <object_component id="oc-111">
         <name>.debug_info</name>
         <load_address>0x5a38</load_address>
         <run_address>0x5a38</run_address>
         <size>0x805</size>
         <input_file_ref idref="fl-8"/>
      </object_component>
      <object_component id="oc-2db">
         <name>.debug_info</name>
         <load_address>0x623d</load_address>
         <run_address>0x623d</run_address>
         <size>0x798</size>
         <input_file_ref idref="fl-9"/>
      </object_component>
      <object_component id="oc-156">
         <name>.debug_info</name>
         <load_address>0x69d5</load_address>
         <run_address>0x69d5</run_address>
         <size>0x71e</size>
         <input_file_ref idref="fl-a"/>
      </object_component>
      <object_component id="oc-258">
         <name>.debug_info</name>
         <load_address>0x70f3</load_address>
         <run_address>0x70f3</run_address>
         <size>0xd0</size>
         <input_file_ref idref="fl-a"/>
      </object_component>
      <object_component id="oc-118">
         <name>.debug_info</name>
         <load_address>0x71c3</load_address>
         <run_address>0x71c3</run_address>
         <size>0x79a</size>
         <input_file_ref idref="fl-a"/>
      </object_component>
      <object_component id="oc-146">
         <name>.debug_info</name>
         <load_address>0x795d</load_address>
         <run_address>0x795d</run_address>
         <size>0x139</size>
         <input_file_ref idref="fl-c8"/>
      </object_component>
      <object_component id="oc-142">
         <name>.debug_info</name>
         <load_address>0x7a96</load_address>
         <run_address>0x7a96</run_address>
         <size>0x139</size>
         <input_file_ref idref="fl-c9"/>
      </object_component>
      <object_component id="oc-14b">
         <name>.debug_info</name>
         <load_address>0x7bcf</load_address>
         <run_address>0x7bcf</run_address>
         <size>0x138</size>
         <input_file_ref idref="fl-ca"/>
      </object_component>
      <object_component id="oc-13c">
         <name>.debug_info</name>
         <load_address>0x7d07</load_address>
         <run_address>0x7d07</run_address>
         <size>0x12d</size>
         <input_file_ref idref="fl-cb"/>
      </object_component>
      <object_component id="oc-107">
         <name>.debug_info</name>
         <load_address>0x7e34</load_address>
         <run_address>0x7e34</run_address>
         <size>0x141</size>
         <input_file_ref idref="fl-cc"/>
      </object_component>
      <object_component id="oc-92">
         <name>.debug_info</name>
         <load_address>0x7f75</load_address>
         <run_address>0x7f75</run_address>
         <size>0x2d3</size>
         <input_file_ref idref="fl-cd"/>
      </object_component>
      <object_component id="oc-48">
         <name>.debug_info</name>
         <load_address>0x8248</load_address>
         <run_address>0x8248</run_address>
         <size>0x1d1</size>
         <input_file_ref idref="fl-cd"/>
      </object_component>
      <object_component id="oc-8d">
         <name>.debug_info</name>
         <load_address>0x8419</load_address>
         <run_address>0x8419</run_address>
         <size>0x46</size>
         <input_file_ref idref="fl-cd"/>
      </object_component>
      <object_component id="oc-cf">
         <name>.debug_info</name>
         <load_address>0x845f</load_address>
         <run_address>0x845f</run_address>
         <size>0x2c</size>
         <input_file_ref idref="fl-cd"/>
      </object_component>
      <object_component id="oc-46">
         <name>.debug_info</name>
         <load_address>0x848b</load_address>
         <run_address>0x848b</run_address>
         <size>0x2a7</size>
         <input_file_ref idref="fl-ce"/>
      </object_component>
      <object_component id="oc-19">
         <name>.debug_info</name>
         <load_address>0x8732</load_address>
         <run_address>0x8732</run_address>
         <size>0x1e9</size>
         <input_file_ref idref="fl-ce"/>
      </object_component>
      <object_component id="oc-41">
         <name>.debug_info</name>
         <load_address>0x891b</load_address>
         <run_address>0x891b</run_address>
         <size>0x46</size>
         <input_file_ref idref="fl-ce"/>
      </object_component>
      <object_component id="oc-85">
         <name>.debug_info</name>
         <load_address>0x8961</load_address>
         <run_address>0x8961</run_address>
         <size>0x2c</size>
         <input_file_ref idref="fl-ce"/>
      </object_component>
      <object_component id="oc-83">
         <name>.debug_info</name>
         <load_address>0x898d</load_address>
         <run_address>0x898d</run_address>
         <size>0x29d</size>
         <input_file_ref idref="fl-cf"/>
      </object_component>
      <object_component id="oc-13">
         <name>.debug_info</name>
         <load_address>0x8c2a</load_address>
         <run_address>0x8c2a</run_address>
         <size>0x24f</size>
         <input_file_ref idref="fl-cf"/>
      </object_component>
      <object_component id="oc-31">
         <name>.debug_info</name>
         <load_address>0x8e79</load_address>
         <run_address>0x8e79</run_address>
         <size>0x60</size>
         <input_file_ref idref="fl-cf"/>
      </object_component>
      <object_component id="oc-c8">
         <name>.debug_info</name>
         <load_address>0x8ed9</load_address>
         <run_address>0x8ed9</run_address>
         <size>0x46</size>
         <input_file_ref idref="fl-cf"/>
      </object_component>
      <object_component id="oc-7e">
         <name>.debug_info</name>
         <load_address>0x8f1f</load_address>
         <run_address>0x8f1f</run_address>
         <size>0x39</size>
         <input_file_ref idref="fl-cf"/>
      </object_component>
      <object_component id="oc-161">
         <name>.debug_info</name>
         <load_address>0x8f58</load_address>
         <run_address>0x8f58</run_address>
         <size>0x121</size>
         <input_file_ref idref="fl-d0"/>
      </object_component>
      <object_component id="oc-6d">
         <name>.debug_info</name>
         <load_address>0x9079</load_address>
         <run_address>0x9079</run_address>
         <size>0x3b1</size>
         <input_file_ref idref="fl-d2"/>
      </object_component>
      <object_component id="oc-22">
         <name>.debug_info</name>
         <load_address>0x942a</load_address>
         <run_address>0x942a</run_address>
         <size>0x10b</size>
         <input_file_ref idref="fl-d2"/>
      </object_component>
      <object_component id="oc-b8">
         <name>.debug_info</name>
         <load_address>0x9535</load_address>
         <run_address>0x9535</run_address>
         <size>0xb2</size>
         <input_file_ref idref="fl-d2"/>
      </object_component>
      <object_component id="oc-b3">
         <name>.debug_info</name>
         <load_address>0x95e7</load_address>
         <run_address>0x95e7</run_address>
         <size>0x2c</size>
         <input_file_ref idref="fl-d2"/>
      </object_component>
      <object_component id="oc-25">
         <name>.debug_info</name>
         <load_address>0x9613</load_address>
         <run_address>0x9613</run_address>
         <size>0x10a</size>
         <input_file_ref idref="fl-d3"/>
      </object_component>
      <object_component id="oc-5d">
         <name>.debug_info</name>
         <load_address>0x971d</load_address>
         <run_address>0x971d</run_address>
         <size>0x1a8</size>
         <input_file_ref idref="fl-d3"/>
      </object_component>
      <object_component id="oc-1b3">
         <name>.debug_info</name>
         <load_address>0x98c5</load_address>
         <run_address>0x98c5</run_address>
         <size>0x114</size>
         <input_file_ref idref="fl-d5"/>
      </object_component>
      <object_component id="oc-3e">
         <name>.debug_info</name>
         <load_address>0x99d9</load_address>
         <run_address>0x99d9</run_address>
         <size>0x118</size>
         <input_file_ref idref="fl-d6"/>
      </object_component>
      <object_component id="oc-30a">
         <name>.debug_info</name>
         <load_address>0x9af1</load_address>
         <run_address>0x9af1</run_address>
         <size>0x4b2</size>
         <input_file_ref idref="fl-d8"/>
      </object_component>
      <object_component id="oc-16b">
         <name>.debug_info</name>
         <load_address>0x9fa3</load_address>
         <run_address>0x9fa3</run_address>
         <size>0x1a5</size>
         <input_file_ref idref="fl-d8"/>
      </object_component>
      <object_component id="oc-3b5">
         <name>.debug_info</name>
         <load_address>0xa148</load_address>
         <run_address>0xa148</run_address>
         <size>0x39</size>
         <input_file_ref idref="fl-d8"/>
      </object_component>
      <object_component id="oc-3f6">
         <name>.debug_info</name>
         <load_address>0xa181</load_address>
         <run_address>0xa181</run_address>
         <size>0x39</size>
         <input_file_ref idref="fl-d8"/>
      </object_component>
      <object_component id="oc-3ba">
         <name>.debug_info</name>
         <load_address>0xa1ba</load_address>
         <run_address>0xa1ba</run_address>
         <size>0x39</size>
         <input_file_ref idref="fl-d8"/>
      </object_component>
      <object_component id="oc-3bf">
         <name>.debug_info</name>
         <load_address>0xa1f3</load_address>
         <run_address>0xa1f3</run_address>
         <size>0xcd</size>
         <input_file_ref idref="fl-d8"/>
      </object_component>
      <object_component id="oc-9d">
         <name>.debug_info</name>
         <load_address>0xa2c0</load_address>
         <run_address>0xa2c0</run_address>
         <size>0x152</size>
         <input_file_ref idref="fl-d9"/>
      </object_component>
      <object_component id="oc-335">
         <name>.debug_info</name>
         <load_address>0xa412</load_address>
         <run_address>0xa412</run_address>
         <size>0x3e4</size>
         <input_file_ref idref="fl-dc"/>
      </object_component>
      <object_component id="oc-3ca">
         <name>.debug_info</name>
         <load_address>0xa7f6</load_address>
         <run_address>0xa7f6</run_address>
         <size>0x170</size>
         <input_file_ref idref="fl-dc"/>
      </object_component>
      <object_component id="oc-3cd">
         <name>.debug_info</name>
         <load_address>0xa966</load_address>
         <run_address>0xa966</run_address>
         <size>0x172</size>
         <input_file_ref idref="fl-dc"/>
      </object_component>
      <object_component id="oc-360">
         <name>.debug_info</name>
         <load_address>0xaad8</load_address>
         <run_address>0xaad8</run_address>
         <size>0x164</size>
         <input_file_ref idref="fl-dc"/>
      </object_component>
      <object_component id="oc-202">
         <name>.debug_info</name>
         <load_address>0xac3c</load_address>
         <run_address>0xac3c</run_address>
         <size>0x2ac</size>
         <input_file_ref idref="fl-dc"/>
      </object_component>
      <object_component id="oc-32f">
         <name>.debug_info</name>
         <load_address>0xaee8</load_address>
         <run_address>0xaee8</run_address>
         <size>0x2bc</size>
         <input_file_ref idref="fl-dc"/>
      </object_component>
      <object_component id="oc-1c0">
         <name>.debug_info</name>
         <load_address>0xb1a4</load_address>
         <run_address>0xb1a4</run_address>
         <size>0x31f</size>
         <input_file_ref idref="fl-dc"/>
      </object_component>
      <object_component id="oc-216">
         <name>.debug_info</name>
         <load_address>0xb4c3</load_address>
         <run_address>0xb4c3</run_address>
         <size>0x29b</size>
         <input_file_ref idref="fl-dc"/>
      </object_component>
      <object_component id="oc-27f">
         <name>.debug_info</name>
         <load_address>0xb75e</load_address>
         <run_address>0xb75e</run_address>
         <size>0x29d</size>
         <input_file_ref idref="fl-dc"/>
      </object_component>
      <object_component id="oc-2c7">
         <name>.debug_info</name>
         <load_address>0xb9fb</load_address>
         <run_address>0xb9fb</run_address>
         <size>0x299</size>
         <input_file_ref idref="fl-dc"/>
      </object_component>
      <object_component id="oc-1e4">
         <name>.debug_info</name>
         <load_address>0xbc94</load_address>
         <run_address>0xbc94</run_address>
         <size>0x2c0</size>
         <input_file_ref idref="fl-dc"/>
      </object_component>
      <object_component id="oc-1ba">
         <name>.debug_info</name>
         <load_address>0xbf54</load_address>
         <run_address>0xbf54</run_address>
         <size>0x2a5</size>
         <input_file_ref idref="fl-dc"/>
      </object_component>
      <object_component id="oc-1f0">
         <name>.debug_info</name>
         <load_address>0xc1f9</load_address>
         <run_address>0xc1f9</run_address>
         <size>0x284</size>
         <input_file_ref idref="fl-dc"/>
      </object_component>
      <object_component id="oc-210">
         <name>.debug_info</name>
         <load_address>0xc47d</load_address>
         <run_address>0xc47d</run_address>
         <size>0x289</size>
         <input_file_ref idref="fl-dc"/>
      </object_component>
      <object_component id="oc-33a">
         <name>.debug_info</name>
         <load_address>0xc706</load_address>
         <run_address>0xc706</run_address>
         <size>0x2a1</size>
         <input_file_ref idref="fl-dc"/>
      </object_component>
      <object_component id="oc-1c6">
         <name>.debug_info</name>
         <load_address>0xc9a7</load_address>
         <run_address>0xc9a7</run_address>
         <size>0x2c4</size>
         <input_file_ref idref="fl-dc"/>
      </object_component>
      <object_component id="oc-1ea">
         <name>.debug_info</name>
         <load_address>0xcc6b</load_address>
         <run_address>0xcc6b</run_address>
         <size>0x288</size>
         <input_file_ref idref="fl-dc"/>
      </object_component>
      <object_component id="oc-1d2">
         <name>.debug_info</name>
         <load_address>0xcef3</load_address>
         <run_address>0xcef3</run_address>
         <size>0x2d8</size>
         <input_file_ref idref="fl-dc"/>
      </object_component>
      <object_component id="oc-1cc">
         <name>.debug_info</name>
         <load_address>0xd1cb</load_address>
         <run_address>0xd1cb</run_address>
         <size>0x298</size>
         <input_file_ref idref="fl-dc"/>
      </object_component>
      <object_component id="oc-1fc">
         <name>.debug_info</name>
         <load_address>0xd463</load_address>
         <run_address>0xd463</run_address>
         <size>0x296</size>
         <input_file_ref idref="fl-dc"/>
      </object_component>
      <object_component id="oc-34a">
         <name>.debug_info</name>
         <load_address>0xd6f9</load_address>
         <run_address>0xd6f9</run_address>
         <size>0x3b7</size>
         <input_file_ref idref="fl-dd"/>
      </object_component>
      <object_component id="oc-368">
         <name>.debug_info</name>
         <load_address>0xdab0</load_address>
         <run_address>0xdab0</run_address>
         <size>0x157</size>
         <input_file_ref idref="fl-dd"/>
      </object_component>
      <object_component id="oc-347">
         <name>.debug_info</name>
         <load_address>0xdc07</load_address>
         <run_address>0xdc07</run_address>
         <size>0x15b</size>
         <input_file_ref idref="fl-dd"/>
      </object_component>
      <object_component id="oc-3d1">
         <name>.debug_info</name>
         <load_address>0xdd62</load_address>
         <run_address>0xdd62</run_address>
         <size>0x160</size>
         <input_file_ref idref="fl-dd"/>
      </object_component>
      <object_component id="oc-340">
         <name>.debug_info</name>
         <load_address>0xdec2</load_address>
         <run_address>0xdec2</run_address>
         <size>0x2ca</size>
         <input_file_ref idref="fl-dd"/>
      </object_component>
      <object_component id="oc-22e">
         <name>.debug_info</name>
         <load_address>0xe18c</load_address>
         <run_address>0xe18c</run_address>
         <size>0x2d2</size>
         <input_file_ref idref="fl-dd"/>
      </object_component>
      <object_component id="oc-1de">
         <name>.debug_info</name>
         <load_address>0xe45e</load_address>
         <run_address>0xe45e</run_address>
         <size>0x247</size>
         <input_file_ref idref="fl-dd"/>
      </object_component>
      <object_component id="oc-1d8">
         <name>.debug_info</name>
         <load_address>0xe6a5</load_address>
         <run_address>0xe6a5</run_address>
         <size>0x271</size>
         <input_file_ref idref="fl-dd"/>
      </object_component>
      <object_component id="oc-37c">
         <name>.debug_info</name>
         <load_address>0xe916</load_address>
         <run_address>0xe916</run_address>
         <size>0x396</size>
         <input_file_ref idref="fl-de"/>
      </object_component>
      <object_component id="oc-266">
         <name>.debug_info</name>
         <load_address>0xecac</load_address>
         <run_address>0xecac</run_address>
         <size>0x2ff</size>
         <input_file_ref idref="fl-de"/>
      </object_component>
      <object_component id="oc-26c">
         <name>.debug_info</name>
         <load_address>0xefab</load_address>
         <run_address>0xefab</run_address>
         <size>0x2cd</size>
         <input_file_ref idref="fl-de"/>
      </object_component>
      <object_component id="oc-2d4">
         <name>.debug_info</name>
         <load_address>0xf278</load_address>
         <run_address>0xf278</run_address>
         <size>0x2bf</size>
         <input_file_ref idref="fl-de"/>
      </object_component>
      <object_component id="oc-261">
         <name>.debug_info</name>
         <load_address>0xf537</load_address>
         <run_address>0xf537</run_address>
         <size>0x289</size>
         <input_file_ref idref="fl-de"/>
      </object_component>
      <object_component id="oc-273">
         <name>.debug_info</name>
         <load_address>0xf7c0</load_address>
         <run_address>0xf7c0</run_address>
         <size>0x27f</size>
         <input_file_ref idref="fl-de"/>
      </object_component>
      <object_component id="oc-2cd">
         <name>.debug_info</name>
         <load_address>0xfa3f</load_address>
         <run_address>0xfa3f</run_address>
         <size>0x2bc</size>
         <input_file_ref idref="fl-de"/>
      </object_component>
      <object_component id="oc-19f">
         <name>.debug_info</name>
         <load_address>0xfcfb</load_address>
         <run_address>0xfcfb</run_address>
         <size>0x441</size>
         <input_file_ref idref="fl-df"/>
      </object_component>
      <object_component id="oc-2f1">
         <name>.debug_info</name>
         <load_address>0x1013c</load_address>
         <run_address>0x1013c</run_address>
         <size>0x156</size>
         <input_file_ref idref="fl-df"/>
      </object_component>
      <object_component id="oc-d9">
         <name>.debug_info</name>
         <load_address>0x10292</load_address>
         <run_address>0x10292</run_address>
         <size>0x28c</size>
         <input_file_ref idref="fl-df"/>
      </object_component>
      <object_component id="oc-df">
         <name>.debug_info</name>
         <load_address>0x1051e</load_address>
         <run_address>0x1051e</run_address>
         <size>0x286</size>
         <input_file_ref idref="fl-df"/>
      </object_component>
      <object_component id="oc-2c1">
         <name>.debug_info</name>
         <load_address>0x107a4</load_address>
         <run_address>0x107a4</run_address>
         <size>0x26c</size>
         <input_file_ref idref="fl-df"/>
      </object_component>
      <object_component id="oc-10b">
         <name>.debug_info</name>
         <load_address>0x10a10</load_address>
         <run_address>0x10a10</run_address>
         <size>0x2e4</size>
         <input_file_ref idref="fl-df"/>
      </object_component>
      <object_component id="oc-135">
         <name>.debug_info</name>
         <load_address>0x10cf4</load_address>
         <run_address>0x10cf4</run_address>
         <size>0x2be</size>
         <input_file_ref idref="fl-df"/>
      </object_component>
      <object_component id="oc-321">
         <name>.debug_info</name>
         <load_address>0x10fb2</load_address>
         <run_address>0x10fb2</run_address>
         <size>0x51</size>
         <input_file_ref idref="fl-df"/>
      </object_component>
      <object_component id="oc-25d">
         <name>.debug_info</name>
         <load_address>0x11003</load_address>
         <run_address>0x11003</run_address>
         <size>0x346</size>
         <input_file_ref idref="fl-e0"/>
      </object_component>
      <object_component id="oc-2e2">
         <name>.debug_info</name>
         <load_address>0x11349</load_address>
         <run_address>0x11349</run_address>
         <size>0x235</size>
         <input_file_ref idref="fl-e0"/>
      </object_component>
      <object_component id="oc-11d">
         <name>.debug_info</name>
         <load_address>0x1157e</load_address>
         <run_address>0x1157e</run_address>
         <size>0x26a</size>
         <input_file_ref idref="fl-e0"/>
      </object_component>
      <object_component id="oc-123">
         <name>.debug_info</name>
         <load_address>0x117e8</load_address>
         <run_address>0x117e8</run_address>
         <size>0x22a</size>
         <input_file_ref idref="fl-e0"/>
      </object_component>
      <object_component id="oc-387">
         <name>.debug_info</name>
         <load_address>0x11a12</load_address>
         <run_address>0x11a12</run_address>
         <size>0x3c7</size>
         <input_file_ref idref="fl-e1"/>
      </object_component>
      <object_component id="oc-3ed">
         <name>.debug_info</name>
         <load_address>0x11dd9</load_address>
         <run_address>0x11dd9</run_address>
         <size>0x163</size>
         <input_file_ref idref="fl-e1"/>
      </object_component>
      <object_component id="oc-3f0">
         <name>.debug_info</name>
         <load_address>0x11f3c</load_address>
         <run_address>0x11f3c</run_address>
         <size>0x175</size>
         <input_file_ref idref="fl-e1"/>
      </object_component>
      <object_component id="oc-2bb">
         <name>.debug_info</name>
         <load_address>0x120b1</load_address>
         <run_address>0x120b1</run_address>
         <size>0x293</size>
         <input_file_ref idref="fl-e1"/>
      </object_component>
      <object_component id="oc-28b">
         <name>.debug_info</name>
         <load_address>0x12344</load_address>
         <run_address>0x12344</run_address>
         <size>0x2cb</size>
         <input_file_ref idref="fl-e1"/>
      </object_component>
      <object_component id="oc-297">
         <name>.debug_info</name>
         <load_address>0x1260f</load_address>
         <run_address>0x1260f</run_address>
         <size>0x2c3</size>
         <input_file_ref idref="fl-e1"/>
      </object_component>
      <object_component id="oc-38c">
         <name>.debug_info</name>
         <load_address>0x128d2</load_address>
         <run_address>0x128d2</run_address>
         <size>0x2f4</size>
         <input_file_ref idref="fl-e1"/>
      </object_component>
      <object_component id="oc-2af">
         <name>.debug_info</name>
         <load_address>0x12bc6</load_address>
         <run_address>0x12bc6</run_address>
         <size>0x28d</size>
         <input_file_ref idref="fl-e1"/>
      </object_component>
      <object_component id="oc-29d">
         <name>.debug_info</name>
         <load_address>0x12e53</load_address>
         <run_address>0x12e53</run_address>
         <size>0x2ed</size>
         <input_file_ref idref="fl-e1"/>
      </object_component>
      <object_component id="oc-2a3">
         <name>.debug_info</name>
         <load_address>0x13140</load_address>
         <run_address>0x13140</run_address>
         <size>0x29d</size>
         <input_file_ref idref="fl-e1"/>
      </object_component>
      <object_component id="oc-2b5">
         <name>.debug_info</name>
         <load_address>0x133dd</load_address>
         <run_address>0x133dd</run_address>
         <size>0x29b</size>
         <input_file_ref idref="fl-e1"/>
      </object_component>
      <object_component id="oc-2a9">
         <name>.debug_info</name>
         <load_address>0x13678</load_address>
         <run_address>0x13678</run_address>
         <size>0x288</size>
         <input_file_ref idref="fl-e1"/>
      </object_component>
      <object_component id="oc-2e8">
         <name>.debug_info</name>
         <load_address>0x13900</load_address>
         <run_address>0x13900</run_address>
         <size>0x28a</size>
         <input_file_ref idref="fl-e1"/>
      </object_component>
      <object_component id="oc-291">
         <name>.debug_info</name>
         <load_address>0x13b8a</load_address>
         <run_address>0x13b8a</run_address>
         <size>0x2cd</size>
         <input_file_ref idref="fl-e1"/>
      </object_component>
      <object_component id="oc-285">
         <name>.debug_info</name>
         <load_address>0x13e57</load_address>
         <run_address>0x13e57</run_address>
         <size>0x295</size>
         <input_file_ref idref="fl-e1"/>
      </object_component>
      <object_component id="oc-1a8">
         <name>.debug_info</name>
         <load_address>0x140ec</load_address>
         <run_address>0x140ec</run_address>
         <size>0x3cb</size>
         <input_file_ref idref="fl-e2"/>
      </object_component>
      <object_component id="oc-3e0">
         <name>.debug_info</name>
         <load_address>0x144b7</load_address>
         <run_address>0x144b7</run_address>
         <size>0x160</size>
         <input_file_ref idref="fl-e2"/>
      </object_component>
      <object_component id="oc-3e3">
         <name>.debug_info</name>
         <load_address>0x14617</load_address>
         <run_address>0x14617</run_address>
         <size>0x172</size>
         <input_file_ref idref="fl-e2"/>
      </object_component>
      <object_component id="oc-36d">
         <name>.debug_info</name>
         <load_address>0x14789</load_address>
         <run_address>0x14789</run_address>
         <size>0x287</size>
         <input_file_ref idref="fl-e2"/>
      </object_component>
      <object_component id="oc-23a">
         <name>.debug_info</name>
         <load_address>0x14a10</load_address>
         <run_address>0x14a10</run_address>
         <size>0x288</size>
         <input_file_ref idref="fl-e2"/>
      </object_component>
      <object_component id="oc-234">
         <name>.debug_info</name>
         <load_address>0x14c98</load_address>
         <run_address>0x14c98</run_address>
         <size>0x2cc</size>
         <input_file_ref idref="fl-e2"/>
      </object_component>
      <object_component id="oc-228">
         <name>.debug_info</name>
         <load_address>0x14f64</load_address>
         <run_address>0x14f64</run_address>
         <size>0x298</size>
         <input_file_ref idref="fl-e2"/>
      </object_component>
      <object_component id="oc-240">
         <name>.debug_info</name>
         <load_address>0x151fc</load_address>
         <run_address>0x151fc</run_address>
         <size>0x296</size>
         <input_file_ref idref="fl-e2"/>
      </object_component>
      <object_component id="oc-222">
         <name>.debug_info</name>
         <load_address>0x15492</load_address>
         <run_address>0x15492</run_address>
         <size>0x2d8</size>
         <input_file_ref idref="fl-e2"/>
      </object_component>
      <object_component id="oc-21d">
         <name>.debug_info</name>
         <load_address>0x1576a</load_address>
         <run_address>0x1576a</run_address>
         <size>0x258</size>
         <input_file_ref idref="fl-e2"/>
      </object_component>
      <object_component id="oc-253">
         <name>.debug_info</name>
         <load_address>0x159c2</load_address>
         <run_address>0x159c2</run_address>
         <size>0x28c</size>
         <input_file_ref idref="fl-e2"/>
      </object_component>
      <object_component id="oc-ec">
         <name>.debug_info</name>
         <load_address>0x15c4e</load_address>
         <run_address>0x15c4e</run_address>
         <size>0x250</size>
         <input_file_ref idref="fl-e2"/>
      </object_component>
      <object_component id="oc-1a3">
         <name>.debug_info</name>
         <load_address>0x15e9e</load_address>
         <run_address>0x15e9e</run_address>
         <size>0x252</size>
         <input_file_ref idref="fl-e2"/>
      </object_component>
      <object_component id="oc-e6">
         <name>.debug_info</name>
         <load_address>0x160f0</load_address>
         <run_address>0x160f0</run_address>
         <size>0x32f</size>
         <input_file_ref idref="fl-e2"/>
      </object_component>
      <object_component id="oc-24d">
         <name>.debug_info</name>
         <load_address>0x1641f</load_address>
         <run_address>0x1641f</run_address>
         <size>0x25c</size>
         <input_file_ref idref="fl-e2"/>
      </object_component>
      <object_component id="oc-f2">
         <name>.debug_info</name>
         <load_address>0x1667b</load_address>
         <run_address>0x1667b</run_address>
         <size>0x27c</size>
         <input_file_ref idref="fl-e2"/>
      </object_component>
      <object_component id="oc-247">
         <name>.debug_info</name>
         <load_address>0x168f7</load_address>
         <run_address>0x168f7</run_address>
         <size>0x26c</size>
         <input_file_ref idref="fl-e2"/>
      </object_component>
      <object_component id="oc-f8">
         <name>.debug_info</name>
         <load_address>0x16b63</load_address>
         <run_address>0x16b63</run_address>
         <size>0x256</size>
         <input_file_ref idref="fl-e2"/>
      </object_component>
      <object_component id="oc-34c">
         <name>.debug_info</name>
         <load_address>0x16db9</load_address>
         <run_address>0x16db9</run_address>
         <size>0x21b</size>
         <input_file_ref idref="fl-e3"/>
      </object_component>
      <object_component id="oc-43e">
         <name>.debug_info</name>
         <load_address>0x16fd4</load_address>
         <run_address>0x16fd4</run_address>
         <size>0x8d</size>
      </object_component>
      <object_component id="oc-19d">
         <name>.debug_line</name>
         <load_address>0x0</load_address>
         <run_address>0x0</run_address>
         <size>0x159</size>
[...]
         <name>UARTStdioConfig</name>
         <value>0x89d</value>
         <object_component_ref idref="oc-9f"/>
      </symbol>
      <symbol id="sm-c6">
         <name>main</name>
         <value>0xd33</value>
         <object_component_ref idref="oc-9f"/>
      </symbol>
      <symbol id="sm-c7">
         <name>UARTwrite</name>
         <value>0x8e3</value>
         <object_component_ref idref="oc-9f"/>
      </symbol>
      <symbol id="sm-c8">
         <name>UARTprintf</name>
         <value>0xd0f</value>
         <object_component_ref idref="oc-9f"/>
      </symbol>
      <symbol id="sm-c9">
         <name>UARTvprintf</name>
         <value>0xa15</value>
         <object_component_ref idref="oc-9f"/>
      </symbol>
      <symbol id="sm-ea">
         <name>ResetISR</name>
         <value>0x26a5</value>
         <object_component_ref idref="oc-27"/>
      </symbol>
      <symbol id="sm-eb">
         <name>g_pfnVectors</name>
         <value>0x0</value>
         <object_component_ref idref="oc-f"/>
      </symbol>
      <symbol id="sm-102">
         <name>M1PWM567Init</name>
         <value>0x1709</value>
         <object_component_ref idref="oc-1f5"/>
      </symbol>
      <symbol id="sm-103">
         <name>M1PWM567SetDuty</name>
         <value>0x184d</value>
         <object_component_ref idref="oc-1f5"/>
      </symbol>
      <symbol id="sm-144">
         <name>MotorInit</name>
         <value>0xff5</value>
         <object_component_ref idref="oc-128"/>
      </symbol>
      <symbol id="sm-145">
         <name>nowDirection</name>
         <value>0x20000595</value>
         <object_component_ref idref="oc-277"/>
      </symbol>
      <symbol id="sm-146">
         <name>nowSpeed</name>
         <value>0x2000055c</value>
         <object_component_ref idref="oc-27a"/>
      </symbol>
      <symbol id="sm-147">
         <name>MotorCommandQuery</name>
         <value>0x1025</value>
         <object_component_ref idref="oc-128"/>
      </symbol>
      <symbol id="sm-148">
         <name>MotorGPIOInit</name>
         <value>0xe49</value>
         <object_component_ref idref="oc-128"/>
      </symbol>
      <symbol id="sm-149">
         <name>MotorDirectionSet</name>
         <value>0xe6b</value>
         <object_component_ref idref="oc-128"/>
      </symbol>
      <symbol id="sm-14a">
         <name>MotorSpeedSet</name>
         <value>0xed3</value>
         <object_component_ref idref="oc-128"/>
      </symbol>
      <symbol id="sm-1ba">
         <name>intStatus</name>
         <value>0x2000053c</value>
      </symbol>
      <symbol id="sm-1bb">
         <name>WT5CCP0Frequency</name>
         <value>0x20000538</value>
      </symbol>
      <symbol id="sm-1bc">
         <name>WTimer5Capture0Init</name>
         <value>0x625</value>
         <object_component_ref idref="oc-12e"/>
      </symbol>
      <symbol id="sm-1bd">
         <name>InfraredIntHandler</name>
         <value>0x2e3</value>
         <object_component_ref idref="oc-12e"/>
      </symbol>
      <symbol id="sm-1be">
         <name>WTimer5Capture0IntHandler</name>
         <value>0x6b1</value>
         <object_component_ref idref="oc-12e"/>
      </symbol>
      <symbol id="sm-1bf">
         <name>InfraredInit</name>
         <value>0x26d</value>
         <object_component_ref idref="oc-12e"/>
      </symbol>
      <symbol id="sm-1c0">
         <name>WT5CCP0Completed</name>
         <value>0x20000540</value>
         <object_component_ref idref="oc-2de"/>
      </symbol>
      <symbol id="sm-1c1">
         <name>WTimer5Capture0GetFrequency</name>
         <value>0x77d</value>
         <object_component_ref idref="oc-12e"/>
      </symbol>
      <symbol id="sm-1c2">
         <name>MotorPWMInit</name>
         <value>0x469</value>
         <object_component_ref idref="oc-12e"/>
      </symbol>
      <symbol id="sm-207">
         <name>leaderCodeFlag</name>
         <value>0x2000056c</value>
         <object_component_ref idref="oc-20a"/>
      </symbol>
      <symbol id="sm-208">
         <name>frameData</name>
         <value>0x20000570</value>
         <object_component_ref idref="oc-20a"/>
      </symbol>
      <symbol id="sm-209">
         <name>GetPE3HighTime</name>
         <value>0x133d</value>
         <object_component_ref idref="oc-110"/>
      </symbol>
      <symbol id="sm-20a">
         <name>GPIOLEDInit</name>
         <value>0x1217</value>
         <object_component_ref idref="oc-110"/>
      </symbol>
      <symbol id="sm-20b">
         <name>GPIOKey1Init</name>
         <value>0x11d5</value>
         <object_component_ref idref="oc-110"/>
      </symbol>
      <symbol id="sm-20c">
         <name>IntHandler_GPIOF</name>
         <value>0x1235</value>
         <object_component_ref idref="oc-110"/>
      </symbol>
      <symbol id="sm-20d">
         <name>IntHandler_GPIOE</name>
         <value>0x1387</value>
         <object_component_ref idref="oc-110"/>
      </symbol>
      <symbol id="sm-20e">
         <name>GPIOPE3Init</name>
         <value>0x12fb</value>
         <object_component_ref idref="oc-110"/>
      </symbol>
      <symbol id="sm-24d">
         <name>uart0RxBuff</name>
         <value>0x20000470</value>
      </symbol>
      <symbol id="sm-24e">
         <name>uart1RxBuff</name>
         <value>0x200004d4</value>
      </symbol>
      <symbol id="sm-24f">
         <name>UART1IntHandler</name>
         <value>0x15fd</value>
         <object_component_ref idref="oc-116"/>
      </symbol>
      <symbol id="sm-250">
         <name>UART0IntHandler</name>
         <value>0x14fb</value>
         <object_component_ref idref="oc-116"/>
      </symbol>
      <symbol id="sm-251">
         <name>uart1RxLength</name>
         <value>0x20000578</value>
         <object_component_ref idref="oc-257"/>
      </symbol>
      <symbol id="sm-252">
         <name>UART1Init</name>
         <value>0x158b</value>
         <object_component_ref idref="oc-116"/>
      </symbol>
      <symbol id="sm-253">
         <name>UART0Init</name>
         <value>0x1491</value>
         <object_component_ref idref="oc-116"/>
      </symbol>
      <symbol id="sm-254">
         <name>UART1puts</name>
         <value>0x169b</value>
         <object_component_ref idref="oc-116"/>
      </symbol>
      <symbol id="sm-26b">
         <name>__aeabi_ddiv</name>
         <value>0x1a29</value>
         <object_component_ref idref="oc-145"/>
      </symbol>
      <symbol id="sm-276">
         <name>__aeabi_dmul</name>
         <value>0x1c79</value>
         <object_component_ref idref="oc-140"/>
      </symbol>
      <symbol id="sm-280">
         <name>__aeabi_d2uiz</name>
         <value>0x21f5</value>
         <object_component_ref idref="oc-14a"/>
      </symbol>
      <symbol id="sm-28a">
         <name>__aeabi_ui2d</name>
         <value>0x2421</value>
         <object_component_ref idref="oc-13b"/>
      </symbol>
      <symbol id="sm-299">
         <name>__aeabi_uidivmod</name>
         <value>0x2279</value>
         <object_component_ref idref="oc-105"/>
      </symbol>
      <symbol id="sm-29a">
         <name>__aeabi_uidiv</name>
         <value>0x2279</value>
         <object_component_ref idref="oc-105"/>
      </symbol>
      <symbol id="sm-2b3">
         <name>__TI_zero_init_nomemset</name>
         <value>0x245f</value>
         <object_component_ref idref="oc-47"/>
      </symbol>
      <symbol id="sm-2ca">
         <name>__TI_decompress_none</name>
         <value>0x2665</value>
         <object_component_ref idref="oc-18"/>
      </symbol>
      <symbol id="sm-2ed">
         <name>__TI_decompress_lzss</name>
         <value>0x1f6d</value>
         <object_component_ref idref="oc-12"/>
      </symbol>
      <symbol id="sm-2f8">
         <name>C$$EXIT</name>
         <value>0x2727</value>
         <object_component_ref idref="oc-15e"/>
      </symbol>
      <symbol id="sm-2f9">
         <name>abort</name>
         <value>0x2727</value>
         <object_component_ref idref="oc-15e"/>
      </symbol>
      <symbol id="sm-30f">
         <name>_sys_memory</name>
         <value>0x20000598</value>
         <object_component_ref idref="oc-21"/>
      </symbol>
      <symbol id="sm-322">
         <name>__stack</name>
         <value>0x20000270</value>
         <object_component_ref idref="oc-24"/>
      </symbol>
      <symbol id="sm-323">
         <name>_c_int00_noargs</name>
         <value>0x2359</value>
         <object_component_ref idref="oc-59"/>
      </symbol>
      <symbol id="sm-32e">
         <name>__aeabi_idiv0</name>
         <value>0x1b5f</value>
         <object_component_ref idref="oc-1b2"/>
      </symbol>
      <symbol id="sm-32f">
         <name>__aeabi_ldiv0</name>
         <value>0x1b5f</value>
         <object_component_ref idref="oc-1b2"/>
      </symbol>
      <symbol id="sm-34a">
         <name>memcpy</name>
         <value>0x1e69</value>
         <object_component_ref idref="oc-3b"/>
      </symbol>
      <symbol id="sm-34b">
         <name>__aeabi_memcpy</name>
         <value>0x1e69</value>
         <object_component_ref idref="oc-3b"/>
      </symbol>
      <symbol id="sm-34c">
         <name>__aeabi_memcpy8</name>
         <value>0x1e69</value>
         <object_component_ref idref="oc-3b"/>
      </symbol>
      <symbol id="sm-34d">
         <name>__aeabi_memcpy4</name>
         <value>0x1e69</value>
         <object_component_ref idref="oc-3b"/>
      </symbol>
      <symbol id="sm-376">
         <name>__TI_auto_init_nobinit_nopinit</name>
         <value>0x21b1</value>
         <object_component_ref idref="oc-16a"/>
      </symbol>
      <symbol id="sm-380">
         <name>_system_pre_init</name>
         <value>0x2723</value>
         <object_component_ref idref="oc-99"/>
      </symbol>
      <symbol id="sm-433">
         <name>GPIOPinTypePWM</name>
         <value>0x250b</value>
         <object_component_ref idref="oc-2c6"/>
      </symbol>
      <symbol id="sm-434">
         <name>GPIOIntRegister</name>
         <value>0x2495</value>
         <object_component_ref idref="oc-1d1"/>
      </symbol>
      <symbol id="sm-435">
         <name>GPIOPinConfigure</name>
         <value>0x208d</value>
         <object_component_ref idref="oc-20f"/>
      </symbol>
      <symbol id="sm-436">
         <name>GPIOIntEnable</name>
         <value>0x267f</value>
         <object_component_ref idref="oc-1cb"/>
      </symbol>
      <symbol id="sm-437">
         <name>GPIOIntTypeSet</name>
         <value>0x2035</value>
         <object_component_ref idref="oc-1c5"/>
      </symbol>
      <symbol id="sm-438">
         <name>GPIOPinTypeGPIOInput</name>
         <value>0x24f5</value>
         <object_component_ref idref="oc-1b9"/>
      </symbol>
      <symbol id="sm-439">
         <name>GPIOIntClear</name>
         <value>0x26fd</value>
         <object_component_ref idref="oc-1fb"/>
      </symbol>
      <symbol id="sm-43a">
         <name>GPIOPinTypeUART</name>
         <value>0x2537</value>
         <object_component_ref idref="oc-215"/>
      </symbol>
      <symbol id="sm-43b">
         <name>GPIOIntStatus</name>
         <value>0x262d</value>
         <object_component_ref idref="oc-1e9"/>
      </symbol>
      <symbol id="sm-43c">
         <name>GPIOPinTypeGPIOOutput</name>
         <value>0x247b</value>
         <object_component_ref idref="oc-1e3"/>
      </symbol>
      <symbol id="sm-43d">
         <name>GPIOPinRead</name>
         <value>0x2703</value>
         <object_component_ref idref="oc-1ef"/>
      </symbol>
      <symbol id="sm-43e">
         <name>GPIODirModeSet</name>
         <value>0x238d</value>
         <object_component_ref idref="oc-32e"/>
      </symbol>
      <symbol id="sm-43f">
         <name>GPIOPinWrite</name>
         <value>0x2709</value>
         <object_component_ref idref="oc-201"/>
      </symbol>
      <symbol id="sm-440">
         <name>GPIOPadConfigSet</name>
         <value>0x18bd</value>
         <object_component_ref idref="oc-1bf"/>
      </symbol>
      <symbol id="sm-441">
         <name>GPIOPinTypeTimer</name>
         <value>0x2521</value>
         <object_component_ref idref="oc-27e"/>
      </symbol>
      <symbol id="sm-48c">
         <name>IntPrioritySet</name>
         <value>0x23b9</value>
         <object_component_ref idref="oc-22d"/>
      </symbol>
      <symbol id="sm-48d">
         <name>IntEnable</name>
         <value>0x1f05</value>
         <object_component_ref idref="oc-1d7"/>
      </symbol>
      <symbol id="sm-48e">
         <name>IntRegister</name>
         <value>0x22f1</value>
         <object_component_ref idref="oc-33f"/>
      </symbol>
      <symbol id="sm-48f">
         <name>g_pfnRAMVectors</name>
         <value>0x20000000</value>
         <object_component_ref idref="oc-3d0"/>
      </symbol>
      <symbol id="sm-490">
         <name>IntMasterEnable</name>
         <value>0x25fd</value>
         <object_component_ref idref="oc-1dd"/>
      </symbol>
      <symbol id="sm-4c5">
         <name>PWMGenPeriodSet</name>
         <value>0x260d</value>
         <object_component_ref idref="oc-2d2"/>
      </symbol>
      <symbol id="sm-4c6">
         <name>PWMPulseWidthSet</name>
         <value>0x2441</value>
         <object_component_ref idref="oc-265"/>
      </symbol>
      <symbol id="sm-4c7">
         <name>PWMGenPeriodGet</name>
         <value>0x25b5</value>
         <object_component_ref idref="oc-25f"/>
      </symbol>
      <symbol id="sm-4c8">
         <name>PWMOutputState</name>
         <value>0x25c7</value>
         <object_component_ref idref="oc-26b"/>
      </symbol>
      <symbol id="sm-4c9">
         <name>PWMGenEnable</name>
         <value>0x268b</value>
         <object_component_ref idref="oc-271"/>
      </symbol>
      <symbol id="sm-4ca">
         <name>PWMGenConfigure</name>
         <value>0x23dd</value>
         <object_component_ref idref="oc-2cc"/>
      </symbol>
      <symbol id="sm-532">
         <name>SysCtlPeripheralPresent</name>
         <value>0x22b9</value>
         <object_component_ref idref="oc-d8"/>
      </symbol>
      <symbol id="sm-533">
         <name>SysCtlClockSet</name>
         <value>0x1d75</value>
         <object_component_ref idref="oc-10a"/>
      </symbol>
      <symbol id="sm-534">
         <name>SysCtlDelay</name>
         <value>0x270f</value>
         <object_component_ref idref="oc-13a"/>
      </symbol>
      <symbol id="sm-535">
         <name>SysCtlPeripheralEnable</name>
         <value>0x2325</value>
         <object_component_ref idref="oc-de"/>
      </symbol>
      <symbol id="sm-536">
         <name>SysCtlClockGet</name>
         <value>0x1b61</value>
         <object_component_ref idref="oc-134"/>
      </symbol>
      <symbol id="sm-537">
         <name>SysCtlPWMClockSet</name>
         <value>0x2565</value>
         <object_component_ref idref="oc-2c0"/>
      </symbol>
      <symbol id="sm-55a">
         <name>SysTickEnable</name>
         <value>0x2579</value>
         <object_component_ref idref="oc-122"/>
      </symbol>
      <symbol id="sm-55b">
         <name>SysTickValueGet</name>
         <value>0x2699</value>
         <object_component_ref idref="oc-2e1"/>
      </symbol>
      <symbol id="sm-55c">
         <name>SysTickPeriodSet</name>
         <value>0x261d</value>
         <object_component_ref idref="oc-11c"/>
      </symbol>
      <symbol id="sm-5e1">
         <name>TimerLoadSet</name>
         <value>0x25d9</value>
         <object_component_ref idref="oc-296"/>
      </symbol>
      <symbol id="sm-5e2">
         <name>TimerDisable</name>
         <value>0x24ad</value>
         <object_component_ref idref="oc-2e7"/>
      </symbol>
      <symbol id="sm-5e3">
         <name>TimerIntRegister</name>
         <value>0x24c5</value>
         <object_component_ref idref="oc-29c"/>
      </symbol>
      <symbol id="sm-5e4">
         <name>TimerEnable</name>
         <value>0x263b</value>
         <object_component_ref idref="oc-2a8"/>
      </symbol>
      <symbol id="sm-5e5">
         <name>TimerIntStatus</name>
         <value>0x26b1</value>
         <object_component_ref idref="oc-2ae"/>
      </symbol>
      <symbol id="sm-5e6">
         <name>TimerValueGet</name>
         <value>0x26bb</value>
         <object_component_ref idref="oc-2ba"/>
      </symbol>
      <symbol id="sm-5e7">
         <name>TimerPrescaleSet</name>
         <value>0x25eb</value>
         <object_component_ref idref="oc-28a"/>
      </symbol>
      <symbol id="sm-5e8">
         <name>TimerIntEnable</name>
         <value>0x26ed</value>
         <object_component_ref idref="oc-2a2"/>
      </symbol>
      <symbol id="sm-5e9">
         <name>TimerConfigure</name>
         <value>0x1fd5</value>
         <object_component_ref idref="oc-284"/>
      </symbol>
      <symbol id="sm-5ea">
         <name>TimerControlEvent</name>
         <value>0x254d</value>
         <object_component_ref idref="oc-290"/>
      </symbol>
      <symbol id="sm-5eb">
         <name>TimerIntClear</name>
         <value>0x271b</value>
         <object_component_ref idref="oc-2b4"/>
      </symbol>
      <symbol id="sm-685">
         <name>UARTConfigSetExpClk</name>
         <value>0x2125</value>
         <object_component_ref idref="oc-e4"/>
      </symbol>
      <symbol id="sm-686">
         <name>UARTDisable</name>
         <value>0x2401</value>
         <object_component_ref idref="oc-1a1"/>
      </symbol>
      <symbol id="sm-687">
         <name>UARTIntEnable</name>
         <value>0x26f5</value>
         <object_component_ref idref="oc-227"/>
      </symbol>
      <symbol id="sm-688">
         <name>UARTCharsAvail</name>
         <value>0x2657</value>
         <object_component_ref idref="oc-24b"/>
      </symbol>
      <symbol id="sm-689">
         <name>UARTCharGetNonBlocking</name>
         <value>0x2649</value>
         <object_component_ref idref="oc-245"/>
      </symbol>
      <symbol id="sm-68a">
         <name>UARTCharPut</name>
         <value>0x26cf</value>
         <object_component_ref idref="oc-f0"/>
      </symbol>
      <symbol id="sm-68b">
         <name>UARTEnableSIR</name>
         <value>0x25a1</value>
         <object_component_ref idref="oc-251"/>
      </symbol>
      <symbol id="sm-68c">
         <name>UARTEnable</name>
         <value>0x258d</value>
         <object_component_ref idref="oc-ea"/>
      </symbol>
      <symbol id="sm-68d">
         <name>UARTFIFOEnable</name>
         <value>0x26d9</value>
         <object_component_ref idref="oc-21b"/>
      </symbol>
      <symbol id="sm-68e">
         <name>UARTIntClear</name>
         <value>0x271f</value>
         <object_component_ref idref="oc-23f"/>
      </symbol>
      <symbol id="sm-68f">
         <name>UARTIntStatus</name>
         <value>0x26e3</value>
         <object_component_ref idref="oc-239"/>
      </symbol>
      <symbol id="sm-690">
         <name>UARTCharGet</name>
         <value>0x26c5</value>
         <object_component_ref idref="oc-f6"/>
      </symbol>
      <symbol id="sm-691">
         <name>UARTFIFOLevelSet</name>
         <value>0x2715</value>
         <object_component_ref idref="oc-221"/>
      </symbol>
      <symbol id="sm-692">
         <name>UARTIntRegister</name>
         <value>0x24dd</value>
         <object_component_ref idref="oc-233"/>
      </symbol>
      <symbol id="sm-69c">
         <name>CPUcpsie</name>
         <value>0x2673</value>
         <object_component_ref idref="oc-34b"/>
      </symbol>
      <symbol id="sm-69d">
         <name>__TI_static_base__</name>
         <value>0x0</value>
      </symbol>
      <symbol id="sm-6a0">
         <name>__mpu_init</name>
         <value>0x0</value>
      </symbol>
      <symbol id="sm-6a1">
         <name>_system_post_cinit</name>
         <value>0x0</value>
      </symbol>
      <symbol id="sm-6a2">
         <name>_ZSt17__throw_bad_allocv</name>
         <value>0x2727</value>
      </symbol>
   </symbol_table>
   <title>Link successful</title>
</link_info>
